+ OPENSSL_VERSION=1.1.1q
+ doit
+ build_openssl
+ cd /build
+ curl -LOk https://www.openssl.org/source/openssl-1.1.1q.tar.gz
  % Total    % Received % Xferd  Average Speed   Time    Time     Time  Current
                                 Dload  Upload   Total   Spent    Left  Speed
  0     0    0     0    0     0      0      0 --:--:-- --:--:-- --:--:--     0100   169  100   169    0     0    358      0 --:--:-- --:--:-- --:--:--   360
  0     0    0     0    0     0      0      0 --:--:-- --:--:-- --:--:--     0
 12 9632k   12 1231k    0     0  1395k      0  0:00:06 --:--:--  0:00:06 1395k 96 9632k   96 9329k    0     0  4951k      0  0:00:01  0:00:01 --:--:-- 8089k100 9632k  100 9632k    0     0  5037k      0  0:00:01  0:00:01 --:--:-- 8156k
+ tar zxvf openssl-1.1.1q.tar.gz
openssl-1.1.1q/
openssl-1.1.1q/ACKNOWLEDGEMENTS
openssl-1.1.1q/AUTHORS
openssl-1.1.1q/CHANGES
openssl-1.1.1q/CONTRIBUTING
openssl-1.1.1q/Configurations/
openssl-1.1.1q/Configurations/00-base-templates.conf
openssl-1.1.1q/Configurations/10-main.conf
openssl-1.1.1q/Configurations/15-android.conf
openssl-1.1.1q/Configurations/15-ios.conf
openssl-1.1.1q/Configurations/50-djgpp.conf
openssl-1.1.1q/Configurations/50-haiku.conf
openssl-1.1.1q/Configurations/50-masm.conf
openssl-1.1.1q/Configurations/50-win-onecore.conf
openssl-1.1.1q/Configurations/INTERNALS.Configure
openssl-1.1.1q/Configurations/README
openssl-1.1.1q/Configurations/README.design
openssl-1.1.1q/Configurations/common.tmpl
openssl-1.1.1q/Configurations/common0.tmpl
openssl-1.1.1q/Configurations/descrip.mms.tmpl
openssl-1.1.1q/Configurations/shared-info.pl
openssl-1.1.1q/Configurations/unix-Makefile.tmpl
openssl-1.1.1q/Configurations/unix-checker.pm
openssl-1.1.1q/Configurations/windows-checker.pm
openssl-1.1.1q/Configurations/windows-makefile.tmpl
openssl-1.1.1q/Configure
openssl-1.1.1q/FAQ
openssl-1.1.1q/INSTALL
openssl-1.1.1q/LICENSE
openssl-1.1.1q/NEWS
openssl-1.1.1q/NOTES.ANDROID
openssl-1.1.1q/NOTES.DJGPP
openssl-1.1.1q/NOTES.PERL
openssl-1.1.1q/NOTES.UNIX
openssl-1.1.1q/NOTES.VMS
openssl-1.1.1q/NOTES.WIN
openssl-1.1.1q/README
openssl-1.1.1q/README.ENGINE
openssl-1.1.1q/README.FIPS
openssl-1.1.1q/VMS/
openssl-1.1.1q/VMS/VMSify-conf.pl
openssl-1.1.1q/VMS/engine.opt
openssl-1.1.1q/VMS/msg_install.com
openssl-1.1.1q/VMS/msg_staging.com
openssl-1.1.1q/VMS/openssl_ivp.com.in
openssl-1.1.1q/VMS/openssl_shutdown.com.in
openssl-1.1.1q/VMS/openssl_startup.com.in
openssl-1.1.1q/VMS/openssl_utils.com.in
openssl-1.1.1q/VMS/test-includes.com
openssl-1.1.1q/VMS/translatesyms.pl
openssl-1.1.1q/apps/
openssl-1.1.1q/apps/CA.pl.in
openssl-1.1.1q/apps/app_rand.c
openssl-1.1.1q/apps/apps.c
openssl-1.1.1q/apps/apps.h
openssl-1.1.1q/apps/asn1pars.c
openssl-1.1.1q/apps/bf_prefix.c
openssl-1.1.1q/apps/build.info
openssl-1.1.1q/apps/ca-cert.srl
openssl-1.1.1q/apps/ca-key.pem
openssl-1.1.1q/apps/ca-req.pem
openssl-1.1.1q/apps/ca.c
openssl-1.1.1q/apps/cert.pem
openssl-1.1.1q/apps/ciphers.c
openssl-1.1.1q/apps/client.pem
openssl-1.1.1q/apps/cms.c
openssl-1.1.1q/apps/crl.c
openssl-1.1.1q/apps/crl2p7.c
openssl-1.1.1q/apps/ct_log_list.cnf
openssl-1.1.1q/apps/demoSRP/
openssl-1.1.1q/apps/demoSRP/srp_verifier.txt
openssl-1.1.1q/apps/demoSRP/srp_verifier.txt.attr
openssl-1.1.1q/apps/dgst.c
openssl-1.1.1q/apps/dh1024.pem
openssl-1.1.1q/apps/dh2048.pem
openssl-1.1.1q/apps/dh4096.pem
openssl-1.1.1q/apps/dhparam.c
openssl-1.1.1q/apps/dsa-ca.pem
openssl-1.1.1q/apps/dsa-pca.pem
openssl-1.1.1q/apps/dsa.c
openssl-1.1.1q/apps/dsa1024.pem
openssl-1.1.1q/apps/dsa512.pem
openssl-1.1.1q/apps/dsap.pem
openssl-1.1.1q/apps/dsaparam.c
openssl-1.1.1q/apps/ec.c
openssl-1.1.1q/apps/ecparam.c
openssl-1.1.1q/apps/enc.c
openssl-1.1.1q/apps/engine.c
openssl-1.1.1q/apps/errstr.c
openssl-1.1.1q/apps/gendsa.c
openssl-1.1.1q/apps/genpkey.c
openssl-1.1.1q/apps/genrsa.c
openssl-1.1.1q/apps/nseq.c
openssl-1.1.1q/apps/ocsp.c
openssl-1.1.1q/apps/openssl-vms.cnf
openssl-1.1.1q/apps/openssl.c
openssl-1.1.1q/apps/openssl.cnf
openssl-1.1.1q/apps/opt.c
openssl-1.1.1q/apps/passwd.c
openssl-1.1.1q/apps/pca-cert.srl
openssl-1.1.1q/apps/pca-key.pem
openssl-1.1.1q/apps/pca-req.pem
openssl-1.1.1q/apps/pkcs12.c
openssl-1.1.1q/apps/pkcs7.c
openssl-1.1.1q/apps/pkcs8.c
openssl-1.1.1q/apps/pkey.c
openssl-1.1.1q/apps/pkeyparam.c
openssl-1.1.1q/apps/pkeyutl.c
openssl-1.1.1q/apps/prime.c
openssl-1.1.1q/apps/privkey.pem
openssl-1.1.1q/apps/progs.pl
openssl-1.1.1q/apps/rand.c
openssl-1.1.1q/apps/rehash.c
openssl-1.1.1q/apps/req.c
openssl-1.1.1q/apps/req.pem
openssl-1.1.1q/apps/rsa.c
openssl-1.1.1q/apps/rsa8192.pem
openssl-1.1.1q/apps/rsautl.c
openssl-1.1.1q/apps/s1024key.pem
openssl-1.1.1q/apps/s1024req.pem
openssl-1.1.1q/apps/s512-key.pem
openssl-1.1.1q/apps/s512-req.pem
openssl-1.1.1q/apps/s_apps.h
openssl-1.1.1q/apps/s_cb.c
openssl-1.1.1q/apps/s_client.c
openssl-1.1.1q/apps/s_server.c
openssl-1.1.1q/apps/s_socket.c
openssl-1.1.1q/apps/s_time.c
openssl-1.1.1q/apps/server.pem
openssl-1.1.1q/apps/server.srl
openssl-1.1.1q/apps/server2.pem
openssl-1.1.1q/apps/sess_id.c
openssl-1.1.1q/apps/smime.c
openssl-1.1.1q/apps/speed.c
openssl-1.1.1q/apps/spkac.c
openssl-1.1.1q/apps/srp.c
openssl-1.1.1q/apps/storeutl.c
openssl-1.1.1q/apps/testCA.pem
openssl-1.1.1q/apps/testdsa.h
openssl-1.1.1q/apps/testrsa.h
openssl-1.1.1q/apps/timeouts.h
openssl-1.1.1q/apps/ts.c
openssl-1.1.1q/apps/tsget.in
openssl-1.1.1q/apps/verify.c
openssl-1.1.1q/apps/version.c
openssl-1.1.1q/apps/vms_decc_argv.c
openssl-1.1.1q/apps/vms_decc_init.c
openssl-1.1.1q/apps/vms_term_sock.c
openssl-1.1.1q/apps/vms_term_sock.h
openssl-1.1.1q/apps/win32_init.c
openssl-1.1.1q/apps/x509.c
openssl-1.1.1q/appveyor.yml
openssl-1.1.1q/build.info
openssl-1.1.1q/config
openssl-1.1.1q/config.com
openssl-1.1.1q/crypto/
openssl-1.1.1q/crypto/LPdir_nyi.c
openssl-1.1.1q/crypto/LPdir_unix.c
openssl-1.1.1q/crypto/LPdir_vms.c
openssl-1.1.1q/crypto/LPdir_win.c
openssl-1.1.1q/crypto/LPdir_win32.c
openssl-1.1.1q/crypto/LPdir_wince.c
openssl-1.1.1q/crypto/aes/
openssl-1.1.1q/crypto/aes/aes_cbc.c
openssl-1.1.1q/crypto/aes/aes_cfb.c
openssl-1.1.1q/crypto/aes/aes_core.c
openssl-1.1.1q/crypto/aes/aes_ecb.c
openssl-1.1.1q/crypto/aes/aes_ige.c
openssl-1.1.1q/crypto/aes/aes_local.h
openssl-1.1.1q/crypto/aes/aes_misc.c
openssl-1.1.1q/crypto/aes/aes_ofb.c
openssl-1.1.1q/crypto/aes/aes_wrap.c
openssl-1.1.1q/crypto/aes/aes_x86core.c
openssl-1.1.1q/crypto/aes/asm/
openssl-1.1.1q/crypto/aes/asm/aes-armv4.pl
openssl-1.1.1q/crypto/aes/asm/aes-c64xplus.pl
openssl-1.1.1q/crypto/aes/asm/aes-ia64.S
openssl-1.1.1q/crypto/aes/asm/aes-mips.pl
openssl-1.1.1q/crypto/aes/asm/aes-parisc.pl
openssl-1.1.1q/crypto/aes/asm/aes-ppc.pl
openssl-1.1.1q/crypto/aes/asm/aes-s390x.pl
openssl-1.1.1q/crypto/aes/asm/aes-sparcv9.pl
openssl-1.1.1q/crypto/aes/asm/aesfx-sparcv9.pl
openssl-1.1.1q/crypto/aes/asm/aesni-mb-x86_64.pl
openssl-1.1.1q/crypto/aes/asm/aesni-sha1-x86_64.pl
openssl-1.1.1q/crypto/aes/asm/aesni-sha256-x86_64.pl
openssl-1.1.1q/crypto/aes/asm/aesni-x86.pl
openssl-1.1.1q/crypto/aes/asm/aesni-x86_64.pl
openssl-1.1.1q/crypto/aes/asm/aesp8-ppc.pl
openssl-1.1.1q/crypto/aes/asm/aest4-sparcv9.pl
openssl-1.1.1q/crypto/aes/asm/aesv8-armx.pl
openssl-1.1.1q/crypto/aes/asm/bsaes-armv7.pl
openssl-1.1.1q/crypto/aes/asm/vpaes-armv8.pl
openssl-1.1.1q/crypto/aes/asm/vpaes-ppc.pl
openssl-1.1.1q/crypto/aes/asm/vpaes-x86.pl
openssl-1.1.1q/crypto/aes/asm/vpaes-x86_64.pl
openssl-1.1.1q/crypto/aes/build.info
openssl-1.1.1q/crypto/alphacpuid.pl
openssl-1.1.1q/crypto/aria/
openssl-1.1.1q/crypto/aria/aria.c
openssl-1.1.1q/crypto/aria/build.info
openssl-1.1.1q/crypto/arm64cpuid.pl
openssl-1.1.1q/crypto/arm_arch.h
openssl-1.1.1q/crypto/armcap.c
openssl-1.1.1q/crypto/armv4cpuid.pl
openssl-1.1.1q/crypto/asn1/
openssl-1.1.1q/crypto/asn1/a_bitstr.c
openssl-1.1.1q/crypto/asn1/a_d2i_fp.c
openssl-1.1.1q/crypto/asn1/a_digest.c
openssl-1.1.1q/crypto/asn1/a_dup.c
openssl-1.1.1q/crypto/asn1/a_gentm.c
openssl-1.1.1q/crypto/asn1/a_i2d_fp.c
openssl-1.1.1q/crypto/asn1/a_int.c
openssl-1.1.1q/crypto/asn1/a_mbstr.c
openssl-1.1.1q/crypto/asn1/a_object.c
openssl-1.1.1q/crypto/asn1/a_octet.c
openssl-1.1.1q/crypto/asn1/a_print.c
openssl-1.1.1q/crypto/asn1/a_sign.c
openssl-1.1.1q/crypto/asn1/a_strex.c
openssl-1.1.1q/crypto/asn1/a_strnid.c
openssl-1.1.1q/crypto/asn1/a_time.c
openssl-1.1.1q/crypto/asn1/a_type.c
openssl-1.1.1q/crypto/asn1/a_utctm.c
openssl-1.1.1q/crypto/asn1/a_utf8.c
openssl-1.1.1q/crypto/asn1/a_verify.c
openssl-1.1.1q/crypto/asn1/ameth_lib.c
openssl-1.1.1q/crypto/asn1/asn1_err.c
openssl-1.1.1q/crypto/asn1/asn1_gen.c
openssl-1.1.1q/crypto/asn1/asn1_item_list.c
openssl-1.1.1q/crypto/asn1/asn1_item_list.h
openssl-1.1.1q/crypto/asn1/asn1_lib.c
openssl-1.1.1q/crypto/asn1/asn1_local.h
openssl-1.1.1q/crypto/asn1/asn1_par.c
openssl-1.1.1q/crypto/asn1/asn_mime.c
openssl-1.1.1q/crypto/asn1/asn_moid.c
openssl-1.1.1q/crypto/asn1/asn_mstbl.c
openssl-1.1.1q/crypto/asn1/asn_pack.c
openssl-1.1.1q/crypto/asn1/bio_asn1.c
openssl-1.1.1q/crypto/asn1/bio_ndef.c
openssl-1.1.1q/crypto/asn1/build.info
openssl-1.1.1q/crypto/asn1/charmap.h
openssl-1.1.1q/crypto/asn1/charmap.pl
openssl-1.1.1q/crypto/asn1/d2i_pr.c
openssl-1.1.1q/crypto/asn1/d2i_pu.c
openssl-1.1.1q/crypto/asn1/evp_asn1.c
openssl-1.1.1q/crypto/asn1/f_int.c
openssl-1.1.1q/crypto/asn1/f_string.c
openssl-1.1.1q/crypto/asn1/i2d_pr.c
openssl-1.1.1q/crypto/asn1/i2d_pu.c
openssl-1.1.1q/crypto/asn1/n_pkey.c
openssl-1.1.1q/crypto/asn1/nsseq.c
openssl-1.1.1q/crypto/asn1/p5_pbe.c
openssl-1.1.1q/crypto/asn1/p5_pbev2.c
openssl-1.1.1q/crypto/asn1/p5_scrypt.c
openssl-1.1.1q/crypto/asn1/p8_pkey.c
openssl-1.1.1q/crypto/asn1/standard_methods.h
openssl-1.1.1q/crypto/asn1/t_bitst.c
openssl-1.1.1q/crypto/asn1/t_pkey.c
openssl-1.1.1q/crypto/asn1/t_spki.c
openssl-1.1.1q/crypto/asn1/tasn_dec.c
openssl-1.1.1q/crypto/asn1/tasn_enc.c
openssl-1.1.1q/crypto/asn1/tasn_fre.c
openssl-1.1.1q/crypto/asn1/tasn_new.c
openssl-1.1.1q/crypto/asn1/tasn_prn.c
openssl-1.1.1q/crypto/asn1/tasn_scn.c
openssl-1.1.1q/crypto/asn1/tasn_typ.c
openssl-1.1.1q/crypto/asn1/tasn_utl.c
openssl-1.1.1q/crypto/asn1/tbl_standard.h
openssl-1.1.1q/crypto/asn1/x_algor.c
openssl-1.1.1q/crypto/asn1/x_bignum.c
openssl-1.1.1q/crypto/asn1/x_info.c
openssl-1.1.1q/crypto/asn1/x_int64.c
openssl-1.1.1q/crypto/asn1/x_long.c
openssl-1.1.1q/crypto/asn1/x_pkey.c
openssl-1.1.1q/crypto/asn1/x_sig.c
openssl-1.1.1q/crypto/asn1/x_spki.c
openssl-1.1.1q/crypto/asn1/x_val.c
openssl-1.1.1q/crypto/async/
openssl-1.1.1q/crypto/async/arch/
openssl-1.1.1q/crypto/async/arch/async_null.c
openssl-1.1.1q/crypto/async/arch/async_null.h
openssl-1.1.1q/crypto/async/arch/async_posix.c
openssl-1.1.1q/crypto/async/arch/async_posix.h
openssl-1.1.1q/crypto/async/arch/async_win.c
openssl-1.1.1q/crypto/async/arch/async_win.h
openssl-1.1.1q/crypto/async/async.c
openssl-1.1.1q/crypto/async/async_err.c
openssl-1.1.1q/crypto/async/async_local.h
openssl-1.1.1q/crypto/async/async_wait.c
openssl-1.1.1q/crypto/async/build.info
openssl-1.1.1q/crypto/bf/
openssl-1.1.1q/crypto/bf/asm/
openssl-1.1.1q/crypto/bf/asm/bf-586.pl
openssl-1.1.1q/crypto/bf/bf_cfb64.c
openssl-1.1.1q/crypto/bf/bf_ecb.c
openssl-1.1.1q/crypto/bf/bf_enc.c
openssl-1.1.1q/crypto/bf/bf_local.h
openssl-1.1.1q/crypto/bf/bf_ofb64.c
openssl-1.1.1q/crypto/bf/bf_pi.h
openssl-1.1.1q/crypto/bf/bf_skey.c
openssl-1.1.1q/crypto/bf/build.info
openssl-1.1.1q/crypto/bio/
openssl-1.1.1q/crypto/bio/b_addr.c
openssl-1.1.1q/crypto/bio/b_dump.c
openssl-1.1.1q/crypto/bio/b_print.c
openssl-1.1.1q/crypto/bio/b_sock.c
openssl-1.1.1q/crypto/bio/b_sock2.c
openssl-1.1.1q/crypto/bio/bf_buff.c
openssl-1.1.1q/crypto/bio/bf_lbuf.c
openssl-1.1.1q/crypto/bio/bf_nbio.c
openssl-1.1.1q/crypto/bio/bf_null.c
openssl-1.1.1q/crypto/bio/bio_cb.c
openssl-1.1.1q/crypto/bio/bio_err.c
openssl-1.1.1q/crypto/bio/bio_lib.c
openssl-1.1.1q/crypto/bio/bio_local.h
openssl-1.1.1q/crypto/bio/bio_meth.c
openssl-1.1.1q/crypto/bio/bss_acpt.c
openssl-1.1.1q/crypto/bio/bss_bio.c
openssl-1.1.1q/crypto/bio/bss_conn.c
openssl-1.1.1q/crypto/bio/bss_dgram.c
openssl-1.1.1q/crypto/bio/bss_fd.c
openssl-1.1.1q/crypto/bio/bss_file.c
openssl-1.1.1q/crypto/bio/bss_log.c
openssl-1.1.1q/crypto/bio/bss_mem.c
openssl-1.1.1q/crypto/bio/bss_null.c
openssl-1.1.1q/crypto/bio/bss_sock.c
openssl-1.1.1q/crypto/bio/build.info
openssl-1.1.1q/crypto/blake2/
openssl-1.1.1q/crypto/blake2/blake2_impl.h
openssl-1.1.1q/crypto/blake2/blake2_local.h
openssl-1.1.1q/crypto/blake2/blake2b.c
openssl-1.1.1q/crypto/blake2/blake2s.c
openssl-1.1.1q/crypto/blake2/build.info
openssl-1.1.1q/crypto/blake2/m_blake2b.c
openssl-1.1.1q/crypto/blake2/m_blake2s.c
openssl-1.1.1q/crypto/bn/
openssl-1.1.1q/crypto/bn/README.pod
openssl-1.1.1q/crypto/bn/asm/
openssl-1.1.1q/crypto/bn/asm/alpha-mont.pl
openssl-1.1.1q/crypto/bn/asm/armv4-gf2m.pl
openssl-1.1.1q/crypto/bn/asm/armv4-mont.pl
openssl-1.1.1q/crypto/bn/asm/armv8-mont.pl
openssl-1.1.1q/crypto/bn/asm/bn-586.pl
openssl-1.1.1q/crypto/bn/asm/bn-c64xplus.asm
openssl-1.1.1q/crypto/bn/asm/c64xplus-gf2m.pl
openssl-1.1.1q/crypto/bn/asm/co-586.pl
openssl-1.1.1q/crypto/bn/asm/ia64-mont.pl
openssl-1.1.1q/crypto/bn/asm/ia64.S
openssl-1.1.1q/crypto/bn/asm/mips-mont.pl
openssl-1.1.1q/crypto/bn/asm/mips.pl
openssl-1.1.1q/crypto/bn/asm/parisc-mont.pl
openssl-1.1.1q/crypto/bn/asm/ppc-mont.pl
openssl-1.1.1q/crypto/bn/asm/ppc.pl
openssl-1.1.1q/crypto/bn/asm/ppc64-mont.pl
openssl-1.1.1q/crypto/bn/asm/rsaz-avx2.pl
openssl-1.1.1q/crypto/bn/asm/rsaz-x86_64.pl
openssl-1.1.1q/crypto/bn/asm/s390x-gf2m.pl
openssl-1.1.1q/crypto/bn/asm/s390x-mont.pl
openssl-1.1.1q/crypto/bn/asm/s390x.S
openssl-1.1.1q/crypto/bn/asm/sparct4-mont.pl
openssl-1.1.1q/crypto/bn/asm/sparcv8.S
openssl-1.1.1q/crypto/bn/asm/sparcv8plus.S
openssl-1.1.1q/crypto/bn/asm/sparcv9-gf2m.pl
openssl-1.1.1q/crypto/bn/asm/sparcv9-mont.pl
openssl-1.1.1q/crypto/bn/asm/sparcv9a-mont.pl
openssl-1.1.1q/crypto/bn/asm/via-mont.pl
openssl-1.1.1q/crypto/bn/asm/vis3-mont.pl
openssl-1.1.1q/crypto/bn/asm/x86-gf2m.pl
openssl-1.1.1q/crypto/bn/asm/x86-mont.pl
openssl-1.1.1q/crypto/bn/asm/x86_64-gcc.c
openssl-1.1.1q/crypto/bn/asm/x86_64-gf2m.pl
openssl-1.1.1q/crypto/bn/asm/x86_64-mont.pl
openssl-1.1.1q/crypto/bn/asm/x86_64-mont5.pl
openssl-1.1.1q/crypto/bn/bn_add.c
openssl-1.1.1q/crypto/bn/bn_asm.c
openssl-1.1.1q/crypto/bn/bn_blind.c
openssl-1.1.1q/crypto/bn/bn_const.c
openssl-1.1.1q/crypto/bn/bn_ctx.c
openssl-1.1.1q/crypto/bn/bn_depr.c
openssl-1.1.1q/crypto/bn/bn_dh.c
openssl-1.1.1q/crypto/bn/bn_div.c
openssl-1.1.1q/crypto/bn/bn_err.c
openssl-1.1.1q/crypto/bn/bn_exp.c
openssl-1.1.1q/crypto/bn/bn_exp2.c
openssl-1.1.1q/crypto/bn/bn_gcd.c
openssl-1.1.1q/crypto/bn/bn_gf2m.c
openssl-1.1.1q/crypto/bn/bn_intern.c
openssl-1.1.1q/crypto/bn/bn_kron.c
openssl-1.1.1q/crypto/bn/bn_lib.c
openssl-1.1.1q/crypto/bn/bn_local.h
openssl-1.1.1q/crypto/bn/bn_mod.c
openssl-1.1.1q/crypto/bn/bn_mont.c
openssl-1.1.1q/crypto/bn/bn_mpi.c
openssl-1.1.1q/crypto/bn/bn_mul.c
openssl-1.1.1q/crypto/bn/bn_nist.c
openssl-1.1.1q/crypto/bn/bn_prime.c
openssl-1.1.1q/crypto/bn/bn_prime.h
openssl-1.1.1q/crypto/bn/bn_prime.pl
openssl-1.1.1q/crypto/bn/bn_print.c
openssl-1.1.1q/crypto/bn/bn_rand.c
openssl-1.1.1q/crypto/bn/bn_recp.c
openssl-1.1.1q/crypto/bn/bn_shift.c
openssl-1.1.1q/crypto/bn/bn_sqr.c
openssl-1.1.1q/crypto/bn/bn_sqrt.c
openssl-1.1.1q/crypto/bn/bn_srp.c
openssl-1.1.1q/crypto/bn/bn_word.c
openssl-1.1.1q/crypto/bn/bn_x931p.c
openssl-1.1.1q/crypto/bn/build.info
openssl-1.1.1q/crypto/bn/rsaz_exp.c
openssl-1.1.1q/crypto/bn/rsaz_exp.h
openssl-1.1.1q/crypto/buffer/
openssl-1.1.1q/crypto/buffer/buf_err.c
openssl-1.1.1q/crypto/buffer/buffer.c
openssl-1.1.1q/crypto/buffer/build.info
openssl-1.1.1q/crypto/build.info
openssl-1.1.1q/crypto/c64xpluscpuid.pl
openssl-1.1.1q/crypto/camellia/
openssl-1.1.1q/crypto/camellia/asm/
openssl-1.1.1q/crypto/camellia/asm/cmll-x86.pl
openssl-1.1.1q/crypto/camellia/asm/cmll-x86_64.pl
openssl-1.1.1q/crypto/camellia/asm/cmllt4-sparcv9.pl
openssl-1.1.1q/crypto/camellia/build.info
openssl-1.1.1q/crypto/camellia/camellia.c
openssl-1.1.1q/crypto/camellia/cmll_cbc.c
openssl-1.1.1q/crypto/camellia/cmll_cfb.c
openssl-1.1.1q/crypto/camellia/cmll_ctr.c
openssl-1.1.1q/crypto/camellia/cmll_ecb.c
openssl-1.1.1q/crypto/camellia/cmll_local.h
openssl-1.1.1q/crypto/camellia/cmll_misc.c
openssl-1.1.1q/crypto/camellia/cmll_ofb.c
openssl-1.1.1q/crypto/cast/
openssl-1.1.1q/crypto/cast/asm/
openssl-1.1.1q/crypto/cast/asm/cast-586.pl
openssl-1.1.1q/crypto/cast/build.info
openssl-1.1.1q/crypto/cast/c_cfb64.c
openssl-1.1.1q/crypto/cast/c_ecb.c
openssl-1.1.1q/crypto/cast/c_enc.c
openssl-1.1.1q/crypto/cast/c_ofb64.c
openssl-1.1.1q/crypto/cast/c_skey.c
openssl-1.1.1q/crypto/cast/cast_local.h
openssl-1.1.1q/crypto/cast/cast_s.h
openssl-1.1.1q/crypto/chacha/
openssl-1.1.1q/crypto/chacha/asm/
openssl-1.1.1q/crypto/chacha/asm/chacha-armv4.pl
openssl-1.1.1q/crypto/chacha/asm/chacha-armv8.pl
openssl-1.1.1q/crypto/chacha/asm/chacha-c64xplus.pl
openssl-1.1.1q/crypto/chacha/asm/chacha-ppc.pl
openssl-1.1.1q/crypto/chacha/asm/chacha-s390x.pl
openssl-1.1.1q/crypto/chacha/asm/chacha-x86.pl
openssl-1.1.1q/crypto/chacha/asm/chacha-x86_64.pl
openssl-1.1.1q/crypto/chacha/build.info
openssl-1.1.1q/crypto/chacha/chacha_enc.c
openssl-1.1.1q/crypto/cmac/
openssl-1.1.1q/crypto/cmac/build.info
openssl-1.1.1q/crypto/cmac/cm_ameth.c
openssl-1.1.1q/crypto/cmac/cm_pmeth.c
openssl-1.1.1q/crypto/cmac/cmac.c
openssl-1.1.1q/crypto/cms/
openssl-1.1.1q/crypto/cms/build.info
openssl-1.1.1q/crypto/cms/cms_asn1.c
openssl-1.1.1q/crypto/cms/cms_att.c
openssl-1.1.1q/crypto/cms/cms_cd.c
openssl-1.1.1q/crypto/cms/cms_dd.c
openssl-1.1.1q/crypto/cms/cms_enc.c
openssl-1.1.1q/crypto/cms/cms_env.c
openssl-1.1.1q/crypto/cms/cms_err.c
openssl-1.1.1q/crypto/cms/cms_ess.c
openssl-1.1.1q/crypto/cms/cms_io.c
openssl-1.1.1q/crypto/cms/cms_kari.c
openssl-1.1.1q/crypto/cms/cms_lib.c
openssl-1.1.1q/crypto/cms/cms_local.h
openssl-1.1.1q/crypto/cms/cms_pwri.c
openssl-1.1.1q/crypto/cms/cms_sd.c
openssl-1.1.1q/crypto/cms/cms_smime.c
openssl-1.1.1q/crypto/comp/
openssl-1.1.1q/crypto/comp/build.info
openssl-1.1.1q/crypto/comp/c_zlib.c
openssl-1.1.1q/crypto/comp/comp_err.c
openssl-1.1.1q/crypto/comp/comp_lib.c
openssl-1.1.1q/crypto/comp/comp_local.h
openssl-1.1.1q/crypto/conf/
openssl-1.1.1q/crypto/conf/build.info
openssl-1.1.1q/crypto/conf/conf_api.c
openssl-1.1.1q/crypto/conf/conf_def.c
openssl-1.1.1q/crypto/conf/conf_def.h
openssl-1.1.1q/crypto/conf/conf_err.c
openssl-1.1.1q/crypto/conf/conf_lib.c
openssl-1.1.1q/crypto/conf/conf_local.h
openssl-1.1.1q/crypto/conf/conf_mall.c
openssl-1.1.1q/crypto/conf/conf_mod.c
openssl-1.1.1q/crypto/conf/conf_sap.c
openssl-1.1.1q/crypto/conf/conf_ssl.c
openssl-1.1.1q/crypto/conf/keysets.pl
openssl-1.1.1q/crypto/cpt_err.c
openssl-1.1.1q/crypto/cryptlib.c
openssl-1.1.1q/crypto/ct/
openssl-1.1.1q/crypto/ct/build.info
openssl-1.1.1q/crypto/ct/ct_b64.c
openssl-1.1.1q/crypto/ct/ct_err.c
openssl-1.1.1q/crypto/ct/ct_local.h
openssl-1.1.1q/crypto/ct/ct_log.c
openssl-1.1.1q/crypto/ct/ct_oct.c
openssl-1.1.1q/crypto/ct/ct_policy.c
openssl-1.1.1q/crypto/ct/ct_prn.c
openssl-1.1.1q/crypto/ct/ct_sct.c
openssl-1.1.1q/crypto/ct/ct_sct_ctx.c
openssl-1.1.1q/crypto/ct/ct_vfy.c
openssl-1.1.1q/crypto/ct/ct_x509v3.c
openssl-1.1.1q/crypto/ctype.c
openssl-1.1.1q/crypto/cversion.c
openssl-1.1.1q/crypto/des/
openssl-1.1.1q/crypto/des/asm/
openssl-1.1.1q/crypto/des/asm/crypt586.pl
openssl-1.1.1q/crypto/des/asm/des-586.pl
openssl-1.1.1q/crypto/des/asm/des_enc.m4
openssl-1.1.1q/crypto/des/asm/desboth.pl
openssl-1.1.1q/crypto/des/asm/dest4-sparcv9.pl
openssl-1.1.1q/crypto/des/build.info
openssl-1.1.1q/crypto/des/cbc_cksm.c
openssl-1.1.1q/crypto/des/cbc_enc.c
openssl-1.1.1q/crypto/des/cfb64ede.c
openssl-1.1.1q/crypto/des/cfb64enc.c
openssl-1.1.1q/crypto/des/cfb_enc.c
openssl-1.1.1q/crypto/des/des_enc.c
openssl-1.1.1q/crypto/des/des_local.h
openssl-1.1.1q/crypto/des/ecb3_enc.c
openssl-1.1.1q/crypto/des/ecb_enc.c
openssl-1.1.1q/crypto/des/fcrypt.c
openssl-1.1.1q/crypto/des/fcrypt_b.c
openssl-1.1.1q/crypto/des/ncbc_enc.c
openssl-1.1.1q/crypto/des/ofb64ede.c
openssl-1.1.1q/crypto/des/ofb64enc.c
openssl-1.1.1q/crypto/des/ofb_enc.c
openssl-1.1.1q/crypto/des/pcbc_enc.c
openssl-1.1.1q/crypto/des/qud_cksm.c
openssl-1.1.1q/crypto/des/rand_key.c
openssl-1.1.1q/crypto/des/set_key.c
openssl-1.1.1q/crypto/des/spr.h
openssl-1.1.1q/crypto/des/str2key.c
openssl-1.1.1q/crypto/des/xcbc_enc.c
openssl-1.1.1q/crypto/dh/
openssl-1.1.1q/crypto/dh/build.info
openssl-1.1.1q/crypto/dh/dh1024.pem
openssl-1.1.1q/crypto/dh/dh192.pem
openssl-1.1.1q/crypto/dh/dh2048.pem
openssl-1.1.1q/crypto/dh/dh4096.pem
openssl-1.1.1q/crypto/dh/dh512.pem
openssl-1.1.1q/crypto/dh/dh_ameth.c
openssl-1.1.1q/crypto/dh/dh_asn1.c
openssl-1.1.1q/crypto/dh/dh_check.c
openssl-1.1.1q/crypto/dh/dh_depr.c
openssl-1.1.1q/crypto/dh/dh_err.c
openssl-1.1.1q/crypto/dh/dh_gen.c
openssl-1.1.1q/crypto/dh/dh_kdf.c
openssl-1.1.1q/crypto/dh/dh_key.c
openssl-1.1.1q/crypto/dh/dh_lib.c
openssl-1.1.1q/crypto/dh/dh_local.h
openssl-1.1.1q/crypto/dh/dh_meth.c
openssl-1.1.1q/crypto/dh/dh_pmeth.c
openssl-1.1.1q/crypto/dh/dh_prn.c
openssl-1.1.1q/crypto/dh/dh_rfc5114.c
openssl-1.1.1q/crypto/dh/dh_rfc7919.c
openssl-1.1.1q/crypto/dllmain.c
openssl-1.1.1q/crypto/dsa/
openssl-1.1.1q/crypto/dsa/build.info
openssl-1.1.1q/crypto/dsa/dsa_ameth.c
openssl-1.1.1q/crypto/dsa/dsa_asn1.c
openssl-1.1.1q/crypto/dsa/dsa_depr.c
openssl-1.1.1q/crypto/dsa/dsa_err.c
openssl-1.1.1q/crypto/dsa/dsa_gen.c
openssl-1.1.1q/crypto/dsa/dsa_key.c
openssl-1.1.1q/crypto/dsa/dsa_lib.c
openssl-1.1.1q/crypto/dsa/dsa_local.h
openssl-1.1.1q/crypto/dsa/dsa_meth.c
openssl-1.1.1q/crypto/dsa/dsa_ossl.c
openssl-1.1.1q/crypto/dsa/dsa_pmeth.c
openssl-1.1.1q/crypto/dsa/dsa_prn.c
openssl-1.1.1q/crypto/dsa/dsa_sign.c
openssl-1.1.1q/crypto/dsa/dsa_vrf.c
openssl-1.1.1q/crypto/dso/
openssl-1.1.1q/crypto/dso/build.info
openssl-1.1.1q/crypto/dso/dso_dl.c
openssl-1.1.1q/crypto/dso/dso_dlfcn.c
openssl-1.1.1q/crypto/dso/dso_err.c
openssl-1.1.1q/crypto/dso/dso_lib.c
openssl-1.1.1q/crypto/dso/dso_local.h
openssl-1.1.1q/crypto/dso/dso_openssl.c
openssl-1.1.1q/crypto/dso/dso_vms.c
openssl-1.1.1q/crypto/dso/dso_win32.c
openssl-1.1.1q/crypto/ebcdic.c
openssl-1.1.1q/crypto/ec/
openssl-1.1.1q/crypto/ec/asm/
openssl-1.1.1q/crypto/ec/asm/ecp_nistz256-armv4.pl
openssl-1.1.1q/crypto/ec/asm/ecp_nistz256-armv8.pl
openssl-1.1.1q/crypto/ec/asm/ecp_nistz256-ppc64.pl
openssl-1.1.1q/crypto/ec/asm/ecp_nistz256-sparcv9.pl
openssl-1.1.1q/crypto/ec/asm/ecp_nistz256-x86.pl
openssl-1.1.1q/crypto/ec/asm/ecp_nistz256-x86_64.pl
openssl-1.1.1q/crypto/ec/asm/x25519-ppc64.pl
openssl-1.1.1q/crypto/ec/asm/x25519-x86_64.pl
openssl-1.1.1q/crypto/ec/build.info
openssl-1.1.1q/crypto/ec/curve25519.c
openssl-1.1.1q/crypto/ec/curve448/
openssl-1.1.1q/crypto/ec/curve448/arch_32/
openssl-1.1.1q/crypto/ec/curve448/arch_32/arch_intrinsics.h
openssl-1.1.1q/crypto/ec/curve448/arch_32/f_impl.c
openssl-1.1.1q/crypto/ec/curve448/arch_32/f_impl.h
openssl-1.1.1q/crypto/ec/curve448/curve448.c
openssl-1.1.1q/crypto/ec/curve448/curve448_local.h
openssl-1.1.1q/crypto/ec/curve448/curve448_tables.c
openssl-1.1.1q/crypto/ec/curve448/curve448utils.h
openssl-1.1.1q/crypto/ec/curve448/ed448.h
openssl-1.1.1q/crypto/ec/curve448/eddsa.c
openssl-1.1.1q/crypto/ec/curve448/f_generic.c
openssl-1.1.1q/crypto/ec/curve448/field.h
openssl-1.1.1q/crypto/ec/curve448/point_448.h
openssl-1.1.1q/crypto/ec/curve448/scalar.c
openssl-1.1.1q/crypto/ec/curve448/word.h
openssl-1.1.1q/crypto/ec/ec2_oct.c
openssl-1.1.1q/crypto/ec/ec2_smpl.c
openssl-1.1.1q/crypto/ec/ec_ameth.c
openssl-1.1.1q/crypto/ec/ec_asn1.c
openssl-1.1.1q/crypto/ec/ec_check.c
openssl-1.1.1q/crypto/ec/ec_curve.c
openssl-1.1.1q/crypto/ec/ec_cvt.c
openssl-1.1.1q/crypto/ec/ec_err.c
openssl-1.1.1q/crypto/ec/ec_key.c
openssl-1.1.1q/crypto/ec/ec_kmeth.c
openssl-1.1.1q/crypto/ec/ec_lib.c
openssl-1.1.1q/crypto/ec/ec_local.h
openssl-1.1.1q/crypto/ec/ec_mult.c
openssl-1.1.1q/crypto/ec/ec_oct.c
openssl-1.1.1q/crypto/ec/ec_pmeth.c
openssl-1.1.1q/crypto/ec/ec_print.c
openssl-1.1.1q/crypto/ec/ecdh_kdf.c
openssl-1.1.1q/crypto/ec/ecdh_ossl.c
openssl-1.1.1q/crypto/ec/ecdsa_ossl.c
openssl-1.1.1q/crypto/ec/ecdsa_sign.c
openssl-1.1.1q/crypto/ec/ecdsa_vrf.c
openssl-1.1.1q/crypto/ec/eck_prn.c
openssl-1.1.1q/crypto/ec/ecp_mont.c
openssl-1.1.1q/crypto/ec/ecp_nist.c
openssl-1.1.1q/crypto/ec/ecp_nistp224.c
openssl-1.1.1q/crypto/ec/ecp_nistp256.c
openssl-1.1.1q/crypto/ec/ecp_nistp521.c
openssl-1.1.1q/crypto/ec/ecp_nistputil.c
openssl-1.1.1q/crypto/ec/ecp_nistz256.c
openssl-1.1.1q/crypto/ec/ecp_nistz256_table.c
openssl-1.1.1q/crypto/ec/ecp_oct.c
openssl-1.1.1q/crypto/ec/ecp_smpl.c
openssl-1.1.1q/crypto/ec/ecx_meth.c
openssl-1.1.1q/crypto/engine/
openssl-1.1.1q/crypto/engine/README
openssl-1.1.1q/crypto/engine/build.info
openssl-1.1.1q/crypto/engine/eng_all.c
openssl-1.1.1q/crypto/engine/eng_cnf.c
openssl-1.1.1q/crypto/engine/eng_ctrl.c
openssl-1.1.1q/crypto/engine/eng_devcrypto.c
openssl-1.1.1q/crypto/engine/eng_dyn.c
openssl-1.1.1q/crypto/engine/eng_err.c
openssl-1.1.1q/crypto/engine/eng_fat.c
openssl-1.1.1q/crypto/engine/eng_init.c
openssl-1.1.1q/crypto/engine/eng_lib.c
openssl-1.1.1q/crypto/engine/eng_list.c
openssl-1.1.1q/crypto/engine/eng_local.h
openssl-1.1.1q/crypto/engine/eng_openssl.c
openssl-1.1.1q/crypto/engine/eng_pkey.c
openssl-1.1.1q/crypto/engine/eng_rdrand.c
openssl-1.1.1q/crypto/engine/eng_table.c
openssl-1.1.1q/crypto/engine/tb_asnmth.c
openssl-1.1.1q/crypto/engine/tb_cipher.c
openssl-1.1.1q/crypto/engine/tb_dh.c
openssl-1.1.1q/crypto/engine/tb_digest.c
openssl-1.1.1q/crypto/engine/tb_dsa.c
openssl-1.1.1q/crypto/engine/tb_eckey.c
openssl-1.1.1q/crypto/engine/tb_pkmeth.c
openssl-1.1.1q/crypto/engine/tb_rand.c
openssl-1.1.1q/crypto/engine/tb_rsa.c
openssl-1.1.1q/crypto/err/
openssl-1.1.1q/crypto/err/README
openssl-1.1.1q/crypto/err/build.info
openssl-1.1.1q/crypto/err/err.c
openssl-1.1.1q/crypto/err/err_all.c
openssl-1.1.1q/crypto/err/err_prn.c
openssl-1.1.1q/crypto/err/openssl.ec
openssl-1.1.1q/crypto/err/openssl.txt
openssl-1.1.1q/crypto/evp/
openssl-1.1.1q/crypto/evp/bio_b64.c
openssl-1.1.1q/crypto/evp/bio_enc.c
openssl-1.1.1q/crypto/evp/bio_md.c
openssl-1.1.1q/crypto/evp/bio_ok.c
openssl-1.1.1q/crypto/evp/build.info
openssl-1.1.1q/crypto/evp/c_allc.c
openssl-1.1.1q/crypto/evp/c_alld.c
openssl-1.1.1q/crypto/evp/cmeth_lib.c
openssl-1.1.1q/crypto/evp/digest.c
openssl-1.1.1q/crypto/evp/e_aes.c
openssl-1.1.1q/crypto/evp/e_aes_cbc_hmac_sha1.c
openssl-1.1.1q/crypto/evp/e_aes_cbc_hmac_sha256.c
openssl-1.1.1q/crypto/evp/e_aria.c
openssl-1.1.1q/crypto/evp/e_bf.c
openssl-1.1.1q/crypto/evp/e_camellia.c
openssl-1.1.1q/crypto/evp/e_cast.c
openssl-1.1.1q/crypto/evp/e_chacha20_poly1305.c
openssl-1.1.1q/crypto/evp/e_des.c
openssl-1.1.1q/crypto/evp/e_des3.c
openssl-1.1.1q/crypto/evp/e_idea.c
openssl-1.1.1q/crypto/evp/e_null.c
openssl-1.1.1q/crypto/evp/e_old.c
openssl-1.1.1q/crypto/evp/e_rc2.c
openssl-1.1.1q/crypto/evp/e_rc4.c
openssl-1.1.1q/crypto/evp/e_rc4_hmac_md5.c
openssl-1.1.1q/crypto/evp/e_rc5.c
openssl-1.1.1q/crypto/evp/e_seed.c
openssl-1.1.1q/crypto/evp/e_sm4.c
openssl-1.1.1q/crypto/evp/e_xcbc_d.c
openssl-1.1.1q/crypto/evp/encode.c
openssl-1.1.1q/crypto/evp/evp_cnf.c
openssl-1.1.1q/crypto/evp/evp_enc.c
openssl-1.1.1q/crypto/evp/evp_err.c
openssl-1.1.1q/crypto/evp/evp_key.c
openssl-1.1.1q/crypto/evp/evp_lib.c
openssl-1.1.1q/crypto/evp/evp_local.h
openssl-1.1.1q/crypto/evp/evp_pbe.c
openssl-1.1.1q/crypto/evp/evp_pkey.c
openssl-1.1.1q/crypto/evp/m_md2.c
openssl-1.1.1q/crypto/evp/m_md4.c
openssl-1.1.1q/crypto/evp/m_md5.c
openssl-1.1.1q/crypto/evp/m_md5_sha1.c
openssl-1.1.1q/crypto/evp/m_mdc2.c
openssl-1.1.1q/crypto/evp/m_null.c
openssl-1.1.1q/crypto/evp/m_ripemd.c
openssl-1.1.1q/crypto/evp/m_sha1.c
openssl-1.1.1q/crypto/evp/m_sha3.c
openssl-1.1.1q/crypto/evp/m_sigver.c
openssl-1.1.1q/crypto/evp/m_wp.c
openssl-1.1.1q/crypto/evp/names.c
openssl-1.1.1q/crypto/evp/p5_crpt.c
openssl-1.1.1q/crypto/evp/p5_crpt2.c
openssl-1.1.1q/crypto/evp/p_dec.c
openssl-1.1.1q/crypto/evp/p_enc.c
openssl-1.1.1q/crypto/evp/p_lib.c
openssl-1.1.1q/crypto/evp/p_open.c
openssl-1.1.1q/crypto/evp/p_seal.c
openssl-1.1.1q/crypto/evp/p_sign.c
openssl-1.1.1q/crypto/evp/p_verify.c
openssl-1.1.1q/crypto/evp/pbe_scrypt.c
openssl-1.1.1q/crypto/evp/pmeth_fn.c
openssl-1.1.1q/crypto/evp/pmeth_gn.c
openssl-1.1.1q/crypto/evp/pmeth_lib.c
openssl-1.1.1q/crypto/ex_data.c
openssl-1.1.1q/crypto/getenv.c
openssl-1.1.1q/crypto/hmac/
openssl-1.1.1q/crypto/hmac/build.info
openssl-1.1.1q/crypto/hmac/hm_ameth.c
openssl-1.1.1q/crypto/hmac/hm_pmeth.c
openssl-1.1.1q/crypto/hmac/hmac.c
openssl-1.1.1q/crypto/hmac/hmac_local.h
openssl-1.1.1q/crypto/ia64cpuid.S
openssl-1.1.1q/crypto/idea/
openssl-1.1.1q/crypto/idea/build.info
openssl-1.1.1q/crypto/idea/i_cbc.c
openssl-1.1.1q/crypto/idea/i_cfb64.c
openssl-1.1.1q/crypto/idea/i_ecb.c
openssl-1.1.1q/crypto/idea/i_ofb64.c
openssl-1.1.1q/crypto/idea/i_skey.c
openssl-1.1.1q/crypto/idea/idea_local.h
openssl-1.1.1q/crypto/init.c
openssl-1.1.1q/crypto/kdf/
openssl-1.1.1q/crypto/kdf/build.info
openssl-1.1.1q/crypto/kdf/hkdf.c
openssl-1.1.1q/crypto/kdf/kdf_err.c
openssl-1.1.1q/crypto/kdf/scrypt.c
openssl-1.1.1q/crypto/kdf/tls1_prf.c
openssl-1.1.1q/crypto/lhash/
openssl-1.1.1q/crypto/lhash/build.info
openssl-1.1.1q/crypto/lhash/lh_stats.c
openssl-1.1.1q/crypto/lhash/lhash.c
openssl-1.1.1q/crypto/lhash/lhash_local.h
openssl-1.1.1q/crypto/md2/
openssl-1.1.1q/crypto/md2/build.info
openssl-1.1.1q/crypto/md2/md2_dgst.c
openssl-1.1.1q/crypto/md2/md2_one.c
openssl-1.1.1q/crypto/md4/
openssl-1.1.1q/crypto/md4/build.info
openssl-1.1.1q/crypto/md4/md4_dgst.c
openssl-1.1.1q/crypto/md4/md4_local.h
openssl-1.1.1q/crypto/md4/md4_one.c
openssl-1.1.1q/crypto/md5/
openssl-1.1.1q/crypto/md5/asm/
openssl-1.1.1q/crypto/md5/asm/md5-586.pl
openssl-1.1.1q/crypto/md5/asm/md5-sparcv9.pl
openssl-1.1.1q/crypto/md5/asm/md5-x86_64.pl
openssl-1.1.1q/crypto/md5/build.info
openssl-1.1.1q/crypto/md5/md5_dgst.c
openssl-1.1.1q/crypto/md5/md5_local.h
openssl-1.1.1q/crypto/md5/md5_one.c
openssl-1.1.1q/crypto/mdc2/
openssl-1.1.1q/crypto/mdc2/build.info
openssl-1.1.1q/crypto/mdc2/mdc2_one.c
openssl-1.1.1q/crypto/mdc2/mdc2dgst.c
openssl-1.1.1q/crypto/mem.c
openssl-1.1.1q/crypto/mem_clr.c
openssl-1.1.1q/crypto/mem_dbg.c
openssl-1.1.1q/crypto/mem_sec.c
openssl-1.1.1q/crypto/mips_arch.h
openssl-1.1.1q/crypto/modes/
openssl-1.1.1q/crypto/modes/asm/
openssl-1.1.1q/crypto/modes/asm/aesni-gcm-x86_64.pl
openssl-1.1.1q/crypto/modes/asm/ghash-alpha.pl
openssl-1.1.1q/crypto/modes/asm/ghash-armv4.pl
openssl-1.1.1q/crypto/modes/asm/ghash-c64xplus.pl
openssl-1.1.1q/crypto/modes/asm/ghash-ia64.pl
openssl-1.1.1q/crypto/modes/asm/ghash-parisc.pl
openssl-1.1.1q/crypto/modes/asm/ghash-s390x.pl
openssl-1.1.1q/crypto/modes/asm/ghash-sparcv9.pl
openssl-1.1.1q/crypto/modes/asm/ghash-x86.pl
openssl-1.1.1q/crypto/modes/asm/ghash-x86_64.pl
openssl-1.1.1q/crypto/modes/asm/ghashp8-ppc.pl
openssl-1.1.1q/crypto/modes/asm/ghashv8-armx.pl
openssl-1.1.1q/crypto/modes/build.info
openssl-1.1.1q/crypto/modes/cbc128.c
openssl-1.1.1q/crypto/modes/ccm128.c
openssl-1.1.1q/crypto/modes/cfb128.c
openssl-1.1.1q/crypto/modes/ctr128.c
openssl-1.1.1q/crypto/modes/cts128.c
openssl-1.1.1q/crypto/modes/gcm128.c
openssl-1.1.1q/crypto/modes/modes_local.h
openssl-1.1.1q/crypto/modes/ocb128.c
openssl-1.1.1q/crypto/modes/ofb128.c
openssl-1.1.1q/crypto/modes/wrap128.c
openssl-1.1.1q/crypto/modes/xts128.c
openssl-1.1.1q/crypto/o_dir.c
openssl-1.1.1q/crypto/o_fips.c
openssl-1.1.1q/crypto/o_fopen.c
openssl-1.1.1q/crypto/o_init.c
openssl-1.1.1q/crypto/o_str.c
openssl-1.1.1q/crypto/o_time.c
openssl-1.1.1q/crypto/objects/
openssl-1.1.1q/crypto/objects/README
openssl-1.1.1q/crypto/objects/build.info
openssl-1.1.1q/crypto/objects/o_names.c
openssl-1.1.1q/crypto/objects/obj_dat.c
openssl-1.1.1q/crypto/objects/obj_dat.h
openssl-1.1.1q/crypto/objects/obj_dat.pl
openssl-1.1.1q/crypto/objects/obj_err.c
openssl-1.1.1q/crypto/objects/obj_lib.c
openssl-1.1.1q/crypto/objects/obj_local.h
openssl-1.1.1q/crypto/objects/obj_mac.num
openssl-1.1.1q/crypto/objects/obj_xref.c
openssl-1.1.1q/crypto/objects/obj_xref.h
openssl-1.1.1q/crypto/objects/obj_xref.txt
openssl-1.1.1q/crypto/objects/objects.pl
openssl-1.1.1q/crypto/objects/objects.txt
openssl-1.1.1q/crypto/objects/objxref.pl
openssl-1.1.1q/crypto/ocsp/
openssl-1.1.1q/crypto/ocsp/build.info
openssl-1.1.1q/crypto/ocsp/ocsp_asn.c
openssl-1.1.1q/crypto/ocsp/ocsp_cl.c
openssl-1.1.1q/crypto/ocsp/ocsp_err.c
openssl-1.1.1q/crypto/ocsp/ocsp_ext.c
openssl-1.1.1q/crypto/ocsp/ocsp_ht.c
openssl-1.1.1q/crypto/ocsp/ocsp_lib.c
openssl-1.1.1q/crypto/ocsp/ocsp_local.h
openssl-1.1.1q/crypto/ocsp/ocsp_prn.c
openssl-1.1.1q/crypto/ocsp/ocsp_srv.c
openssl-1.1.1q/crypto/ocsp/ocsp_vfy.c
openssl-1.1.1q/crypto/ocsp/v3_ocsp.c
openssl-1.1.1q/crypto/pariscid.pl
openssl-1.1.1q/crypto/pem/
openssl-1.1.1q/crypto/pem/build.info
openssl-1.1.1q/crypto/pem/pem_all.c
openssl-1.1.1q/crypto/pem/pem_err.c
openssl-1.1.1q/crypto/pem/pem_info.c
openssl-1.1.1q/crypto/pem/pem_lib.c
openssl-1.1.1q/crypto/pem/pem_oth.c
openssl-1.1.1q/crypto/pem/pem_pk8.c
openssl-1.1.1q/crypto/pem/pem_pkey.c
openssl-1.1.1q/crypto/pem/pem_sign.c
openssl-1.1.1q/crypto/pem/pem_x509.c
openssl-1.1.1q/crypto/pem/pem_xaux.c
openssl-1.1.1q/crypto/pem/pvkfmt.c
openssl-1.1.1q/crypto/perlasm/
openssl-1.1.1q/crypto/perlasm/README
openssl-1.1.1q/crypto/perlasm/arm-xlate.pl
openssl-1.1.1q/crypto/perlasm/cbc.pl
openssl-1.1.1q/crypto/perlasm/ppc-xlate.pl
openssl-1.1.1q/crypto/perlasm/sparcv9_modes.pl
openssl-1.1.1q/crypto/perlasm/x86_64-xlate.pl
openssl-1.1.1q/crypto/perlasm/x86asm.pl
openssl-1.1.1q/crypto/perlasm/x86gas.pl
openssl-1.1.1q/crypto/perlasm/x86masm.pl
openssl-1.1.1q/crypto/perlasm/x86nasm.pl
openssl-1.1.1q/crypto/pkcs12/
openssl-1.1.1q/crypto/pkcs12/build.info
openssl-1.1.1q/crypto/pkcs12/p12_add.c
openssl-1.1.1q/crypto/pkcs12/p12_asn.c
openssl-1.1.1q/crypto/pkcs12/p12_attr.c
openssl-1.1.1q/crypto/pkcs12/p12_crpt.c
openssl-1.1.1q/crypto/pkcs12/p12_crt.c
openssl-1.1.1q/crypto/pkcs12/p12_decr.c
openssl-1.1.1q/crypto/pkcs12/p12_init.c
openssl-1.1.1q/crypto/pkcs12/p12_key.c
openssl-1.1.1q/crypto/pkcs12/p12_kiss.c
openssl-1.1.1q/crypto/pkcs12/p12_local.h
openssl-1.1.1q/crypto/pkcs12/p12_mutl.c
openssl-1.1.1q/crypto/pkcs12/p12_npas.c
openssl-1.1.1q/crypto/pkcs12/p12_p8d.c
openssl-1.1.1q/crypto/pkcs12/p12_p8e.c
openssl-1.1.1q/crypto/pkcs12/p12_sbag.c
openssl-1.1.1q/crypto/pkcs12/p12_utl.c
openssl-1.1.1q/crypto/pkcs12/pk12err.c
openssl-1.1.1q/crypto/pkcs7/
openssl-1.1.1q/crypto/pkcs7/bio_pk7.c
openssl-1.1.1q/crypto/pkcs7/build.info
openssl-1.1.1q/crypto/pkcs7/pk7_asn1.c
openssl-1.1.1q/crypto/pkcs7/pk7_attr.c
openssl-1.1.1q/crypto/pkcs7/pk7_doit.c
openssl-1.1.1q/crypto/pkcs7/pk7_lib.c
openssl-1.1.1q/crypto/pkcs7/pk7_mime.c
openssl-1.1.1q/crypto/pkcs7/pk7_smime.c
openssl-1.1.1q/crypto/pkcs7/pkcs7err.c
openssl-1.1.1q/crypto/poly1305/
openssl-1.1.1q/crypto/poly1305/asm/
openssl-1.1.1q/crypto/poly1305/asm/poly1305-armv4.pl
openssl-1.1.1q/crypto/poly1305/asm/poly1305-armv8.pl
openssl-1.1.1q/crypto/poly1305/asm/poly1305-c64xplus.pl
openssl-1.1.1q/crypto/poly1305/asm/poly1305-mips.pl
openssl-1.1.1q/crypto/poly1305/asm/poly1305-ppc.pl
openssl-1.1.1q/crypto/poly1305/asm/poly1305-ppcfp.pl
openssl-1.1.1q/crypto/poly1305/asm/poly1305-s390x.pl
openssl-1.1.1q/crypto/poly1305/asm/poly1305-sparcv9.pl
openssl-1.1.1q/crypto/poly1305/asm/poly1305-x86.pl
openssl-1.1.1q/crypto/poly1305/asm/poly1305-x86_64.pl
openssl-1.1.1q/crypto/poly1305/build.info
openssl-1.1.1q/crypto/poly1305/poly1305.c
openssl-1.1.1q/crypto/poly1305/poly1305_ameth.c
openssl-1.1.1q/crypto/poly1305/poly1305_base2_44.c
openssl-1.1.1q/crypto/poly1305/poly1305_ieee754.c
openssl-1.1.1q/crypto/poly1305/poly1305_local.h
openssl-1.1.1q/crypto/poly1305/poly1305_pmeth.c
openssl-1.1.1q/crypto/ppc_arch.h
openssl-1.1.1q/crypto/ppccap.c
openssl-1.1.1q/crypto/ppccpuid.pl
openssl-1.1.1q/crypto/rand/
openssl-1.1.1q/crypto/rand/build.info
openssl-1.1.1q/crypto/rand/drbg_ctr.c
openssl-1.1.1q/crypto/rand/drbg_lib.c
openssl-1.1.1q/crypto/rand/rand_egd.c
openssl-1.1.1q/crypto/rand/rand_err.c
openssl-1.1.1q/crypto/rand/rand_lib.c
openssl-1.1.1q/crypto/rand/rand_local.h
openssl-1.1.1q/crypto/rand/rand_unix.c
openssl-1.1.1q/crypto/rand/rand_vms.c
openssl-1.1.1q/crypto/rand/rand_win.c
openssl-1.1.1q/crypto/rand/randfile.c
openssl-1.1.1q/crypto/rc2/
openssl-1.1.1q/crypto/rc2/build.info
openssl-1.1.1q/crypto/rc2/rc2_cbc.c
openssl-1.1.1q/crypto/rc2/rc2_ecb.c
openssl-1.1.1q/crypto/rc2/rc2_local.h
openssl-1.1.1q/crypto/rc2/rc2_skey.c
openssl-1.1.1q/crypto/rc2/rc2cfb64.c
openssl-1.1.1q/crypto/rc2/rc2ofb64.c
openssl-1.1.1q/crypto/rc4/
openssl-1.1.1q/crypto/rc4/asm/
openssl-1.1.1q/crypto/rc4/asm/rc4-586.pl
openssl-1.1.1q/crypto/rc4/asm/rc4-c64xplus.pl
openssl-1.1.1q/crypto/rc4/asm/rc4-md5-x86_64.pl
openssl-1.1.1q/crypto/rc4/asm/rc4-parisc.pl
openssl-1.1.1q/crypto/rc4/asm/rc4-s390x.pl
openssl-1.1.1q/crypto/rc4/asm/rc4-x86_64.pl
openssl-1.1.1q/crypto/rc4/build.info
openssl-1.1.1q/crypto/rc4/rc4_enc.c
openssl-1.1.1q/crypto/rc4/rc4_local.h
openssl-1.1.1q/crypto/rc4/rc4_skey.c
openssl-1.1.1q/crypto/rc5/
openssl-1.1.1q/crypto/rc5/asm/
openssl-1.1.1q/crypto/rc5/asm/rc5-586.pl
openssl-1.1.1q/crypto/rc5/build.info
openssl-1.1.1q/crypto/rc5/rc5_ecb.c
openssl-1.1.1q/crypto/rc5/rc5_enc.c
openssl-1.1.1q/crypto/rc5/rc5_local.h
openssl-1.1.1q/crypto/rc5/rc5_skey.c
openssl-1.1.1q/crypto/rc5/rc5cfb64.c
openssl-1.1.1q/crypto/rc5/rc5ofb64.c
openssl-1.1.1q/crypto/ripemd/
openssl-1.1.1q/crypto/ripemd/asm/
openssl-1.1.1q/crypto/ripemd/asm/rmd-586.pl
openssl-1.1.1q/crypto/ripemd/build.info
openssl-1.1.1q/crypto/ripemd/rmd_dgst.c
openssl-1.1.1q/crypto/ripemd/rmd_local.h
openssl-1.1.1q/crypto/ripemd/rmd_one.c
openssl-1.1.1q/crypto/ripemd/rmdconst.h
openssl-1.1.1q/crypto/rsa/
openssl-1.1.1q/crypto/rsa/build.info
openssl-1.1.1q/crypto/rsa/rsa_ameth.c
openssl-1.1.1q/crypto/rsa/rsa_asn1.c
openssl-1.1.1q/crypto/rsa/rsa_chk.c
openssl-1.1.1q/crypto/rsa/rsa_crpt.c
openssl-1.1.1q/crypto/rsa/rsa_depr.c
openssl-1.1.1q/crypto/rsa/rsa_err.c
openssl-1.1.1q/crypto/rsa/rsa_gen.c
openssl-1.1.1q/crypto/rsa/rsa_lib.c
openssl-1.1.1q/crypto/rsa/rsa_local.h
openssl-1.1.1q/crypto/rsa/rsa_meth.c
openssl-1.1.1q/crypto/rsa/rsa_mp.c
openssl-1.1.1q/crypto/rsa/rsa_none.c
openssl-1.1.1q/crypto/rsa/rsa_oaep.c
openssl-1.1.1q/crypto/rsa/rsa_ossl.c
openssl-1.1.1q/crypto/rsa/rsa_pk1.c
openssl-1.1.1q/crypto/rsa/rsa_pmeth.c
openssl-1.1.1q/crypto/rsa/rsa_prn.c
openssl-1.1.1q/crypto/rsa/rsa_pss.c
openssl-1.1.1q/crypto/rsa/rsa_saos.c
openssl-1.1.1q/crypto/rsa/rsa_sign.c
openssl-1.1.1q/crypto/rsa/rsa_ssl.c
openssl-1.1.1q/crypto/rsa/rsa_x931.c
openssl-1.1.1q/crypto/rsa/rsa_x931g.c
openssl-1.1.1q/crypto/s390x_arch.h
openssl-1.1.1q/crypto/s390xcap.c
openssl-1.1.1q/crypto/s390xcpuid.pl
openssl-1.1.1q/crypto/seed/
openssl-1.1.1q/crypto/seed/build.info
openssl-1.1.1q/crypto/seed/seed.c
openssl-1.1.1q/crypto/seed/seed_cbc.c
openssl-1.1.1q/crypto/seed/seed_cfb.c
openssl-1.1.1q/crypto/seed/seed_ecb.c
openssl-1.1.1q/crypto/seed/seed_local.h
openssl-1.1.1q/crypto/seed/seed_ofb.c
openssl-1.1.1q/crypto/sha/
openssl-1.1.1q/crypto/sha/asm/
openssl-1.1.1q/crypto/sha/asm/keccak1600-armv4.pl
openssl-1.1.1q/crypto/sha/asm/keccak1600-armv8.pl
openssl-1.1.1q/crypto/sha/asm/keccak1600-avx2.pl
openssl-1.1.1q/crypto/sha/asm/keccak1600-avx512.pl
openssl-1.1.1q/crypto/sha/asm/keccak1600-avx512vl.pl
openssl-1.1.1q/crypto/sha/asm/keccak1600-c64x.pl
openssl-1.1.1q/crypto/sha/asm/keccak1600-mmx.pl
openssl-1.1.1q/crypto/sha/asm/keccak1600-ppc64.pl
openssl-1.1.1q/crypto/sha/asm/keccak1600-s390x.pl
openssl-1.1.1q/crypto/sha/asm/keccak1600-x86_64.pl
openssl-1.1.1q/crypto/sha/asm/keccak1600p8-ppc.pl
openssl-1.1.1q/crypto/sha/asm/sha1-586.pl
openssl-1.1.1q/crypto/sha/asm/sha1-alpha.pl
openssl-1.1.1q/crypto/sha/asm/sha1-armv4-large.pl
openssl-1.1.1q/crypto/sha/asm/sha1-armv8.pl
openssl-1.1.1q/crypto/sha/asm/sha1-c64xplus.pl
openssl-1.1.1q/crypto/sha/asm/sha1-ia64.pl
openssl-1.1.1q/crypto/sha/asm/sha1-mb-x86_64.pl
openssl-1.1.1q/crypto/sha/asm/sha1-mips.pl
openssl-1.1.1q/crypto/sha/asm/sha1-parisc.pl
openssl-1.1.1q/crypto/sha/asm/sha1-ppc.pl
openssl-1.1.1q/crypto/sha/asm/sha1-s390x.pl
openssl-1.1.1q/crypto/sha/asm/sha1-sparcv9.pl
openssl-1.1.1q/crypto/sha/asm/sha1-sparcv9a.pl
openssl-1.1.1q/crypto/sha/asm/sha1-thumb.pl
openssl-1.1.1q/crypto/sha/asm/sha1-x86_64.pl
openssl-1.1.1q/crypto/sha/asm/sha256-586.pl
openssl-1.1.1q/crypto/sha/asm/sha256-armv4.pl
openssl-1.1.1q/crypto/sha/asm/sha256-c64xplus.pl
openssl-1.1.1q/crypto/sha/asm/sha256-mb-x86_64.pl
openssl-1.1.1q/crypto/sha/asm/sha512-586.pl
openssl-1.1.1q/crypto/sha/asm/sha512-armv4.pl
openssl-1.1.1q/crypto/sha/asm/sha512-armv8.pl
openssl-1.1.1q/crypto/sha/asm/sha512-c64xplus.pl
openssl-1.1.1q/crypto/sha/asm/sha512-ia64.pl
openssl-1.1.1q/crypto/sha/asm/sha512-mips.pl
openssl-1.1.1q/crypto/sha/asm/sha512-parisc.pl
openssl-1.1.1q/crypto/sha/asm/sha512-ppc.pl
openssl-1.1.1q/crypto/sha/asm/sha512-s390x.pl
openssl-1.1.1q/crypto/sha/asm/sha512-sparcv9.pl
openssl-1.1.1q/crypto/sha/asm/sha512-x86_64.pl
openssl-1.1.1q/crypto/sha/asm/sha512p8-ppc.pl
openssl-1.1.1q/crypto/sha/build.info
openssl-1.1.1q/crypto/sha/keccak1600.c
openssl-1.1.1q/crypto/sha/sha1_one.c
openssl-1.1.1q/crypto/sha/sha1dgst.c
openssl-1.1.1q/crypto/sha/sha256.c
openssl-1.1.1q/crypto/sha/sha512.c
openssl-1.1.1q/crypto/sha/sha_local.h
openssl-1.1.1q/crypto/siphash/
openssl-1.1.1q/crypto/siphash/build.info
openssl-1.1.1q/crypto/siphash/siphash.c
openssl-1.1.1q/crypto/siphash/siphash_ameth.c
openssl-1.1.1q/crypto/siphash/siphash_local.h
openssl-1.1.1q/crypto/siphash/siphash_pmeth.c
openssl-1.1.1q/crypto/sm2/
openssl-1.1.1q/crypto/sm2/build.info
openssl-1.1.1q/crypto/sm2/sm2_crypt.c
openssl-1.1.1q/crypto/sm2/sm2_err.c
openssl-1.1.1q/crypto/sm2/sm2_pmeth.c
openssl-1.1.1q/crypto/sm2/sm2_sign.c
openssl-1.1.1q/crypto/sm3/
openssl-1.1.1q/crypto/sm3/build.info
openssl-1.1.1q/crypto/sm3/m_sm3.c
openssl-1.1.1q/crypto/sm3/sm3.c
openssl-1.1.1q/crypto/sm3/sm3_local.h
openssl-1.1.1q/crypto/sm4/
openssl-1.1.1q/crypto/sm4/build.info
openssl-1.1.1q/crypto/sm4/sm4.c
openssl-1.1.1q/crypto/sparc_arch.h
openssl-1.1.1q/crypto/sparccpuid.S
openssl-1.1.1q/crypto/sparcv9cap.c
openssl-1.1.1q/crypto/srp/
openssl-1.1.1q/crypto/srp/build.info
openssl-1.1.1q/crypto/srp/srp_lib.c
openssl-1.1.1q/crypto/srp/srp_vfy.c
openssl-1.1.1q/crypto/stack/
openssl-1.1.1q/crypto/stack/build.info
openssl-1.1.1q/crypto/stack/stack.c
openssl-1.1.1q/crypto/store/
openssl-1.1.1q/crypto/store/build.info
openssl-1.1.1q/crypto/store/loader_file.c
openssl-1.1.1q/crypto/store/store_err.c
openssl-1.1.1q/crypto/store/store_init.c
openssl-1.1.1q/crypto/store/store_lib.c
openssl-1.1.1q/crypto/store/store_local.h
openssl-1.1.1q/crypto/store/store_register.c
openssl-1.1.1q/crypto/store/store_strings.c
openssl-1.1.1q/crypto/threads_none.c
openssl-1.1.1q/crypto/threads_pthread.c
openssl-1.1.1q/crypto/threads_win.c
openssl-1.1.1q/crypto/ts/
openssl-1.1.1q/crypto/ts/build.info
openssl-1.1.1q/crypto/ts/ts_asn1.c
openssl-1.1.1q/crypto/ts/ts_conf.c
openssl-1.1.1q/crypto/ts/ts_err.c
openssl-1.1.1q/crypto/ts/ts_lib.c
openssl-1.1.1q/crypto/ts/ts_local.h
openssl-1.1.1q/crypto/ts/ts_req_print.c
openssl-1.1.1q/crypto/ts/ts_req_utils.c
openssl-1.1.1q/crypto/ts/ts_rsp_print.c
openssl-1.1.1q/crypto/ts/ts_rsp_sign.c
openssl-1.1.1q/crypto/ts/ts_rsp_utils.c
openssl-1.1.1q/crypto/ts/ts_rsp_verify.c
openssl-1.1.1q/crypto/ts/ts_verify_ctx.c
openssl-1.1.1q/crypto/txt_db/
openssl-1.1.1q/crypto/txt_db/build.info
openssl-1.1.1q/crypto/txt_db/txt_db.c
openssl-1.1.1q/crypto/ui/
openssl-1.1.1q/crypto/ui/build.info
openssl-1.1.1q/crypto/ui/ui_err.c
openssl-1.1.1q/crypto/ui/ui_lib.c
openssl-1.1.1q/crypto/ui/ui_local.h
openssl-1.1.1q/crypto/ui/ui_null.c
openssl-1.1.1q/crypto/ui/ui_openssl.c
openssl-1.1.1q/crypto/ui/ui_util.c
openssl-1.1.1q/crypto/uid.c
openssl-1.1.1q/crypto/vms_rms.h
openssl-1.1.1q/crypto/whrlpool/
openssl-1.1.1q/crypto/whrlpool/asm/
openssl-1.1.1q/crypto/whrlpool/asm/wp-mmx.pl
openssl-1.1.1q/crypto/whrlpool/asm/wp-x86_64.pl
openssl-1.1.1q/crypto/whrlpool/build.info
openssl-1.1.1q/crypto/whrlpool/wp_block.c
openssl-1.1.1q/crypto/whrlpool/wp_dgst.c
openssl-1.1.1q/crypto/whrlpool/wp_local.h
openssl-1.1.1q/crypto/x509/
openssl-1.1.1q/crypto/x509/build.info
openssl-1.1.1q/crypto/x509/by_dir.c
openssl-1.1.1q/crypto/x509/by_file.c
openssl-1.1.1q/crypto/x509/t_crl.c
openssl-1.1.1q/crypto/x509/t_req.c
openssl-1.1.1q/crypto/x509/t_x509.c
openssl-1.1.1q/crypto/x509/x509_att.c
openssl-1.1.1q/crypto/x509/x509_cmp.c
openssl-1.1.1q/crypto/x509/x509_d2.c
openssl-1.1.1q/crypto/x509/x509_def.c
openssl-1.1.1q/crypto/x509/x509_err.c
openssl-1.1.1q/crypto/x509/x509_ext.c
openssl-1.1.1q/crypto/x509/x509_local.h
openssl-1.1.1q/crypto/x509/x509_lu.c
openssl-1.1.1q/crypto/x509/x509_meth.c
openssl-1.1.1q/crypto/x509/x509_obj.c
openssl-1.1.1q/crypto/x509/x509_r2x.c
openssl-1.1.1q/crypto/x509/x509_req.c
openssl-1.1.1q/crypto/x509/x509_set.c
openssl-1.1.1q/crypto/x509/x509_trs.c
openssl-1.1.1q/crypto/x509/x509_txt.c
openssl-1.1.1q/crypto/x509/x509_v3.c
openssl-1.1.1q/crypto/x509/x509_vfy.c
openssl-1.1.1q/crypto/x509/x509_vpm.c
openssl-1.1.1q/crypto/x509/x509cset.c
openssl-1.1.1q/crypto/x509/x509name.c
openssl-1.1.1q/crypto/x509/x509rset.c
openssl-1.1.1q/crypto/x509/x509spki.c
openssl-1.1.1q/crypto/x509/x509type.c
openssl-1.1.1q/crypto/x509/x_all.c
openssl-1.1.1q/crypto/x509/x_attrib.c
openssl-1.1.1q/crypto/x509/x_crl.c
openssl-1.1.1q/crypto/x509/x_exten.c
openssl-1.1.1q/crypto/x509/x_name.c
openssl-1.1.1q/crypto/x509/x_pubkey.c
openssl-1.1.1q/crypto/x509/x_req.c
openssl-1.1.1q/crypto/x509/x_x509.c
openssl-1.1.1q/crypto/x509/x_x509a.c
openssl-1.1.1q/crypto/x509v3/
openssl-1.1.1q/crypto/x509v3/build.info
openssl-1.1.1q/crypto/x509v3/ext_dat.h
openssl-1.1.1q/crypto/x509v3/pcy_cache.c
openssl-1.1.1q/crypto/x509v3/pcy_data.c
openssl-1.1.1q/crypto/x509v3/pcy_lib.c
openssl-1.1.1q/crypto/x509v3/pcy_local.h
openssl-1.1.1q/crypto/x509v3/pcy_map.c
openssl-1.1.1q/crypto/x509v3/pcy_node.c
openssl-1.1.1q/crypto/x509v3/pcy_tree.c
openssl-1.1.1q/crypto/x509v3/standard_exts.h
openssl-1.1.1q/crypto/x509v3/v3_addr.c
openssl-1.1.1q/crypto/x509v3/v3_admis.c
openssl-1.1.1q/crypto/x509v3/v3_admis.h
openssl-1.1.1q/crypto/x509v3/v3_akey.c
openssl-1.1.1q/crypto/x509v3/v3_akeya.c
openssl-1.1.1q/crypto/x509v3/v3_alt.c
openssl-1.1.1q/crypto/x509v3/v3_asid.c
openssl-1.1.1q/crypto/x509v3/v3_bcons.c
openssl-1.1.1q/crypto/x509v3/v3_bitst.c
openssl-1.1.1q/crypto/x509v3/v3_conf.c
openssl-1.1.1q/crypto/x509v3/v3_cpols.c
openssl-1.1.1q/crypto/x509v3/v3_crld.c
openssl-1.1.1q/crypto/x509v3/v3_enum.c
openssl-1.1.1q/crypto/x509v3/v3_extku.c
openssl-1.1.1q/crypto/x509v3/v3_genn.c
openssl-1.1.1q/crypto/x509v3/v3_ia5.c
openssl-1.1.1q/crypto/x509v3/v3_info.c
openssl-1.1.1q/crypto/x509v3/v3_int.c
openssl-1.1.1q/crypto/x509v3/v3_lib.c
openssl-1.1.1q/crypto/x509v3/v3_ncons.c
openssl-1.1.1q/crypto/x509v3/v3_pci.c
openssl-1.1.1q/crypto/x509v3/v3_pcia.c
openssl-1.1.1q/crypto/x509v3/v3_pcons.c
openssl-1.1.1q/crypto/x509v3/v3_pku.c
openssl-1.1.1q/crypto/x509v3/v3_pmaps.c
openssl-1.1.1q/crypto/x509v3/v3_prn.c
openssl-1.1.1q/crypto/x509v3/v3_purp.c
openssl-1.1.1q/crypto/x509v3/v3_skey.c
openssl-1.1.1q/crypto/x509v3/v3_sxnet.c
openssl-1.1.1q/crypto/x509v3/v3_tlsf.c
openssl-1.1.1q/crypto/x509v3/v3_utl.c
openssl-1.1.1q/crypto/x509v3/v3err.c
openssl-1.1.1q/crypto/x86_64cpuid.pl
openssl-1.1.1q/crypto/x86cpuid.pl
openssl-1.1.1q/demos/
openssl-1.1.1q/demos/README
openssl-1.1.1q/demos/bio/
openssl-1.1.1q/demos/bio/Makefile
openssl-1.1.1q/demos/bio/README
openssl-1.1.1q/demos/bio/accept.cnf
openssl-1.1.1q/demos/bio/client-arg.c
openssl-1.1.1q/demos/bio/client-conf.c
openssl-1.1.1q/demos/bio/cmod.cnf
openssl-1.1.1q/demos/bio/connect.cnf
openssl-1.1.1q/demos/bio/descrip.mms
openssl-1.1.1q/demos/bio/intca.pem
openssl-1.1.1q/demos/bio/root.pem
openssl-1.1.1q/demos/bio/saccept.c
openssl-1.1.1q/demos/bio/sconnect.c
openssl-1.1.1q/demos/bio/server-arg.c
openssl-1.1.1q/demos/bio/server-cmod.c
openssl-1.1.1q/demos/bio/server-conf.c
openssl-1.1.1q/demos/bio/server-ec.pem
openssl-1.1.1q/demos/bio/server.pem
openssl-1.1.1q/demos/bio/shared.opt
openssl-1.1.1q/demos/bio/static.opt
openssl-1.1.1q/demos/certs/
openssl-1.1.1q/demos/certs/README
openssl-1.1.1q/demos/certs/apps/
openssl-1.1.1q/demos/certs/apps/apps.cnf
openssl-1.1.1q/demos/certs/apps/ckey.pem
openssl-1.1.1q/demos/certs/apps/intkey.pem
openssl-1.1.1q/demos/certs/apps/mkacerts.sh
openssl-1.1.1q/demos/certs/apps/mkxcerts.sh
openssl-1.1.1q/demos/certs/apps/rootkey.pem
openssl-1.1.1q/demos/certs/apps/skey.pem
openssl-1.1.1q/demos/certs/apps/skey2.pem
openssl-1.1.1q/demos/certs/ca.cnf
openssl-1.1.1q/demos/certs/mkcerts.sh
openssl-1.1.1q/demos/certs/ocspquery.sh
openssl-1.1.1q/demos/certs/ocsprun.sh
openssl-1.1.1q/demos/cms/
openssl-1.1.1q/demos/cms/cacert.pem
openssl-1.1.1q/demos/cms/cakey.pem
openssl-1.1.1q/demos/cms/cms_comp.c
openssl-1.1.1q/demos/cms/cms_ddec.c
openssl-1.1.1q/demos/cms/cms_dec.c
openssl-1.1.1q/demos/cms/cms_denc.c
openssl-1.1.1q/demos/cms/cms_enc.c
openssl-1.1.1q/demos/cms/cms_sign.c
openssl-1.1.1q/demos/cms/cms_sign2.c
openssl-1.1.1q/demos/cms/cms_uncomp.c
openssl-1.1.1q/demos/cms/cms_ver.c
openssl-1.1.1q/demos/cms/comp.txt
openssl-1.1.1q/demos/cms/encr.txt
openssl-1.1.1q/demos/cms/sign.txt
openssl-1.1.1q/demos/cms/signer.pem
openssl-1.1.1q/demos/cms/signer2.pem
openssl-1.1.1q/demos/engines/
openssl-1.1.1q/demos/engines/e_chil.txt
openssl-1.1.1q/demos/evp/
openssl-1.1.1q/demos/evp/Makefile
openssl-1.1.1q/demos/evp/aesccm.c
openssl-1.1.1q/demos/evp/aesgcm.c
openssl-1.1.1q/demos/pkcs12/
openssl-1.1.1q/demos/pkcs12/pkread.c
openssl-1.1.1q/demos/pkcs12/pkwrite.c
openssl-1.1.1q/demos/smime/
openssl-1.1.1q/demos/smime/cacert.pem
openssl-1.1.1q/demos/smime/cakey.pem
openssl-1.1.1q/demos/smime/encr.txt
openssl-1.1.1q/demos/smime/sign.txt
openssl-1.1.1q/demos/smime/signer.pem
openssl-1.1.1q/demos/smime/signer2.pem
openssl-1.1.1q/demos/smime/smdec.c
openssl-1.1.1q/demos/smime/smenc.c
openssl-1.1.1q/demos/smime/smsign.c
openssl-1.1.1q/demos/smime/smsign2.c
openssl-1.1.1q/demos/smime/smver.c
openssl-1.1.1q/doc/
openssl-1.1.1q/doc/HOWTO/
openssl-1.1.1q/doc/HOWTO/certificates.txt
openssl-1.1.1q/doc/HOWTO/keys.txt
openssl-1.1.1q/doc/README
openssl-1.1.1q/doc/dir-locals.example.el
openssl-1.1.1q/doc/fingerprints.txt
openssl-1.1.1q/doc/man1/
openssl-1.1.1q/doc/man1/CA.pl.pod
openssl-1.1.1q/doc/man1/asn1parse.pod
openssl-1.1.1q/doc/man1/ca.pod
openssl-1.1.1q/doc/man1/ciphers.pod
openssl-1.1.1q/doc/man1/cms.pod
openssl-1.1.1q/doc/man1/crl.pod
openssl-1.1.1q/doc/man1/crl2pkcs7.pod
openssl-1.1.1q/doc/man1/dgst.pod
openssl-1.1.1q/doc/man1/dhparam.pod
openssl-1.1.1q/doc/man1/dsa.pod
openssl-1.1.1q/doc/man1/dsaparam.pod
openssl-1.1.1q/doc/man1/ec.pod
openssl-1.1.1q/doc/man1/ecparam.pod
openssl-1.1.1q/doc/man1/enc.pod
openssl-1.1.1q/doc/man1/engine.pod
openssl-1.1.1q/doc/man1/errstr.pod
openssl-1.1.1q/doc/man1/gendsa.pod
openssl-1.1.1q/doc/man1/genpkey.pod
openssl-1.1.1q/doc/man1/genrsa.pod
openssl-1.1.1q/doc/man1/list.pod
openssl-1.1.1q/doc/man1/nseq.pod
openssl-1.1.1q/doc/man1/ocsp.pod
openssl-1.1.1q/doc/man1/openssl.pod
openssl-1.1.1q/doc/man1/passwd.pod
openssl-1.1.1q/doc/man1/pkcs12.pod
openssl-1.1.1q/doc/man1/pkcs7.pod
openssl-1.1.1q/doc/man1/pkcs8.pod
openssl-1.1.1q/doc/man1/pkey.pod
openssl-1.1.1q/doc/man1/pkeyparam.pod
openssl-1.1.1q/doc/man1/pkeyutl.pod
openssl-1.1.1q/doc/man1/prime.pod
openssl-1.1.1q/doc/man1/rand.pod
openssl-1.1.1q/doc/man1/rehash.pod
openssl-1.1.1q/doc/man1/req.pod
openssl-1.1.1q/doc/man1/rsa.pod
openssl-1.1.1q/doc/man1/rsautl.pod
openssl-1.1.1q/doc/man1/s_client.pod
openssl-1.1.1q/doc/man1/s_server.pod
openssl-1.1.1q/doc/man1/s_time.pod
openssl-1.1.1q/doc/man1/sess_id.pod
openssl-1.1.1q/doc/man1/smime.pod
openssl-1.1.1q/doc/man1/speed.pod
openssl-1.1.1q/doc/man1/spkac.pod
openssl-1.1.1q/doc/man1/srp.pod
openssl-1.1.1q/doc/man1/storeutl.pod
openssl-1.1.1q/doc/man1/ts.pod
openssl-1.1.1q/doc/man1/tsget.pod
openssl-1.1.1q/doc/man1/verify.pod
openssl-1.1.1q/doc/man1/version.pod
openssl-1.1.1q/doc/man1/x509.pod
openssl-1.1.1q/doc/man3/
openssl-1.1.1q/doc/man3/ADMISSIONS.pod
openssl-1.1.1q/doc/man3/ASN1_INTEGER_get_int64.pod
openssl-1.1.1q/doc/man3/ASN1_ITEM_lookup.pod
openssl-1.1.1q/doc/man3/ASN1_OBJECT_new.pod
openssl-1.1.1q/doc/man3/ASN1_STRING_TABLE_add.pod
openssl-1.1.1q/doc/man3/ASN1_STRING_length.pod
openssl-1.1.1q/doc/man3/ASN1_STRING_new.pod
openssl-1.1.1q/doc/man3/ASN1_STRING_print_ex.pod
openssl-1.1.1q/doc/man3/ASN1_TIME_set.pod
openssl-1.1.1q/doc/man3/ASN1_TYPE_get.pod
openssl-1.1.1q/doc/man3/ASN1_generate_nconf.pod
openssl-1.1.1q/doc/man3/ASYNC_WAIT_CTX_new.pod
openssl-1.1.1q/doc/man3/ASYNC_start_job.pod
openssl-1.1.1q/doc/man3/BF_encrypt.pod
openssl-1.1.1q/doc/man3/BIO_ADDR.pod
openssl-1.1.1q/doc/man3/BIO_ADDRINFO.pod
openssl-1.1.1q/doc/man3/BIO_connect.pod
openssl-1.1.1q/doc/man3/BIO_ctrl.pod
openssl-1.1.1q/doc/man3/BIO_f_base64.pod
openssl-1.1.1q/doc/man3/BIO_f_buffer.pod
openssl-1.1.1q/doc/man3/BIO_f_cipher.pod
openssl-1.1.1q/doc/man3/BIO_f_md.pod
openssl-1.1.1q/doc/man3/BIO_f_null.pod
openssl-1.1.1q/doc/man3/BIO_f_ssl.pod
openssl-1.1.1q/doc/man3/BIO_find_type.pod
openssl-1.1.1q/doc/man3/BIO_get_data.pod
openssl-1.1.1q/doc/man3/BIO_get_ex_new_index.pod
openssl-1.1.1q/doc/man3/BIO_meth_new.pod
openssl-1.1.1q/doc/man3/BIO_new.pod
openssl-1.1.1q/doc/man3/BIO_new_CMS.pod
openssl-1.1.1q/doc/man3/BIO_parse_hostserv.pod
openssl-1.1.1q/doc/man3/BIO_printf.pod
openssl-1.1.1q/doc/man3/BIO_push.pod
openssl-1.1.1q/doc/man3/BIO_read.pod
openssl-1.1.1q/doc/man3/BIO_s_accept.pod
openssl-1.1.1q/doc/man3/BIO_s_bio.pod
openssl-1.1.1q/doc/man3/BIO_s_connect.pod
openssl-1.1.1q/doc/man3/BIO_s_fd.pod
openssl-1.1.1q/doc/man3/BIO_s_file.pod
openssl-1.1.1q/doc/man3/BIO_s_mem.pod
openssl-1.1.1q/doc/man3/BIO_s_null.pod
openssl-1.1.1q/doc/man3/BIO_s_socket.pod
openssl-1.1.1q/doc/man3/BIO_set_callback.pod
openssl-1.1.1q/doc/man3/BIO_should_retry.pod
openssl-1.1.1q/doc/man3/BN_BLINDING_new.pod
openssl-1.1.1q/doc/man3/BN_CTX_new.pod
openssl-1.1.1q/doc/man3/BN_CTX_start.pod
openssl-1.1.1q/doc/man3/BN_add.pod
openssl-1.1.1q/doc/man3/BN_add_word.pod
openssl-1.1.1q/doc/man3/BN_bn2bin.pod
openssl-1.1.1q/doc/man3/BN_cmp.pod
openssl-1.1.1q/doc/man3/BN_copy.pod
openssl-1.1.1q/doc/man3/BN_generate_prime.pod
openssl-1.1.1q/doc/man3/BN_mod_inverse.pod
openssl-1.1.1q/doc/man3/BN_mod_mul_montgomery.pod
openssl-1.1.1q/doc/man3/BN_mod_mul_reciprocal.pod
openssl-1.1.1q/doc/man3/BN_new.pod
openssl-1.1.1q/doc/man3/BN_num_bytes.pod
openssl-1.1.1q/doc/man3/BN_rand.pod
openssl-1.1.1q/doc/man3/BN_security_bits.pod
openssl-1.1.1q/doc/man3/BN_set_bit.pod
openssl-1.1.1q/doc/man3/BN_swap.pod
openssl-1.1.1q/doc/man3/BN_zero.pod
openssl-1.1.1q/doc/man3/BUF_MEM_new.pod
openssl-1.1.1q/doc/man3/CMS_add0_cert.pod
openssl-1.1.1q/doc/man3/CMS_add1_recipient_cert.pod
openssl-1.1.1q/doc/man3/CMS_add1_signer.pod
openssl-1.1.1q/doc/man3/CMS_compress.pod
openssl-1.1.1q/doc/man3/CMS_decrypt.pod
openssl-1.1.1q/doc/man3/CMS_encrypt.pod
openssl-1.1.1q/doc/man3/CMS_final.pod
openssl-1.1.1q/doc/man3/CMS_get0_RecipientInfos.pod
openssl-1.1.1q/doc/man3/CMS_get0_SignerInfos.pod
openssl-1.1.1q/doc/man3/CMS_get0_type.pod
openssl-1.1.1q/doc/man3/CMS_get1_ReceiptRequest.pod
openssl-1.1.1q/doc/man3/CMS_sign.pod
openssl-1.1.1q/doc/man3/CMS_sign_receipt.pod
openssl-1.1.1q/doc/man3/CMS_uncompress.pod
openssl-1.1.1q/doc/man3/CMS_verify.pod
openssl-1.1.1q/doc/man3/CMS_verify_receipt.pod
openssl-1.1.1q/doc/man3/CONF_modules_free.pod
openssl-1.1.1q/doc/man3/CONF_modules_load_file.pod
openssl-1.1.1q/doc/man3/CRYPTO_THREAD_run_once.pod
openssl-1.1.1q/doc/man3/CRYPTO_get_ex_new_index.pod
openssl-1.1.1q/doc/man3/CRYPTO_memcmp.pod
openssl-1.1.1q/doc/man3/CTLOG_STORE_get0_log_by_id.pod
openssl-1.1.1q/doc/man3/CTLOG_STORE_new.pod
openssl-1.1.1q/doc/man3/CTLOG_new.pod
openssl-1.1.1q/doc/man3/CT_POLICY_EVAL_CTX_new.pod
openssl-1.1.1q/doc/man3/DEFINE_STACK_OF.pod
openssl-1.1.1q/doc/man3/DES_random_key.pod
openssl-1.1.1q/doc/man3/DH_generate_key.pod
openssl-1.1.1q/doc/man3/DH_generate_parameters.pod
openssl-1.1.1q/doc/man3/DH_get0_pqg.pod
openssl-1.1.1q/doc/man3/DH_get_1024_160.pod
openssl-1.1.1q/doc/man3/DH_meth_new.pod
openssl-1.1.1q/doc/man3/DH_new.pod
openssl-1.1.1q/doc/man3/DH_new_by_nid.pod
openssl-1.1.1q/doc/man3/DH_set_method.pod
openssl-1.1.1q/doc/man3/DH_size.pod
openssl-1.1.1q/doc/man3/DSA_SIG_new.pod
openssl-1.1.1q/doc/man3/DSA_do_sign.pod
openssl-1.1.1q/doc/man3/DSA_dup_DH.pod
openssl-1.1.1q/doc/man3/DSA_generate_key.pod
openssl-1.1.1q/doc/man3/DSA_generate_parameters.pod
openssl-1.1.1q/doc/man3/DSA_get0_pqg.pod
openssl-1.1.1q/doc/man3/DSA_meth_new.pod
openssl-1.1.1q/doc/man3/DSA_new.pod
openssl-1.1.1q/doc/man3/DSA_set_method.pod
openssl-1.1.1q/doc/man3/DSA_sign.pod
openssl-1.1.1q/doc/man3/DSA_size.pod
openssl-1.1.1q/doc/man3/DTLS_get_data_mtu.pod
openssl-1.1.1q/doc/man3/DTLS_set_timer_cb.pod
openssl-1.1.1q/doc/man3/DTLSv1_listen.pod
openssl-1.1.1q/doc/man3/ECDSA_SIG_new.pod
openssl-1.1.1q/doc/man3/ECPKParameters_print.pod
openssl-1.1.1q/doc/man3/EC_GFp_simple_method.pod
openssl-1.1.1q/doc/man3/EC_GROUP_copy.pod
openssl-1.1.1q/doc/man3/EC_GROUP_new.pod
openssl-1.1.1q/doc/man3/EC_KEY_get_enc_flags.pod
openssl-1.1.1q/doc/man3/EC_KEY_new.pod
openssl-1.1.1q/doc/man3/EC_POINT_add.pod
openssl-1.1.1q/doc/man3/EC_POINT_new.pod
openssl-1.1.1q/doc/man3/ENGINE_add.pod
openssl-1.1.1q/doc/man3/ERR_GET_LIB.pod
openssl-1.1.1q/doc/man3/ERR_clear_error.pod
openssl-1.1.1q/doc/man3/ERR_error_string.pod
openssl-1.1.1q/doc/man3/ERR_get_error.pod
openssl-1.1.1q/doc/man3/ERR_load_crypto_strings.pod
openssl-1.1.1q/doc/man3/ERR_load_strings.pod
openssl-1.1.1q/doc/man3/ERR_print_errors.pod
openssl-1.1.1q/doc/man3/ERR_put_error.pod
openssl-1.1.1q/doc/man3/ERR_remove_state.pod
openssl-1.1.1q/doc/man3/ERR_set_mark.pod
openssl-1.1.1q/doc/man3/EVP_BytesToKey.pod
openssl-1.1.1q/doc/man3/EVP_CIPHER_CTX_get_cipher_data.pod
openssl-1.1.1q/doc/man3/EVP_CIPHER_meth_new.pod
openssl-1.1.1q/doc/man3/EVP_DigestInit.pod
openssl-1.1.1q/doc/man3/EVP_DigestSignInit.pod
openssl-1.1.1q/doc/man3/EVP_DigestVerifyInit.pod
openssl-1.1.1q/doc/man3/EVP_EncodeInit.pod
openssl-1.1.1q/doc/man3/EVP_EncryptInit.pod
openssl-1.1.1q/doc/man3/EVP_MD_meth_new.pod
openssl-1.1.1q/doc/man3/EVP_OpenInit.pod
openssl-1.1.1q/doc/man3/EVP_PKEY_ASN1_METHOD.pod
openssl-1.1.1q/doc/man3/EVP_PKEY_CTX_ctrl.pod
openssl-1.1.1q/doc/man3/EVP_PKEY_CTX_new.pod
openssl-1.1.1q/doc/man3/EVP_PKEY_CTX_set1_pbe_pass.pod
openssl-1.1.1q/doc/man3/EVP_PKEY_CTX_set_hkdf_md.pod
openssl-1.1.1q/doc/man3/EVP_PKEY_CTX_set_rsa_pss_keygen_md.pod
openssl-1.1.1q/doc/man3/EVP_PKEY_CTX_set_scrypt_N.pod
openssl-1.1.1q/doc/man3/EVP_PKEY_CTX_set_tls1_prf_md.pod
openssl-1.1.1q/doc/man3/EVP_PKEY_asn1_get_count.pod
openssl-1.1.1q/doc/man3/EVP_PKEY_cmp.pod
openssl-1.1.1q/doc/man3/EVP_PKEY_decrypt.pod
openssl-1.1.1q/doc/man3/EVP_PKEY_derive.pod
openssl-1.1.1q/doc/man3/EVP_PKEY_encrypt.pod
openssl-1.1.1q/doc/man3/EVP_PKEY_get_default_digest_nid.pod
openssl-1.1.1q/doc/man3/EVP_PKEY_keygen.pod
openssl-1.1.1q/doc/man3/EVP_PKEY_meth_get_count.pod
openssl-1.1.1q/doc/man3/EVP_PKEY_meth_new.pod
openssl-1.1.1q/doc/man3/EVP_PKEY_new.pod
openssl-1.1.1q/doc/man3/EVP_PKEY_print_private.pod
openssl-1.1.1q/doc/man3/EVP_PKEY_set1_RSA.pod
openssl-1.1.1q/doc/man3/EVP_PKEY_sign.pod
openssl-1.1.1q/doc/man3/EVP_PKEY_size.pod
openssl-1.1.1q/doc/man3/EVP_PKEY_verify.pod
openssl-1.1.1q/doc/man3/EVP_PKEY_verify_recover.pod
openssl-1.1.1q/doc/man3/EVP_SealInit.pod
openssl-1.1.1q/doc/man3/EVP_SignInit.pod
openssl-1.1.1q/doc/man3/EVP_VerifyInit.pod
openssl-1.1.1q/doc/man3/EVP_aes.pod
openssl-1.1.1q/doc/man3/EVP_aria.pod
openssl-1.1.1q/doc/man3/EVP_bf_cbc.pod
openssl-1.1.1q/doc/man3/EVP_blake2b512.pod
openssl-1.1.1q/doc/man3/EVP_camellia.pod
openssl-1.1.1q/doc/man3/EVP_cast5_cbc.pod
openssl-1.1.1q/doc/man3/EVP_chacha20.pod
openssl-1.1.1q/doc/man3/EVP_des.pod
openssl-1.1.1q/doc/man3/EVP_desx_cbc.pod
openssl-1.1.1q/doc/man3/EVP_idea_cbc.pod
openssl-1.1.1q/doc/man3/EVP_md2.pod
openssl-1.1.1q/doc/man3/EVP_md4.pod
openssl-1.1.1q/doc/man3/EVP_md5.pod
openssl-1.1.1q/doc/man3/EVP_mdc2.pod
openssl-1.1.1q/doc/man3/EVP_rc2_cbc.pod
openssl-1.1.1q/doc/man3/EVP_rc4.pod
openssl-1.1.1q/doc/man3/EVP_rc5_32_12_16_cbc.pod
openssl-1.1.1q/doc/man3/EVP_ripemd160.pod
openssl-1.1.1q/doc/man3/EVP_seed_cbc.pod
openssl-1.1.1q/doc/man3/EVP_sha1.pod
openssl-1.1.1q/doc/man3/EVP_sha224.pod
openssl-1.1.1q/doc/man3/EVP_sha3_224.pod
openssl-1.1.1q/doc/man3/EVP_sm3.pod
openssl-1.1.1q/doc/man3/EVP_sm4_cbc.pod
openssl-1.1.1q/doc/man3/EVP_whirlpool.pod
openssl-1.1.1q/doc/man3/HMAC.pod
openssl-1.1.1q/doc/man3/MD5.pod
openssl-1.1.1q/doc/man3/MDC2_Init.pod
openssl-1.1.1q/doc/man3/OBJ_nid2obj.pod
openssl-1.1.1q/doc/man3/OCSP_REQUEST_new.pod
openssl-1.1.1q/doc/man3/OCSP_cert_to_id.pod
openssl-1.1.1q/doc/man3/OCSP_request_add1_nonce.pod
openssl-1.1.1q/doc/man3/OCSP_resp_find_status.pod
openssl-1.1.1q/doc/man3/OCSP_response_status.pod
openssl-1.1.1q/doc/man3/OCSP_sendreq_new.pod
openssl-1.1.1q/doc/man3/OPENSSL_Applink.pod
openssl-1.1.1q/doc/man3/OPENSSL_LH_COMPFUNC.pod
openssl-1.1.1q/doc/man3/OPENSSL_LH_stats.pod
openssl-1.1.1q/doc/man3/OPENSSL_VERSION_NUMBER.pod
openssl-1.1.1q/doc/man3/OPENSSL_config.pod
openssl-1.1.1q/doc/man3/OPENSSL_fork_prepare.pod
openssl-1.1.1q/doc/man3/OPENSSL_ia32cap.pod
openssl-1.1.1q/doc/man3/OPENSSL_init_crypto.pod
openssl-1.1.1q/doc/man3/OPENSSL_init_ssl.pod
openssl-1.1.1q/doc/man3/OPENSSL_instrument_bus.pod
openssl-1.1.1q/doc/man3/OPENSSL_load_builtin_modules.pod
openssl-1.1.1q/doc/man3/OPENSSL_malloc.pod
openssl-1.1.1q/doc/man3/OPENSSL_secure_malloc.pod
openssl-1.1.1q/doc/man3/OSSL_STORE_INFO.pod
openssl-1.1.1q/doc/man3/OSSL_STORE_LOADER.pod
openssl-1.1.1q/doc/man3/OSSL_STORE_SEARCH.pod
openssl-1.1.1q/doc/man3/OSSL_STORE_expect.pod
openssl-1.1.1q/doc/man3/OSSL_STORE_open.pod
openssl-1.1.1q/doc/man3/OpenSSL_add_all_algorithms.pod
openssl-1.1.1q/doc/man3/PEM_bytes_read_bio.pod
openssl-1.1.1q/doc/man3/PEM_read.pod
openssl-1.1.1q/doc/man3/PEM_read_CMS.pod
openssl-1.1.1q/doc/man3/PEM_read_bio_PrivateKey.pod
openssl-1.1.1q/doc/man3/PEM_read_bio_ex.pod
openssl-1.1.1q/doc/man3/PEM_write_bio_CMS_stream.pod
openssl-1.1.1q/doc/man3/PEM_write_bio_PKCS7_stream.pod
openssl-1.1.1q/doc/man3/PKCS12_create.pod
openssl-1.1.1q/doc/man3/PKCS12_newpass.pod
openssl-1.1.1q/doc/man3/PKCS12_parse.pod
openssl-1.1.1q/doc/man3/PKCS5_PBKDF2_HMAC.pod
openssl-1.1.1q/doc/man3/PKCS7_decrypt.pod
openssl-1.1.1q/doc/man3/PKCS7_encrypt.pod
openssl-1.1.1q/doc/man3/PKCS7_sign.pod
openssl-1.1.1q/doc/man3/PKCS7_sign_add_signer.pod
openssl-1.1.1q/doc/man3/PKCS7_verify.pod
openssl-1.1.1q/doc/man3/RAND_DRBG_generate.pod
openssl-1.1.1q/doc/man3/RAND_DRBG_get0_master.pod
openssl-1.1.1q/doc/man3/RAND_DRBG_new.pod
openssl-1.1.1q/doc/man3/RAND_DRBG_reseed.pod
openssl-1.1.1q/doc/man3/RAND_DRBG_set_callbacks.pod
openssl-1.1.1q/doc/man3/RAND_DRBG_set_ex_data.pod
openssl-1.1.1q/doc/man3/RAND_add.pod
openssl-1.1.1q/doc/man3/RAND_bytes.pod
openssl-1.1.1q/doc/man3/RAND_cleanup.pod
openssl-1.1.1q/doc/man3/RAND_egd.pod
openssl-1.1.1q/doc/man3/RAND_load_file.pod
openssl-1.1.1q/doc/man3/RAND_set_rand_method.pod
openssl-1.1.1q/doc/man3/RC4_set_key.pod
openssl-1.1.1q/doc/man3/RIPEMD160_Init.pod
openssl-1.1.1q/doc/man3/RSA_blinding_on.pod
openssl-1.1.1q/doc/man3/RSA_check_key.pod
openssl-1.1.1q/doc/man3/RSA_generate_key.pod
openssl-1.1.1q/doc/man3/RSA_get0_key.pod
openssl-1.1.1q/doc/man3/RSA_meth_new.pod
openssl-1.1.1q/doc/man3/RSA_new.pod
openssl-1.1.1q/doc/man3/RSA_padding_add_PKCS1_type_1.pod
openssl-1.1.1q/doc/man3/RSA_print.pod
openssl-1.1.1q/doc/man3/RSA_private_encrypt.pod
openssl-1.1.1q/doc/man3/RSA_public_encrypt.pod
openssl-1.1.1q/doc/man3/RSA_set_method.pod
openssl-1.1.1q/doc/man3/RSA_sign.pod
openssl-1.1.1q/doc/man3/RSA_sign_ASN1_OCTET_STRING.pod
openssl-1.1.1q/doc/man3/RSA_size.pod
openssl-1.1.1q/doc/man3/SCT_new.pod
openssl-1.1.1q/doc/man3/SCT_print.pod
openssl-1.1.1q/doc/man3/SCT_validate.pod
openssl-1.1.1q/doc/man3/SHA256_Init.pod
openssl-1.1.1q/doc/man3/SMIME_read_CMS.pod
openssl-1.1.1q/doc/man3/SMIME_read_PKCS7.pod
openssl-1.1.1q/doc/man3/SMIME_write_CMS.pod
openssl-1.1.1q/doc/man3/SMIME_write_PKCS7.pod
openssl-1.1.1q/doc/man3/SSL_CIPHER_get_name.pod
openssl-1.1.1q/doc/man3/SSL_COMP_add_compression_method.pod
openssl-1.1.1q/doc/man3/SSL_CONF_CTX_new.pod
openssl-1.1.1q/doc/man3/SSL_CONF_CTX_set1_prefix.pod
openssl-1.1.1q/doc/man3/SSL_CONF_CTX_set_flags.pod
openssl-1.1.1q/doc/man3/SSL_CONF_CTX_set_ssl_ctx.pod
openssl-1.1.1q/doc/man3/SSL_CONF_cmd.pod
openssl-1.1.1q/doc/man3/SSL_CONF_cmd_argv.pod
openssl-1.1.1q/doc/man3/SSL_CTX_add1_chain_cert.pod
openssl-1.1.1q/doc/man3/SSL_CTX_add_extra_chain_cert.pod
openssl-1.1.1q/doc/man3/SSL_CTX_add_session.pod
openssl-1.1.1q/doc/man3/SSL_CTX_config.pod
openssl-1.1.1q/doc/man3/SSL_CTX_ctrl.pod
openssl-1.1.1q/doc/man3/SSL_CTX_dane_enable.pod
openssl-1.1.1q/doc/man3/SSL_CTX_flush_sessions.pod
openssl-1.1.1q/doc/man3/SSL_CTX_free.pod
openssl-1.1.1q/doc/man3/SSL_CTX_get0_param.pod
openssl-1.1.1q/doc/man3/SSL_CTX_get_verify_mode.pod
openssl-1.1.1q/doc/man3/SSL_CTX_has_client_custom_ext.pod
openssl-1.1.1q/doc/man3/SSL_CTX_load_verify_locations.pod
openssl-1.1.1q/doc/man3/SSL_CTX_new.pod
openssl-1.1.1q/doc/man3/SSL_CTX_sess_number.pod
openssl-1.1.1q/doc/man3/SSL_CTX_sess_set_cache_size.pod
openssl-1.1.1q/doc/man3/SSL_CTX_sess_set_get_cb.pod
openssl-1.1.1q/doc/man3/SSL_CTX_sessions.pod
openssl-1.1.1q/doc/man3/SSL_CTX_set0_CA_list.pod
openssl-1.1.1q/doc/man3/SSL_CTX_set1_curves.pod
openssl-1.1.1q/doc/man3/SSL_CTX_set1_sigalgs.pod
openssl-1.1.1q/doc/man3/SSL_CTX_set1_verify_cert_store.pod
openssl-1.1.1q/doc/man3/SSL_CTX_set_alpn_select_cb.pod
openssl-1.1.1q/doc/man3/SSL_CTX_set_cert_cb.pod
openssl-1.1.1q/doc/man3/SSL_CTX_set_cert_store.pod
openssl-1.1.1q/doc/man3/SSL_CTX_set_cert_verify_callback.pod
openssl-1.1.1q/doc/man3/SSL_CTX_set_cipher_list.pod
openssl-1.1.1q/doc/man3/SSL_CTX_set_client_cert_cb.pod
openssl-1.1.1q/doc/man3/SSL_CTX_set_client_hello_cb.pod
openssl-1.1.1q/doc/man3/SSL_CTX_set_ct_validation_callback.pod
openssl-1.1.1q/doc/man3/SSL_CTX_set_ctlog_list_file.pod
openssl-1.1.1q/doc/man3/SSL_CTX_set_default_passwd_cb.pod
openssl-1.1.1q/doc/man3/SSL_CTX_set_ex_data.pod
openssl-1.1.1q/doc/man3/SSL_CTX_set_generate_session_id.pod
openssl-1.1.1q/doc/man3/SSL_CTX_set_info_callback.pod
openssl-1.1.1q/doc/man3/SSL_CTX_set_keylog_callback.pod
openssl-1.1.1q/doc/man3/SSL_CTX_set_max_cert_list.pod
openssl-1.1.1q/doc/man3/SSL_CTX_set_min_proto_version.pod
openssl-1.1.1q/doc/man3/SSL_CTX_set_mode.pod
openssl-1.1.1q/doc/man3/SSL_CTX_set_msg_callback.pod
openssl-1.1.1q/doc/man3/SSL_CTX_set_num_tickets.pod
openssl-1.1.1q/doc/man3/SSL_CTX_set_options.pod
openssl-1.1.1q/doc/man3/SSL_CTX_set_psk_client_callback.pod
openssl-1.1.1q/doc/man3/SSL_CTX_set_quiet_shutdown.pod
openssl-1.1.1q/doc/man3/SSL_CTX_set_read_ahead.pod
openssl-1.1.1q/doc/man3/SSL_CTX_set_record_padding_callback.pod
openssl-1.1.1q/doc/man3/SSL_CTX_set_security_level.pod
openssl-1.1.1q/doc/man3/SSL_CTX_set_session_cache_mode.pod
openssl-1.1.1q/doc/man3/SSL_CTX_set_session_id_context.pod
openssl-1.1.1q/doc/man3/SSL_CTX_set_session_ticket_cb.pod
openssl-1.1.1q/doc/man3/SSL_CTX_set_split_send_fragment.pod
openssl-1.1.1q/doc/man3/SSL_CTX_set_ssl_version.pod
openssl-1.1.1q/doc/man3/SSL_CTX_set_stateless_cookie_generate_cb.pod
openssl-1.1.1q/doc/man3/SSL_CTX_set_timeout.pod
openssl-1.1.1q/doc/man3/SSL_CTX_set_tlsext_servername_callback.pod
openssl-1.1.1q/doc/man3/SSL_CTX_set_tlsext_status_cb.pod
openssl-1.1.1q/doc/man3/SSL_CTX_set_tlsext_ticket_key_cb.pod
openssl-1.1.1q/doc/man3/SSL_CTX_set_tlsext_use_srtp.pod
openssl-1.1.1q/doc/man3/SSL_CTX_set_tmp_dh_callback.pod
openssl-1.1.1q/doc/man3/SSL_CTX_set_verify.pod
openssl-1.1.1q/doc/man3/SSL_CTX_use_certificate.pod
openssl-1.1.1q/doc/man3/SSL_CTX_use_psk_identity_hint.pod
openssl-1.1.1q/doc/man3/SSL_CTX_use_serverinfo.pod
openssl-1.1.1q/doc/man3/SSL_SESSION_free.pod
openssl-1.1.1q/doc/man3/SSL_SESSION_get0_cipher.pod
openssl-1.1.1q/doc/man3/SSL_SESSION_get0_hostname.pod
openssl-1.1.1q/doc/man3/SSL_SESSION_get0_id_context.pod
openssl-1.1.1q/doc/man3/SSL_SESSION_get0_peer.pod
openssl-1.1.1q/doc/man3/SSL_SESSION_get_compress_id.pod
openssl-1.1.1q/doc/man3/SSL_SESSION_get_ex_data.pod
openssl-1.1.1q/doc/man3/SSL_SESSION_get_protocol_version.pod
openssl-1.1.1q/doc/man3/SSL_SESSION_get_time.pod
openssl-1.1.1q/doc/man3/SSL_SESSION_has_ticket.pod
openssl-1.1.1q/doc/man3/SSL_SESSION_is_resumable.pod
openssl-1.1.1q/doc/man3/SSL_SESSION_print.pod
openssl-1.1.1q/doc/man3/SSL_SESSION_set1_id.pod
openssl-1.1.1q/doc/man3/SSL_accept.pod
openssl-1.1.1q/doc/man3/SSL_alert_type_string.pod
openssl-1.1.1q/doc/man3/SSL_alloc_buffers.pod
openssl-1.1.1q/doc/man3/SSL_check_chain.pod
openssl-1.1.1q/doc/man3/SSL_clear.pod
openssl-1.1.1q/doc/man3/SSL_connect.pod
openssl-1.1.1q/doc/man3/SSL_do_handshake.pod
openssl-1.1.1q/doc/man3/SSL_export_keying_material.pod
openssl-1.1.1q/doc/man3/SSL_extension_supported.pod
openssl-1.1.1q/doc/man3/SSL_free.pod
openssl-1.1.1q/doc/man3/SSL_get0_peer_scts.pod
openssl-1.1.1q/doc/man3/SSL_get_SSL_CTX.pod
openssl-1.1.1q/doc/man3/SSL_get_all_async_fds.pod
openssl-1.1.1q/doc/man3/SSL_get_ciphers.pod
openssl-1.1.1q/doc/man3/SSL_get_client_random.pod
openssl-1.1.1q/doc/man3/SSL_get_current_cipher.pod
openssl-1.1.1q/doc/man3/SSL_get_default_timeout.pod
openssl-1.1.1q/doc/man3/SSL_get_error.pod
openssl-1.1.1q/doc/man3/SSL_get_extms_support.pod
openssl-1.1.1q/doc/man3/SSL_get_fd.pod
openssl-1.1.1q/doc/man3/SSL_get_peer_cert_chain.pod
openssl-1.1.1q/doc/man3/SSL_get_peer_certificate.pod
openssl-1.1.1q/doc/man3/SSL_get_peer_signature_nid.pod
openssl-1.1.1q/doc/man3/SSL_get_peer_tmp_key.pod
openssl-1.1.1q/doc/man3/SSL_get_psk_identity.pod
openssl-1.1.1q/doc/man3/SSL_get_rbio.pod
openssl-1.1.1q/doc/man3/SSL_get_session.pod
openssl-1.1.1q/doc/man3/SSL_get_shared_sigalgs.pod
openssl-1.1.1q/doc/man3/SSL_get_verify_result.pod
openssl-1.1.1q/doc/man3/SSL_get_version.pod
openssl-1.1.1q/doc/man3/SSL_in_init.pod
openssl-1.1.1q/doc/man3/SSL_key_update.pod
openssl-1.1.1q/doc/man3/SSL_library_init.pod
openssl-1.1.1q/doc/man3/SSL_load_client_CA_file.pod
openssl-1.1.1q/doc/man3/SSL_new.pod
openssl-1.1.1q/doc/man3/SSL_pending.pod
openssl-1.1.1q/doc/man3/SSL_read.pod
openssl-1.1.1q/doc/man3/SSL_read_early_data.pod
openssl-1.1.1q/doc/man3/SSL_rstate_string.pod
openssl-1.1.1q/doc/man3/SSL_session_reused.pod
openssl-1.1.1q/doc/man3/SSL_set1_host.pod
openssl-1.1.1q/doc/man3/SSL_set_bio.pod
openssl-1.1.1q/doc/man3/SSL_set_connect_state.pod
openssl-1.1.1q/doc/man3/SSL_set_fd.pod
openssl-1.1.1q/doc/man3/SSL_set_session.pod
openssl-1.1.1q/doc/man3/SSL_set_shutdown.pod
openssl-1.1.1q/doc/man3/SSL_set_verify_result.pod
openssl-1.1.1q/doc/man3/SSL_shutdown.pod
openssl-1.1.1q/doc/man3/SSL_state_string.pod
openssl-1.1.1q/doc/man3/SSL_want.pod
openssl-1.1.1q/doc/man3/SSL_write.pod
openssl-1.1.1q/doc/man3/UI_STRING.pod
openssl-1.1.1q/doc/man3/UI_UTIL_read_pw.pod
openssl-1.1.1q/doc/man3/UI_create_method.pod
openssl-1.1.1q/doc/man3/UI_new.pod
openssl-1.1.1q/doc/man3/X509V3_get_d2i.pod
openssl-1.1.1q/doc/man3/X509_ALGOR_dup.pod
openssl-1.1.1q/doc/man3/X509_CRL_get0_by_serial.pod
openssl-1.1.1q/doc/man3/X509_EXTENSION_set_object.pod
openssl-1.1.1q/doc/man3/X509_LOOKUP.pod
openssl-1.1.1q/doc/man3/X509_LOOKUP_hash_dir.pod
openssl-1.1.1q/doc/man3/X509_LOOKUP_meth_new.pod
openssl-1.1.1q/doc/man3/X509_NAME_ENTRY_get_object.pod
openssl-1.1.1q/doc/man3/X509_NAME_add_entry_by_txt.pod
openssl-1.1.1q/doc/man3/X509_NAME_get0_der.pod
openssl-1.1.1q/doc/man3/X509_NAME_get_index_by_NID.pod
openssl-1.1.1q/doc/man3/X509_NAME_print_ex.pod
openssl-1.1.1q/doc/man3/X509_PUBKEY_new.pod
openssl-1.1.1q/doc/man3/X509_SIG_get0.pod
openssl-1.1.1q/doc/man3/X509_STORE_CTX_get_error.pod
openssl-1.1.1q/doc/man3/X509_STORE_CTX_new.pod
openssl-1.1.1q/doc/man3/X509_STORE_CTX_set_verify_cb.pod
openssl-1.1.1q/doc/man3/X509_STORE_add_cert.pod
openssl-1.1.1q/doc/man3/X509_STORE_get0_param.pod
openssl-1.1.1q/doc/man3/X509_STORE_new.pod
openssl-1.1.1q/doc/man3/X509_STORE_set_verify_cb_func.pod
openssl-1.1.1q/doc/man3/X509_VERIFY_PARAM_set_flags.pod
openssl-1.1.1q/doc/man3/X509_check_ca.pod
openssl-1.1.1q/doc/man3/X509_check_host.pod
openssl-1.1.1q/doc/man3/X509_check_issued.pod
openssl-1.1.1q/doc/man3/X509_check_private_key.pod
openssl-1.1.1q/doc/man3/X509_check_purpose.pod
openssl-1.1.1q/doc/man3/X509_cmp.pod
openssl-1.1.1q/doc/man3/X509_cmp_time.pod
openssl-1.1.1q/doc/man3/X509_digest.pod
openssl-1.1.1q/doc/man3/X509_dup.pod
openssl-1.1.1q/doc/man3/X509_get0_notBefore.pod
openssl-1.1.1q/doc/man3/X509_get0_signature.pod
openssl-1.1.1q/doc/man3/X509_get0_uids.pod
openssl-1.1.1q/doc/man3/X509_get_extension_flags.pod
openssl-1.1.1q/doc/man3/X509_get_pubkey.pod
openssl-1.1.1q/doc/man3/X509_get_serialNumber.pod
openssl-1.1.1q/doc/man3/X509_get_subject_name.pod
openssl-1.1.1q/doc/man3/X509_get_version.pod
openssl-1.1.1q/doc/man3/X509_new.pod
openssl-1.1.1q/doc/man3/X509_sign.pod
openssl-1.1.1q/doc/man3/X509_verify_cert.pod
openssl-1.1.1q/doc/man3/X509v3_get_ext_by_NID.pod
openssl-1.1.1q/doc/man3/d2i_DHparams.pod
openssl-1.1.1q/doc/man3/d2i_PKCS8PrivateKey_bio.pod
openssl-1.1.1q/doc/man3/d2i_PrivateKey.pod
openssl-1.1.1q/doc/man3/d2i_SSL_SESSION.pod
openssl-1.1.1q/doc/man3/d2i_X509.pod
openssl-1.1.1q/doc/man3/i2d_CMS_bio_stream.pod
openssl-1.1.1q/doc/man3/i2d_PKCS7_bio_stream.pod
openssl-1.1.1q/doc/man3/i2d_re_X509_tbs.pod
openssl-1.1.1q/doc/man3/o2i_SCT_LIST.pod
openssl-1.1.1q/doc/man5/
openssl-1.1.1q/doc/man5/config.pod
openssl-1.1.1q/doc/man5/x509v3_config.pod
openssl-1.1.1q/doc/man7/
openssl-1.1.1q/doc/man7/Ed25519.pod
openssl-1.1.1q/doc/man7/RAND.pod
openssl-1.1.1q/doc/man7/RAND_DRBG.pod
openssl-1.1.1q/doc/man7/RSA-PSS.pod
openssl-1.1.1q/doc/man7/SM2.pod
openssl-1.1.1q/doc/man7/X25519.pod
openssl-1.1.1q/doc/man7/bio.pod
openssl-1.1.1q/doc/man7/crypto.pod
openssl-1.1.1q/doc/man7/ct.pod
openssl-1.1.1q/doc/man7/des_modes.pod
openssl-1.1.1q/doc/man7/evp.pod
openssl-1.1.1q/doc/man7/ossl_store-file.pod
openssl-1.1.1q/doc/man7/ossl_store.pod
openssl-1.1.1q/doc/man7/passphrase-encoding.pod
openssl-1.1.1q/doc/man7/proxy-certificates.pod
openssl-1.1.1q/doc/man7/scrypt.pod
openssl-1.1.1q/doc/man7/ssl.pod
openssl-1.1.1q/doc/man7/x509.pod
openssl-1.1.1q/doc/openssl-c-indent.el
openssl-1.1.1q/e_os.h
openssl-1.1.1q/engines/
openssl-1.1.1q/engines/asm/
openssl-1.1.1q/engines/asm/e_padlock-x86.pl
openssl-1.1.1q/engines/asm/e_padlock-x86_64.pl
openssl-1.1.1q/engines/build.info
openssl-1.1.1q/engines/e_afalg.c
openssl-1.1.1q/engines/e_afalg.ec
openssl-1.1.1q/engines/e_afalg.h
openssl-1.1.1q/engines/e_afalg.txt
openssl-1.1.1q/engines/e_afalg_err.c
openssl-1.1.1q/engines/e_afalg_err.h
openssl-1.1.1q/engines/e_capi.c
openssl-1.1.1q/engines/e_capi.ec
openssl-1.1.1q/engines/e_capi.txt
openssl-1.1.1q/engines/e_capi_err.c
openssl-1.1.1q/engines/e_capi_err.h
openssl-1.1.1q/engines/e_dasync.c
openssl-1.1.1q/engines/e_dasync.ec
openssl-1.1.1q/engines/e_dasync.txt
openssl-1.1.1q/engines/e_dasync_err.c
openssl-1.1.1q/engines/e_dasync_err.h
openssl-1.1.1q/engines/e_ossltest.c
openssl-1.1.1q/engines/e_ossltest.ec
openssl-1.1.1q/engines/e_ossltest.txt
openssl-1.1.1q/engines/e_ossltest_err.c
openssl-1.1.1q/engines/e_ossltest_err.h
openssl-1.1.1q/engines/e_padlock.c
openssl-1.1.1q/external/
openssl-1.1.1q/external/perl/
openssl-1.1.1q/external/perl/Downloaded.txt
openssl-1.1.1q/external/perl/Text-Template-1.46/
openssl-1.1.1q/external/perl/Text-Template-1.46/Artistic
openssl-1.1.1q/external/perl/Text-Template-1.46/COPYING
openssl-1.1.1q/external/perl/Text-Template-1.46/INSTALL
openssl-1.1.1q/external/perl/Text-Template-1.46/MANIFEST
openssl-1.1.1q/external/perl/Text-Template-1.46/META.json
openssl-1.1.1q/external/perl/Text-Template-1.46/META.yml
openssl-1.1.1q/external/perl/Text-Template-1.46/Makefile.PL
openssl-1.1.1q/external/perl/Text-Template-1.46/README
openssl-1.1.1q/external/perl/Text-Template-1.46/lib/
openssl-1.1.1q/external/perl/Text-Template-1.46/lib/Text/
openssl-1.1.1q/external/perl/Text-Template-1.46/lib/Text/Template.pm
openssl-1.1.1q/external/perl/Text-Template-1.46/lib/Text/Template/
openssl-1.1.1q/external/perl/Text-Template-1.46/lib/Text/Template/Preprocess.pm
openssl-1.1.1q/external/perl/Text-Template-1.46/t/
openssl-1.1.1q/external/perl/Text-Template-1.46/t/00-version.t
openssl-1.1.1q/external/perl/Text-Template-1.46/t/01-basic.t
openssl-1.1.1q/external/perl/Text-Template-1.46/t/02-hash.t
openssl-1.1.1q/external/perl/Text-Template-1.46/t/03-out.t
openssl-1.1.1q/external/perl/Text-Template-1.46/t/04-safe.t
openssl-1.1.1q/external/perl/Text-Template-1.46/t/05-safe2.t
openssl-1.1.1q/external/perl/Text-Template-1.46/t/06-ofh.t
openssl-1.1.1q/external/perl/Text-Template-1.46/t/07-safe3.t
openssl-1.1.1q/external/perl/Text-Template-1.46/t/08-exported.t
openssl-1.1.1q/external/perl/Text-Template-1.46/t/09-error.t
openssl-1.1.1q/external/perl/Text-Template-1.46/t/10-delimiters.t
openssl-1.1.1q/external/perl/Text-Template-1.46/t/11-prepend.t
openssl-1.1.1q/external/perl/Text-Template-1.46/t/12-preprocess.t
openssl-1.1.1q/external/perl/Text-Template-1.46/t/13-taint.t
openssl-1.1.1q/external/perl/Text-Template-1.46/t/14-broken.t
openssl-1.1.1q/external/perl/transfer/
openssl-1.1.1q/external/perl/transfer/Text/
openssl-1.1.1q/external/perl/transfer/Text/Template.pm
openssl-1.1.1q/fuzz/
openssl-1.1.1q/fuzz/README.md
openssl-1.1.1q/fuzz/asn1.c
openssl-1.1.1q/fuzz/asn1parse.c
openssl-1.1.1q/fuzz/bignum.c
openssl-1.1.1q/fuzz/bndiv.c
openssl-1.1.1q/fuzz/build.info
openssl-1.1.1q/fuzz/client.c
openssl-1.1.1q/fuzz/cms.c
openssl-1.1.1q/fuzz/conf.c
openssl-1.1.1q/fuzz/crl.c
openssl-1.1.1q/fuzz/ct.c
openssl-1.1.1q/fuzz/driver.c
openssl-1.1.1q/fuzz/fuzzer.h
openssl-1.1.1q/fuzz/helper.py
openssl-1.1.1q/fuzz/mkfuzzoids.pl
openssl-1.1.1q/fuzz/oids.txt
openssl-1.1.1q/fuzz/rand.inc
openssl-1.1.1q/fuzz/server.c
openssl-1.1.1q/fuzz/test-corpus.c
openssl-1.1.1q/fuzz/x509.c
openssl-1.1.1q/include/
openssl-1.1.1q/include/crypto/
openssl-1.1.1q/include/crypto/__DECC_INCLUDE_EPILOGUE.H
openssl-1.1.1q/include/crypto/__DECC_INCLUDE_PROLOGUE.H
openssl-1.1.1q/include/crypto/aria.h
openssl-1.1.1q/include/crypto/asn1.h
openssl-1.1.1q/include/crypto/async.h
openssl-1.1.1q/include/crypto/bn.h
openssl-1.1.1q/include/crypto/bn_conf.h.in
openssl-1.1.1q/include/crypto/bn_dh.h
openssl-1.1.1q/include/crypto/bn_srp.h
openssl-1.1.1q/include/crypto/chacha.h
openssl-1.1.1q/include/crypto/cryptlib.h
openssl-1.1.1q/include/crypto/ctype.h
openssl-1.1.1q/include/crypto/dso_conf.h.in
openssl-1.1.1q/include/crypto/ec.h
openssl-1.1.1q/include/crypto/engine.h
openssl-1.1.1q/include/crypto/err.h
openssl-1.1.1q/include/crypto/evp.h
openssl-1.1.1q/include/crypto/lhash.h
openssl-1.1.1q/include/crypto/md32_common.h
openssl-1.1.1q/include/crypto/objects.h
openssl-1.1.1q/include/crypto/poly1305.h
openssl-1.1.1q/include/crypto/rand.h
openssl-1.1.1q/include/crypto/sha.h
openssl-1.1.1q/include/crypto/siphash.h
openssl-1.1.1q/include/crypto/sm2.h
openssl-1.1.1q/include/crypto/sm2err.h
openssl-1.1.1q/include/crypto/sm3.h
openssl-1.1.1q/include/crypto/sm4.h
openssl-1.1.1q/include/crypto/store.h
openssl-1.1.1q/include/crypto/x509.h
openssl-1.1.1q/include/internal/
openssl-1.1.1q/include/internal/__DECC_INCLUDE_EPILOGUE.H
openssl-1.1.1q/include/internal/__DECC_INCLUDE_PROLOGUE.H
openssl-1.1.1q/include/internal/bio.h
openssl-1.1.1q/include/internal/comp.h
openssl-1.1.1q/include/internal/conf.h
openssl-1.1.1q/include/internal/constant_time.h
openssl-1.1.1q/include/internal/cryptlib.h
openssl-1.1.1q/include/internal/dane.h
openssl-1.1.1q/include/internal/dso.h
openssl-1.1.1q/include/internal/dsoerr.h
openssl-1.1.1q/include/internal/err.h
openssl-1.1.1q/include/internal/nelem.h
openssl-1.1.1q/include/internal/numbers.h
openssl-1.1.1q/include/internal/o_dir.h
openssl-1.1.1q/include/internal/o_str.h
openssl-1.1.1q/include/internal/refcount.h
openssl-1.1.1q/include/internal/sockets.h
openssl-1.1.1q/include/internal/sslconf.h
openssl-1.1.1q/include/internal/thread_once.h
openssl-1.1.1q/include/internal/tsan_assist.h
openssl-1.1.1q/include/openssl/
openssl-1.1.1q/include/openssl/__DECC_INCLUDE_EPILOGUE.H
openssl-1.1.1q/include/openssl/__DECC_INCLUDE_PROLOGUE.H
openssl-1.1.1q/include/openssl/aes.h
openssl-1.1.1q/include/openssl/asn1.h
openssl-1.1.1q/include/openssl/asn1_mac.h
openssl-1.1.1q/include/openssl/asn1err.h
openssl-1.1.1q/include/openssl/asn1t.h
openssl-1.1.1q/include/openssl/async.h
openssl-1.1.1q/include/openssl/asyncerr.h
openssl-1.1.1q/include/openssl/bio.h
openssl-1.1.1q/include/openssl/bioerr.h
openssl-1.1.1q/include/openssl/blowfish.h
openssl-1.1.1q/include/openssl/bn.h
openssl-1.1.1q/include/openssl/bnerr.h
openssl-1.1.1q/include/openssl/buffer.h
openssl-1.1.1q/include/openssl/buffererr.h
openssl-1.1.1q/include/openssl/camellia.h
openssl-1.1.1q/include/openssl/cast.h
openssl-1.1.1q/include/openssl/cmac.h
openssl-1.1.1q/include/openssl/cms.h
openssl-1.1.1q/include/openssl/cmserr.h
openssl-1.1.1q/include/openssl/comp.h
openssl-1.1.1q/include/openssl/comperr.h
openssl-1.1.1q/include/openssl/conf.h
openssl-1.1.1q/include/openssl/conf_api.h
openssl-1.1.1q/include/openssl/conferr.h
openssl-1.1.1q/include/openssl/crypto.h
openssl-1.1.1q/include/openssl/cryptoerr.h
openssl-1.1.1q/include/openssl/ct.h
openssl-1.1.1q/include/openssl/cterr.h
openssl-1.1.1q/include/openssl/des.h
openssl-1.1.1q/include/openssl/dh.h
openssl-1.1.1q/include/openssl/dherr.h
openssl-1.1.1q/include/openssl/dsa.h
openssl-1.1.1q/include/openssl/dsaerr.h
openssl-1.1.1q/include/openssl/dtls1.h
openssl-1.1.1q/include/openssl/e_os2.h
openssl-1.1.1q/include/openssl/ebcdic.h
openssl-1.1.1q/include/openssl/ec.h
openssl-1.1.1q/include/openssl/ecdh.h
openssl-1.1.1q/include/openssl/ecdsa.h
openssl-1.1.1q/include/openssl/ecerr.h
openssl-1.1.1q/include/openssl/engine.h
openssl-1.1.1q/include/openssl/engineerr.h
openssl-1.1.1q/include/openssl/err.h
openssl-1.1.1q/include/openssl/evp.h
openssl-1.1.1q/include/openssl/evperr.h
openssl-1.1.1q/include/openssl/hmac.h
openssl-1.1.1q/include/openssl/idea.h
openssl-1.1.1q/include/openssl/kdf.h
openssl-1.1.1q/include/openssl/kdferr.h
openssl-1.1.1q/include/openssl/lhash.h
openssl-1.1.1q/include/openssl/md2.h
openssl-1.1.1q/include/openssl/md4.h
openssl-1.1.1q/include/openssl/md5.h
openssl-1.1.1q/include/openssl/mdc2.h
openssl-1.1.1q/include/openssl/modes.h
openssl-1.1.1q/include/openssl/obj_mac.h
openssl-1.1.1q/include/openssl/objects.h
openssl-1.1.1q/include/openssl/objectserr.h
openssl-1.1.1q/include/openssl/ocsp.h
openssl-1.1.1q/include/openssl/ocsperr.h
openssl-1.1.1q/include/openssl/opensslconf.h.in
openssl-1.1.1q/include/openssl/opensslv.h
openssl-1.1.1q/include/openssl/ossl_typ.h
openssl-1.1.1q/include/openssl/pem.h
openssl-1.1.1q/include/openssl/pem2.h
openssl-1.1.1q/include/openssl/pemerr.h
openssl-1.1.1q/include/openssl/pkcs12.h
openssl-1.1.1q/include/openssl/pkcs12err.h
openssl-1.1.1q/include/openssl/pkcs7.h
openssl-1.1.1q/include/openssl/pkcs7err.h
openssl-1.1.1q/include/openssl/rand.h
openssl-1.1.1q/include/openssl/rand_drbg.h
openssl-1.1.1q/include/openssl/randerr.h
openssl-1.1.1q/include/openssl/rc2.h
openssl-1.1.1q/include/openssl/rc4.h
openssl-1.1.1q/include/openssl/rc5.h
openssl-1.1.1q/include/openssl/ripemd.h
openssl-1.1.1q/include/openssl/rsa.h
openssl-1.1.1q/include/openssl/rsaerr.h
openssl-1.1.1q/include/openssl/safestack.h
openssl-1.1.1q/include/openssl/seed.h
openssl-1.1.1q/include/openssl/sha.h
openssl-1.1.1q/include/openssl/srp.h
openssl-1.1.1q/include/openssl/srtp.h
openssl-1.1.1q/include/openssl/ssl.h
openssl-1.1.1q/include/openssl/ssl2.h
openssl-1.1.1q/include/openssl/ssl3.h
openssl-1.1.1q/include/openssl/sslerr.h
openssl-1.1.1q/include/openssl/stack.h
openssl-1.1.1q/include/openssl/store.h
openssl-1.1.1q/include/openssl/storeerr.h
openssl-1.1.1q/include/openssl/symhacks.h
openssl-1.1.1q/include/openssl/tls1.h
openssl-1.1.1q/include/openssl/ts.h
openssl-1.1.1q/include/openssl/tserr.h
openssl-1.1.1q/include/openssl/txt_db.h
openssl-1.1.1q/include/openssl/ui.h
openssl-1.1.1q/include/openssl/uierr.h
openssl-1.1.1q/include/openssl/whrlpool.h
openssl-1.1.1q/include/openssl/x509.h
openssl-1.1.1q/include/openssl/x509_vfy.h
openssl-1.1.1q/include/openssl/x509err.h
openssl-1.1.1q/include/openssl/x509v3.h
openssl-1.1.1q/include/openssl/x509v3err.h
openssl-1.1.1q/ms/
openssl-1.1.1q/ms/applink.c
openssl-1.1.1q/ms/cmp.pl
openssl-1.1.1q/ms/uplink-common.pl
openssl-1.1.1q/ms/uplink-ia64.pl
openssl-1.1.1q/ms/uplink-x86.pl
openssl-1.1.1q/ms/uplink-x86_64.pl
openssl-1.1.1q/ms/uplink.c
openssl-1.1.1q/ms/uplink.h
openssl-1.1.1q/os-dep/
openssl-1.1.1q/os-dep/haiku.h
openssl-1.1.1q/ssl/
openssl-1.1.1q/ssl/bio_ssl.c
openssl-1.1.1q/ssl/build.info
openssl-1.1.1q/ssl/d1_lib.c
openssl-1.1.1q/ssl/d1_msg.c
openssl-1.1.1q/ssl/d1_srtp.c
openssl-1.1.1q/ssl/methods.c
openssl-1.1.1q/ssl/packet.c
openssl-1.1.1q/ssl/packet_local.h
openssl-1.1.1q/ssl/pqueue.c
openssl-1.1.1q/ssl/record/
openssl-1.1.1q/ssl/record/README
openssl-1.1.1q/ssl/record/dtls1_bitmap.c
openssl-1.1.1q/ssl/record/rec_layer_d1.c
openssl-1.1.1q/ssl/record/rec_layer_s3.c
openssl-1.1.1q/ssl/record/record.h
openssl-1.1.1q/ssl/record/record_local.h
openssl-1.1.1q/ssl/record/ssl3_buffer.c
openssl-1.1.1q/ssl/record/ssl3_record.c
openssl-1.1.1q/ssl/record/ssl3_record_tls13.c
openssl-1.1.1q/ssl/s3_cbc.c
openssl-1.1.1q/ssl/s3_enc.c
openssl-1.1.1q/ssl/s3_lib.c
openssl-1.1.1q/ssl/s3_msg.c
openssl-1.1.1q/ssl/ssl_asn1.c
openssl-1.1.1q/ssl/ssl_cert.c
openssl-1.1.1q/ssl/ssl_cert_table.h
openssl-1.1.1q/ssl/ssl_ciph.c
openssl-1.1.1q/ssl/ssl_conf.c
openssl-1.1.1q/ssl/ssl_err.c
openssl-1.1.1q/ssl/ssl_init.c
openssl-1.1.1q/ssl/ssl_lib.c
openssl-1.1.1q/ssl/ssl_local.h
openssl-1.1.1q/ssl/ssl_mcnf.c
openssl-1.1.1q/ssl/ssl_rsa.c
openssl-1.1.1q/ssl/ssl_sess.c
openssl-1.1.1q/ssl/ssl_stat.c
openssl-1.1.1q/ssl/ssl_txt.c
openssl-1.1.1q/ssl/ssl_utst.c
openssl-1.1.1q/ssl/statem/
openssl-1.1.1q/ssl/statem/README
openssl-1.1.1q/ssl/statem/extensions.c
openssl-1.1.1q/ssl/statem/extensions_clnt.c
openssl-1.1.1q/ssl/statem/extensions_cust.c
openssl-1.1.1q/ssl/statem/extensions_srvr.c
openssl-1.1.1q/ssl/statem/statem.c
openssl-1.1.1q/ssl/statem/statem.h
openssl-1.1.1q/ssl/statem/statem_clnt.c
openssl-1.1.1q/ssl/statem/statem_dtls.c
openssl-1.1.1q/ssl/statem/statem_lib.c
openssl-1.1.1q/ssl/statem/statem_local.h
openssl-1.1.1q/ssl/statem/statem_srvr.c
openssl-1.1.1q/ssl/t1_enc.c
openssl-1.1.1q/ssl/t1_lib.c
openssl-1.1.1q/ssl/t1_trce.c
openssl-1.1.1q/ssl/tls13_enc.c
openssl-1.1.1q/ssl/tls_srp.c
openssl-1.1.1q/test/
openssl-1.1.1q/test/CAss.cnf
openssl-1.1.1q/test/CAssdh.cnf
openssl-1.1.1q/test/CAssdsa.cnf
openssl-1.1.1q/test/CAssrsa.cnf
openssl-1.1.1q/test/CAtsa.cnf
openssl-1.1.1q/test/P1ss.cnf
openssl-1.1.1q/test/P2ss.cnf
openssl-1.1.1q/test/README
openssl-1.1.1q/test/README.external
openssl-1.1.1q/test/README.ssltest.md
openssl-1.1.1q/test/Sssdsa.cnf
openssl-1.1.1q/test/Sssrsa.cnf
openssl-1.1.1q/test/Uss.cnf
openssl-1.1.1q/test/aborttest.c
openssl-1.1.1q/test/afalgtest.c
openssl-1.1.1q/test/asn1_decode_test.c
openssl-1.1.1q/test/asn1_encode_test.c
openssl-1.1.1q/test/asn1_internal_test.c
openssl-1.1.1q/test/asn1_string_table_test.c
openssl-1.1.1q/test/asn1_time_test.c
openssl-1.1.1q/test/asynciotest.c
openssl-1.1.1q/test/asynctest.c
openssl-1.1.1q/test/bad_dtls_test.c
openssl-1.1.1q/test/bftest.c
openssl-1.1.1q/test/bio_callback_test.c
openssl-1.1.1q/test/bio_enc_test.c
openssl-1.1.1q/test/bio_memleak_test.c
openssl-1.1.1q/test/bioprinttest.c
openssl-1.1.1q/test/bntest.c
openssl-1.1.1q/test/bntests.pl
openssl-1.1.1q/test/build.info
openssl-1.1.1q/test/casttest.c
openssl-1.1.1q/test/certs/
openssl-1.1.1q/test/certs/alt1-cert.pem
openssl-1.1.1q/test/certs/alt1-key.pem
openssl-1.1.1q/test/certs/alt2-cert.pem
openssl-1.1.1q/test/certs/alt2-key.pem
openssl-1.1.1q/test/certs/alt3-cert.pem
openssl-1.1.1q/test/certs/alt3-key.pem
openssl-1.1.1q/test/certs/bad-pc3-cert.pem
openssl-1.1.1q/test/certs/bad-pc3-key.pem
openssl-1.1.1q/test/certs/bad-pc4-cert.pem
openssl-1.1.1q/test/certs/bad-pc4-key.pem
openssl-1.1.1q/test/certs/bad-pc6-cert.pem
openssl-1.1.1q/test/certs/bad-pc6-key.pem
openssl-1.1.1q/test/certs/bad.key
openssl-1.1.1q/test/certs/bad.pem
openssl-1.1.1q/test/certs/badalt1-cert.pem
openssl-1.1.1q/test/certs/badalt1-key.pem
openssl-1.1.1q/test/certs/badalt10-cert.pem
openssl-1.1.1q/test/certs/badalt10-key.pem
openssl-1.1.1q/test/certs/badalt2-cert.pem
openssl-1.1.1q/test/certs/badalt2-key.pem
openssl-1.1.1q/test/certs/badalt3-cert.pem
openssl-1.1.1q/test/certs/badalt3-key.pem
openssl-1.1.1q/test/certs/badalt4-cert.pem
openssl-1.1.1q/test/certs/badalt4-key.pem
openssl-1.1.1q/test/certs/badalt5-cert.pem
openssl-1.1.1q/test/certs/badalt5-key.pem
openssl-1.1.1q/test/certs/badalt6-cert.pem
openssl-1.1.1q/test/certs/badalt6-key.pem
openssl-1.1.1q/test/certs/badalt7-cert.pem
openssl-1.1.1q/test/certs/badalt7-key.pem
openssl-1.1.1q/test/certs/badalt8-cert.pem
openssl-1.1.1q/test/certs/badalt8-key.pem
openssl-1.1.1q/test/certs/badalt9-cert.pem
openssl-1.1.1q/test/certs/badalt9-key.pem
openssl-1.1.1q/test/certs/badcn1-cert.pem
openssl-1.1.1q/test/certs/badcn1-key.pem
openssl-1.1.1q/test/certs/ca+anyEKU.pem
openssl-1.1.1q/test/certs/ca+clientAuth.pem
openssl-1.1.1q/test/certs/ca+serverAuth.pem
openssl-1.1.1q/test/certs/ca-anyEKU.pem
openssl-1.1.1q/test/certs/ca-cert-768.pem
openssl-1.1.1q/test/certs/ca-cert-768i.pem
openssl-1.1.1q/test/certs/ca-cert-ec-explicit.pem
openssl-1.1.1q/test/certs/ca-cert-ec-named.pem
openssl-1.1.1q/test/certs/ca-cert-md5-any.pem
openssl-1.1.1q/test/certs/ca-cert-md5.pem
openssl-1.1.1q/test/certs/ca-cert.pem
openssl-1.1.1q/test/certs/ca-cert2.pem
openssl-1.1.1q/test/certs/ca-clientAuth.pem
openssl-1.1.1q/test/certs/ca-expired.pem
openssl-1.1.1q/test/certs/ca-key-768.pem
openssl-1.1.1q/test/certs/ca-key-ec-explicit.pem
openssl-1.1.1q/test/certs/ca-key-ec-named.pem
openssl-1.1.1q/test/certs/ca-key.pem
openssl-1.1.1q/test/certs/ca-key2.pem
openssl-1.1.1q/test/certs/ca-name2.pem
openssl-1.1.1q/test/certs/ca-nonbc.pem
openssl-1.1.1q/test/certs/ca-nonca.pem
openssl-1.1.1q/test/certs/ca-pss-cert.pem
openssl-1.1.1q/test/certs/ca-pss-key.pem
openssl-1.1.1q/test/certs/ca-root2.pem
openssl-1.1.1q/test/certs/ca-serverAuth.pem
openssl-1.1.1q/test/certs/cca+anyEKU.pem
openssl-1.1.1q/test/certs/cca+clientAuth.pem
openssl-1.1.1q/test/certs/cca+serverAuth.pem
openssl-1.1.1q/test/certs/cca-anyEKU.pem
openssl-1.1.1q/test/certs/cca-cert.pem
openssl-1.1.1q/test/certs/cca-clientAuth.pem
openssl-1.1.1q/test/certs/cca-serverAuth.pem
openssl-1.1.1q/test/certs/client-ed25519-cert.pem
openssl-1.1.1q/test/certs/client-ed25519-key.pem
openssl-1.1.1q/test/certs/client-ed448-cert.pem
openssl-1.1.1q/test/certs/client-ed448-key.pem
openssl-1.1.1q/test/certs/croot+anyEKU.pem
openssl-1.1.1q/test/certs/croot+clientAuth.pem
openssl-1.1.1q/test/certs/croot+serverAuth.pem
openssl-1.1.1q/test/certs/croot-anyEKU.pem
openssl-1.1.1q/test/certs/croot-cert.pem
openssl-1.1.1q/test/certs/croot-clientAuth.pem
openssl-1.1.1q/test/certs/croot-serverAuth.pem
openssl-1.1.1q/test/certs/cross-key.pem
openssl-1.1.1q/test/certs/cross-root.pem
openssl-1.1.1q/test/certs/cyrillic.msb
openssl-1.1.1q/test/certs/cyrillic.pem
openssl-1.1.1q/test/certs/cyrillic.utf8
openssl-1.1.1q/test/certs/cyrillic_crl.pem
openssl-1.1.1q/test/certs/cyrillic_crl.utf8
openssl-1.1.1q/test/certs/dhp2048.pem
openssl-1.1.1q/test/certs/ee+clientAuth.pem
openssl-1.1.1q/test/certs/ee+serverAuth.pem
openssl-1.1.1q/test/certs/ee-cert-768.pem
openssl-1.1.1q/test/certs/ee-cert-768i.pem
openssl-1.1.1q/test/certs/ee-cert-ec-explicit.pem
openssl-1.1.1q/test/certs/ee-cert-ec-named-explicit.pem
openssl-1.1.1q/test/certs/ee-cert-ec-named-named.pem
openssl-1.1.1q/test/certs/ee-cert-md5.pem
openssl-1.1.1q/test/certs/ee-cert.pem
openssl-1.1.1q/test/certs/ee-cert2.pem
openssl-1.1.1q/test/certs/ee-client-chain.pem
openssl-1.1.1q/test/certs/ee-client.pem
openssl-1.1.1q/test/certs/ee-clientAuth.pem
openssl-1.1.1q/test/certs/ee-ecdsa-client-chain.pem
openssl-1.1.1q/test/certs/ee-ecdsa-key.pem
openssl-1.1.1q/test/certs/ee-ed25519.pem
openssl-1.1.1q/test/certs/ee-expired.pem
openssl-1.1.1q/test/certs/ee-key-768.pem
openssl-1.1.1q/test/certs/ee-key-ec-explicit.pem
openssl-1.1.1q/test/certs/ee-key-ec-named-explicit.pem
openssl-1.1.1q/test/certs/ee-key-ec-named-named.pem
openssl-1.1.1q/test/certs/ee-key.pem
openssl-1.1.1q/test/certs/ee-name2.pem
openssl-1.1.1q/test/certs/ee-pathlen.pem
openssl-1.1.1q/test/certs/ee-pss-cert.pem
openssl-1.1.1q/test/certs/ee-pss-sha1-cert.pem
openssl-1.1.1q/test/certs/ee-pss-sha256-cert.pem
openssl-1.1.1q/test/certs/ee-self-signed.pem
openssl-1.1.1q/test/certs/ee-serverAuth.pem
openssl-1.1.1q/test/certs/embeddedSCTs1-key.pem
openssl-1.1.1q/test/certs/embeddedSCTs1.pem
openssl-1.1.1q/test/certs/embeddedSCTs1.sct
openssl-1.1.1q/test/certs/embeddedSCTs1_issuer-key.pem
openssl-1.1.1q/test/certs/embeddedSCTs1_issuer.pem
openssl-1.1.1q/test/certs/embeddedSCTs3.pem
openssl-1.1.1q/test/certs/embeddedSCTs3.sct
openssl-1.1.1q/test/certs/embeddedSCTs3_issuer.pem
openssl-1.1.1q/test/certs/goodcn1-cert.pem
openssl-1.1.1q/test/certs/goodcn1-key.pem
openssl-1.1.1q/test/certs/interCA.key
openssl-1.1.1q/test/certs/interCA.pem
openssl-1.1.1q/test/certs/invalid-cert.pem
openssl-1.1.1q/test/certs/leaf.key
openssl-1.1.1q/test/certs/leaf.pem
openssl-1.1.1q/test/certs/many-constraints.pem
openssl-1.1.1q/test/certs/many-names1.pem
openssl-1.1.1q/test/certs/many-names2.pem
openssl-1.1.1q/test/certs/many-names3.pem
openssl-1.1.1q/test/certs/mkcert.sh
openssl-1.1.1q/test/certs/nca+anyEKU.pem
openssl-1.1.1q/test/certs/nca+serverAuth.pem
openssl-1.1.1q/test/certs/ncca-cert.pem
openssl-1.1.1q/test/certs/ncca-key.pem
openssl-1.1.1q/test/certs/ncca1-cert.pem
openssl-1.1.1q/test/certs/ncca1-key.pem
openssl-1.1.1q/test/certs/ncca2-cert.pem
openssl-1.1.1q/test/certs/ncca2-key.pem
openssl-1.1.1q/test/certs/ncca3-cert.pem
openssl-1.1.1q/test/certs/ncca3-key.pem
openssl-1.1.1q/test/certs/nroot+anyEKU.pem
openssl-1.1.1q/test/certs/nroot+serverAuth.pem
openssl-1.1.1q/test/certs/p256-server-cert.pem
openssl-1.1.1q/test/certs/p256-server-key.pem
openssl-1.1.1q/test/certs/p384-root-key.pem
openssl-1.1.1q/test/certs/p384-root.pem
openssl-1.1.1q/test/certs/p384-server-cert.pem
openssl-1.1.1q/test/certs/p384-server-key.pem
openssl-1.1.1q/test/certs/pathlen.pem
openssl-1.1.1q/test/certs/pc1-cert.pem
openssl-1.1.1q/test/certs/pc1-key.pem
openssl-1.1.1q/test/certs/pc2-cert.pem
openssl-1.1.1q/test/certs/pc2-key.pem
openssl-1.1.1q/test/certs/pc5-cert.pem
openssl-1.1.1q/test/certs/pc5-key.pem
openssl-1.1.1q/test/certs/root+anyEKU.pem
openssl-1.1.1q/test/certs/root+clientAuth.pem
openssl-1.1.1q/test/certs/root+serverAuth.pem
openssl-1.1.1q/test/certs/root-anyEKU.pem
openssl-1.1.1q/test/certs/root-cert-768.pem
openssl-1.1.1q/test/certs/root-cert-md5.pem
openssl-1.1.1q/test/certs/root-cert-rsa2.pem
openssl-1.1.1q/test/certs/root-cert.pem
openssl-1.1.1q/test/certs/root-cert2.pem
openssl-1.1.1q/test/certs/root-clientAuth.pem
openssl-1.1.1q/test/certs/root-cross-cert.pem
openssl-1.1.1q/test/certs/root-ed25519.pem
openssl-1.1.1q/test/certs/root-ed448-cert.pem
openssl-1.1.1q/test/certs/root-ed448-key.pem
openssl-1.1.1q/test/certs/root-expired.pem
openssl-1.1.1q/test/certs/root-key-768.pem
openssl-1.1.1q/test/certs/root-key.pem
openssl-1.1.1q/test/certs/root-key2.pem
openssl-1.1.1q/test/certs/root-name2.pem
openssl-1.1.1q/test/certs/root-nonca.pem
openssl-1.1.1q/test/certs/root-noserver.pem
openssl-1.1.1q/test/certs/root-serverAuth.pem
openssl-1.1.1q/test/certs/root2+clientAuth.pem
openssl-1.1.1q/test/certs/root2+serverAuth.pem
openssl-1.1.1q/test/certs/root2-serverAuth.pem
openssl-1.1.1q/test/certs/rootCA.key
openssl-1.1.1q/test/certs/rootCA.pem
openssl-1.1.1q/test/certs/rootcert.pem
openssl-1.1.1q/test/certs/rootkey.pem
openssl-1.1.1q/test/certs/roots.pem
openssl-1.1.1q/test/certs/sca+anyEKU.pem
openssl-1.1.1q/test/certs/sca+clientAuth.pem
openssl-1.1.1q/test/certs/sca+serverAuth.pem
openssl-1.1.1q/test/certs/sca-anyEKU.pem
openssl-1.1.1q/test/certs/sca-cert.pem
openssl-1.1.1q/test/certs/sca-clientAuth.pem
openssl-1.1.1q/test/certs/sca-serverAuth.pem
openssl-1.1.1q/test/certs/server-cecdsa-cert.pem
openssl-1.1.1q/test/certs/server-cecdsa-key.pem
openssl-1.1.1q/test/certs/server-dsa-cert.pem
openssl-1.1.1q/test/certs/server-dsa-key.pem
openssl-1.1.1q/test/certs/server-ecdsa-brainpoolP256r1-cert.pem
openssl-1.1.1q/test/certs/server-ecdsa-brainpoolP256r1-key.pem
openssl-1.1.1q/test/certs/server-ecdsa-cert.pem
openssl-1.1.1q/test/certs/server-ecdsa-key.pem
openssl-1.1.1q/test/certs/server-ed25519-cert.pem
openssl-1.1.1q/test/certs/server-ed25519-key.pem
openssl-1.1.1q/test/certs/server-ed448-cert.pem
openssl-1.1.1q/test/certs/server-ed448-key.pem
openssl-1.1.1q/test/certs/server-pss-cert.pem
openssl-1.1.1q/test/certs/server-pss-key.pem
openssl-1.1.1q/test/certs/server-pss-restrict-cert.pem
openssl-1.1.1q/test/certs/server-pss-restrict-key.pem
openssl-1.1.1q/test/certs/server-trusted.pem
openssl-1.1.1q/test/certs/servercert.pem
openssl-1.1.1q/test/certs/serverkey.pem
openssl-1.1.1q/test/certs/setup.sh
openssl-1.1.1q/test/certs/some-names1.pem
openssl-1.1.1q/test/certs/some-names2.pem
openssl-1.1.1q/test/certs/some-names3.pem
openssl-1.1.1q/test/certs/sroot+anyEKU.pem
openssl-1.1.1q/test/certs/sroot+clientAuth.pem
openssl-1.1.1q/test/certs/sroot+serverAuth.pem
openssl-1.1.1q/test/certs/sroot-anyEKU.pem
openssl-1.1.1q/test/certs/sroot-cert.pem
openssl-1.1.1q/test/certs/sroot-clientAuth.pem
openssl-1.1.1q/test/certs/sroot-serverAuth.pem
openssl-1.1.1q/test/certs/subinterCA-ss.pem
openssl-1.1.1q/test/certs/subinterCA.key
openssl-1.1.1q/test/certs/subinterCA.pem
openssl-1.1.1q/test/certs/untrusted.pem
openssl-1.1.1q/test/certs/wrongcert.pem
openssl-1.1.1q/test/certs/wrongkey.pem
openssl-1.1.1q/test/certs/x509-check-key.pem
openssl-1.1.1q/test/certs/x509-check.csr
openssl-1.1.1q/test/chacha_internal_test.c
openssl-1.1.1q/test/cipher_overhead_test.c
openssl-1.1.1q/test/cipherbytes_test.c
openssl-1.1.1q/test/cipherlist_test.c
openssl-1.1.1q/test/ciphername_test.c
openssl-1.1.1q/test/clienthellotest.c
openssl-1.1.1q/test/cmactest.c
openssl-1.1.1q/test/cms-examples.pl
openssl-1.1.1q/test/cmsapitest.c
openssl-1.1.1q/test/conf_include_test.c
openssl-1.1.1q/test/constant_time_test.c
openssl-1.1.1q/test/crltest.c
openssl-1.1.1q/test/ct/
openssl-1.1.1q/test/ct/log_list.conf
openssl-1.1.1q/test/ct/tls1.sct
openssl-1.1.1q/test/ct_test.c
openssl-1.1.1q/test/ctype_internal_test.c
openssl-1.1.1q/test/curve448_internal_test.c
openssl-1.1.1q/test/d2i-tests/
openssl-1.1.1q/test/d2i-tests/bad-cms.der
openssl-1.1.1q/test/d2i-tests/bad-int-pad0.der
openssl-1.1.1q/test/d2i-tests/bad-int-padminus1.der
openssl-1.1.1q/test/d2i-tests/bad_bio.der
openssl-1.1.1q/test/d2i-tests/bad_cert.der
openssl-1.1.1q/test/d2i-tests/bad_generalname.der
openssl-1.1.1q/test/d2i-tests/high_tag.der
openssl-1.1.1q/test/d2i-tests/int0.der
openssl-1.1.1q/test/d2i-tests/int1.der
openssl-1.1.1q/test/d2i-tests/intminus1.der
openssl-1.1.1q/test/d2i_test.c
openssl-1.1.1q/test/dane-cross.in
openssl-1.1.1q/test/danetest.c
openssl-1.1.1q/test/danetest.in
openssl-1.1.1q/test/danetest.pem
openssl-1.1.1q/test/data.bin
openssl-1.1.1q/test/destest.c
openssl-1.1.1q/test/dhtest.c
openssl-1.1.1q/test/drbg_cavs_data.c
openssl-1.1.1q/test/drbg_cavs_data.h
openssl-1.1.1q/test/drbg_cavs_test.c
openssl-1.1.1q/test/drbgtest.c
openssl-1.1.1q/test/drbgtest.h
openssl-1.1.1q/test/dsa_no_digest_size_test.c
openssl-1.1.1q/test/dsatest.c
openssl-1.1.1q/test/dtls_mtu_test.c
openssl-1.1.1q/test/dtlstest.c
openssl-1.1.1q/test/dtlsv1listentest.c
openssl-1.1.1q/test/ec_internal_test.c
openssl-1.1.1q/test/ecdsatest.c
openssl-1.1.1q/test/ecdsatest.h
openssl-1.1.1q/test/ecstresstest.c
openssl-1.1.1q/test/ectest.c
openssl-1.1.1q/test/enginetest.c
openssl-1.1.1q/test/errtest.c
openssl-1.1.1q/test/evp_extra_test.c
openssl-1.1.1q/test/evp_test.c
openssl-1.1.1q/test/evp_test.h
openssl-1.1.1q/test/exdatatest.c
openssl-1.1.1q/test/exptest.c
openssl-1.1.1q/test/fatalerrtest.c
openssl-1.1.1q/test/generate_buildtest.pl
openssl-1.1.1q/test/generate_ssl_tests.pl
openssl-1.1.1q/test/gmdifftest.c
openssl-1.1.1q/test/gosttest.c
openssl-1.1.1q/test/handshake_helper.c
openssl-1.1.1q/test/handshake_helper.h
openssl-1.1.1q/test/hmactest.c
openssl-1.1.1q/test/ideatest.c
openssl-1.1.1q/test/igetest.c
openssl-1.1.1q/test/lhash_test.c
openssl-1.1.1q/test/md2test.c
openssl-1.1.1q/test/mdc2_internal_test.c
openssl-1.1.1q/test/mdc2test.c
openssl-1.1.1q/test/memleaktest.c
openssl-1.1.1q/test/modes_internal_test.c
openssl-1.1.1q/test/ocsp-tests/
openssl-1.1.1q/test/ocsp-tests/D1.ors
openssl-1.1.1q/test/ocsp-tests/D1_Cert_EE.pem
openssl-1.1.1q/test/ocsp-tests/D1_Issuer_ICA.pem
openssl-1.1.1q/test/ocsp-tests/D2.ors
openssl-1.1.1q/test/ocsp-tests/D2_Cert_ICA.pem
openssl-1.1.1q/test/ocsp-tests/D2_Issuer_Root.pem
openssl-1.1.1q/test/ocsp-tests/D3.ors
openssl-1.1.1q/test/ocsp-tests/D3_Cert_EE.pem
openssl-1.1.1q/test/ocsp-tests/D3_Issuer_Root.pem
openssl-1.1.1q/test/ocsp-tests/ISDOSC_D1.ors
openssl-1.1.1q/test/ocsp-tests/ISDOSC_D2.ors
openssl-1.1.1q/test/ocsp-tests/ISDOSC_D3.ors
openssl-1.1.1q/test/ocsp-tests/ISIC_D1_Issuer_ICA.pem
openssl-1.1.1q/test/ocsp-tests/ISIC_D2_Issuer_Root.pem
openssl-1.1.1q/test/ocsp-tests/ISIC_D3_Issuer_Root.pem
openssl-1.1.1q/test/ocsp-tests/ISIC_ND1_Issuer_ICA.pem
openssl-1.1.1q/test/ocsp-tests/ISIC_ND2_Issuer_Root.pem
openssl-1.1.1q/test/ocsp-tests/ISIC_ND3_Issuer_Root.pem
openssl-1.1.1q/test/ocsp-tests/ISOP_D1.ors
openssl-1.1.1q/test/ocsp-tests/ISOP_D2.ors
openssl-1.1.1q/test/ocsp-tests/ISOP_D3.ors
openssl-1.1.1q/test/ocsp-tests/ISOP_ND1.ors
openssl-1.1.1q/test/ocsp-tests/ISOP_ND2.ors
openssl-1.1.1q/test/ocsp-tests/ISOP_ND3.ors
openssl-1.1.1q/test/ocsp-tests/ND1.ors
openssl-1.1.1q/test/ocsp-tests/ND1_Cert_EE.pem
openssl-1.1.1q/test/ocsp-tests/ND1_Cross_Root.pem
openssl-1.1.1q/test/ocsp-tests/ND1_Issuer_ICA-Cross.pem
openssl-1.1.1q/test/ocsp-tests/ND1_Issuer_ICA.pem
openssl-1.1.1q/test/ocsp-tests/ND2.ors
openssl-1.1.1q/test/ocsp-tests/ND2_Cert_ICA.pem
openssl-1.1.1q/test/ocsp-tests/ND2_Issuer_Root.pem
openssl-1.1.1q/test/ocsp-tests/ND3.ors
openssl-1.1.1q/test/ocsp-tests/ND3_Cert_EE.pem
openssl-1.1.1q/test/ocsp-tests/ND3_Issuer_Root.pem
openssl-1.1.1q/test/ocsp-tests/WIKH_D1.ors
openssl-1.1.1q/test/ocsp-tests/WIKH_D2.ors
openssl-1.1.1q/test/ocsp-tests/WIKH_D3.ors
openssl-1.1.1q/test/ocsp-tests/WIKH_ND1.ors
openssl-1.1.1q/test/ocsp-tests/WIKH_ND2.ors
openssl-1.1.1q/test/ocsp-tests/WIKH_ND3.ors
openssl-1.1.1q/test/ocsp-tests/WINH_D1.ors
openssl-1.1.1q/test/ocsp-tests/WINH_D2.ors
openssl-1.1.1q/test/ocsp-tests/WINH_D3.ors
openssl-1.1.1q/test/ocsp-tests/WINH_ND1.ors
openssl-1.1.1q/test/ocsp-tests/WINH_ND2.ors
openssl-1.1.1q/test/ocsp-tests/WINH_ND3.ors
openssl-1.1.1q/test/ocsp-tests/WKDOSC_D1.ors
openssl-1.1.1q/test/ocsp-tests/WKDOSC_D2.ors
openssl-1.1.1q/test/ocsp-tests/WKDOSC_D3.ors
openssl-1.1.1q/test/ocsp-tests/WKIC_D1_Issuer_ICA.pem
openssl-1.1.1q/test/ocsp-tests/WKIC_D2_Issuer_Root.pem
openssl-1.1.1q/test/ocsp-tests/WKIC_D3_Issuer_Root.pem
openssl-1.1.1q/test/ocsp-tests/WKIC_ND1_Issuer_ICA.pem
openssl-1.1.1q/test/ocsp-tests/WKIC_ND2_Issuer_Root.pem
openssl-1.1.1q/test/ocsp-tests/WKIC_ND3_Issuer_Root.pem
openssl-1.1.1q/test/ocsp-tests/WRID_D1.ors
openssl-1.1.1q/test/ocsp-tests/WRID_D2.ors
openssl-1.1.1q/test/ocsp-tests/WRID_D3.ors
openssl-1.1.1q/test/ocsp-tests/WRID_ND1.ors
openssl-1.1.1q/test/ocsp-tests/WRID_ND2.ors
openssl-1.1.1q/test/ocsp-tests/WRID_ND3.ors
openssl-1.1.1q/test/ocsp-tests/WSNIC_D1_Issuer_ICA.pem
openssl-1.1.1q/test/ocsp-tests/WSNIC_D2_Issuer_Root.pem
openssl-1.1.1q/test/ocsp-tests/WSNIC_D3_Issuer_Root.pem
openssl-1.1.1q/test/ocsp-tests/WSNIC_ND1_Issuer_ICA.pem
openssl-1.1.1q/test/ocsp-tests/WSNIC_ND2_Issuer_Root.pem
openssl-1.1.1q/test/ocsp-tests/WSNIC_ND3_Issuer_Root.pem
openssl-1.1.1q/test/ocspapitest.c
openssl-1.1.1q/test/ossl_shim/
openssl-1.1.1q/test/ossl_shim/async_bio.cc
openssl-1.1.1q/test/ossl_shim/async_bio.h
openssl-1.1.1q/test/ossl_shim/build.info
openssl-1.1.1q/test/ossl_shim/include/
openssl-1.1.1q/test/ossl_shim/include/openssl/
openssl-1.1.1q/test/ossl_shim/include/openssl/base.h
openssl-1.1.1q/test/ossl_shim/ossl_config.json
openssl-1.1.1q/test/ossl_shim/ossl_shim.cc
openssl-1.1.1q/test/ossl_shim/packeted_bio.cc
openssl-1.1.1q/test/ossl_shim/packeted_bio.h
openssl-1.1.1q/test/ossl_shim/test_config.cc
openssl-1.1.1q/test/ossl_shim/test_config.h
openssl-1.1.1q/test/packettest.c
openssl-1.1.1q/test/pbelutest.c
openssl-1.1.1q/test/pemtest.c
openssl-1.1.1q/test/pkcs7-1.pem
openssl-1.1.1q/test/pkcs7.pem
openssl-1.1.1q/test/pkey_meth_kdf_test.c
openssl-1.1.1q/test/pkey_meth_test.c
openssl-1.1.1q/test/pkits-test.pl
openssl-1.1.1q/test/poly1305_internal_test.c
openssl-1.1.1q/test/rc2test.c
openssl-1.1.1q/test/rc4test.c
openssl-1.1.1q/test/rc5test.c
openssl-1.1.1q/test/rdrand_sanitytest.c
openssl-1.1.1q/test/recipes/
openssl-1.1.1q/test/recipes/01-test_abort.t
openssl-1.1.1q/test/recipes/01-test_sanity.t
openssl-1.1.1q/test/recipes/01-test_symbol_presence.t
openssl-1.1.1q/test/recipes/01-test_test.t
openssl-1.1.1q/test/recipes/02-test_errstr.t
openssl-1.1.1q/test/recipes/02-test_internal_ctype.t
openssl-1.1.1q/test/recipes/02-test_lhash.t
openssl-1.1.1q/test/recipes/02-test_ordinals.t
openssl-1.1.1q/test/recipes/02-test_stack.t
openssl-1.1.1q/test/recipes/03-test_exdata.t
openssl-1.1.1q/test/recipes/03-test_internal_asn1.t
openssl-1.1.1q/test/recipes/03-test_internal_chacha.t
openssl-1.1.1q/test/recipes/03-test_internal_curve448.t
openssl-1.1.1q/test/recipes/03-test_internal_ec.t
openssl-1.1.1q/test/recipes/03-test_internal_mdc2.t
openssl-1.1.1q/test/recipes/03-test_internal_modes.t
openssl-1.1.1q/test/recipes/03-test_internal_poly1305.t
openssl-1.1.1q/test/recipes/03-test_internal_siphash.t
openssl-1.1.1q/test/recipes/03-test_internal_sm2.t
openssl-1.1.1q/test/recipes/03-test_internal_sm4.t
openssl-1.1.1q/test/recipes/03-test_internal_ssl_cert_table.t
openssl-1.1.1q/test/recipes/03-test_internal_x509.t
openssl-1.1.1q/test/recipes/03-test_ui.t
openssl-1.1.1q/test/recipes/04-test_asn1_decode.t
openssl-1.1.1q/test/recipes/04-test_asn1_encode.t
openssl-1.1.1q/test/recipes/04-test_asn1_string_table.t
openssl-1.1.1q/test/recipes/04-test_bio_callback.t
openssl-1.1.1q/test/recipes/04-test_bioprint.t
openssl-1.1.1q/test/recipes/04-test_err.t
openssl-1.1.1q/test/recipes/04-test_pem.t
openssl-1.1.1q/test/recipes/04-test_pem_data/
openssl-1.1.1q/test/recipes/04-test_pem_data/NOTES
openssl-1.1.1q/test/recipes/04-test_pem_data/beermug.pem
openssl-1.1.1q/test/recipes/04-test_pem_data/cert-1023line.pem
openssl-1.1.1q/test/recipes/04-test_pem_data/cert-1024line.pem
openssl-1.1.1q/test/recipes/04-test_pem_data/cert-1025line.pem
openssl-1.1.1q/test/recipes/04-test_pem_data/cert-254-chars-at-the-end.pem
openssl-1.1.1q/test/recipes/04-test_pem_data/cert-254-chars-in-the-middle.pem
openssl-1.1.1q/test/recipes/04-test_pem_data/cert-255line.pem
openssl-1.1.1q/test/recipes/04-test_pem_data/cert-256line.pem
openssl-1.1.1q/test/recipes/04-test_pem_data/cert-257line.pem
openssl-1.1.1q/test/recipes/04-test_pem_data/cert-blankline.pem
openssl-1.1.1q/test/recipes/04-test_pem_data/cert-comment.pem
openssl-1.1.1q/test/recipes/04-test_pem_data/cert-earlypad.pem
openssl-1.1.1q/test/recipes/04-test_pem_data/cert-extrapad.pem
openssl-1.1.1q/test/recipes/04-test_pem_data/cert-infixwhitespace.pem
openssl-1.1.1q/test/recipes/04-test_pem_data/cert-junk.pem
openssl-1.1.1q/test/recipes/04-test_pem_data/cert-leadingwhitespace.pem
openssl-1.1.1q/test/recipes/04-test_pem_data/cert-longline.pem
openssl-1.1.1q/test/recipes/04-test_pem_data/cert-misalignedpad.pem
openssl-1.1.1q/test/recipes/04-test_pem_data/cert-onecolumn.pem
openssl-1.1.1q/test/recipes/04-test_pem_data/cert-oneline-multiple-of-254.pem
openssl-1.1.1q/test/recipes/04-test_pem_data/cert-oneline.pem
openssl-1.1.1q/test/recipes/04-test_pem_data/cert-shortandlongline.pem
openssl-1.1.1q/test/recipes/04-test_pem_data/cert-shortline.pem
openssl-1.1.1q/test/recipes/04-test_pem_data/cert-threecolumn.pem
openssl-1.1.1q/test/recipes/04-test_pem_data/cert-trailingwhitespace.pem
openssl-1.1.1q/test/recipes/04-test_pem_data/cert.pem
openssl-1.1.1q/test/recipes/04-test_pem_data/csr.pem
openssl-1.1.1q/test/recipes/04-test_pem_data/dsa-1023line.pem
openssl-1.1.1q/test/recipes/04-test_pem_data/dsa-1024line.pem
openssl-1.1.1q/test/recipes/04-test_pem_data/dsa-1025line.pem
openssl-1.1.1q/test/recipes/04-test_pem_data/dsa-255line.pem
openssl-1.1.1q/test/recipes/04-test_pem_data/dsa-256line.pem
openssl-1.1.1q/test/recipes/04-test_pem_data/dsa-257line.pem
openssl-1.1.1q/test/recipes/04-test_pem_data/dsa-blankline.pem
openssl-1.1.1q/test/recipes/04-test_pem_data/dsa-comment.pem
openssl-1.1.1q/test/recipes/04-test_pem_data/dsa-corruptedheader.pem
openssl-1.1.1q/test/recipes/04-test_pem_data/dsa-corruptiv.pem
openssl-1.1.1q/test/recipes/04-test_pem_data/dsa-earlypad.pem
openssl-1.1.1q/test/recipes/04-test_pem_data/dsa-extrapad.pem
openssl-1.1.1q/test/recipes/04-test_pem_data/dsa-infixwhitespace.pem
openssl-1.1.1q/test/recipes/04-test_pem_data/dsa-junk.pem
openssl-1.1.1q/test/recipes/04-test_pem_data/dsa-leadingwhitespace.pem
openssl-1.1.1q/test/recipes/04-test_pem_data/dsa-longline.pem
openssl-1.1.1q/test/recipes/04-test_pem_data/dsa-misalignedpad.pem
openssl-1.1.1q/test/recipes/04-test_pem_data/dsa-onecolumn.pem
openssl-1.1.1q/test/recipes/04-test_pem_data/dsa-oneline.pem
openssl-1.1.1q/test/recipes/04-test_pem_data/dsa-onelineheader.pem
openssl-1.1.1q/test/recipes/04-test_pem_data/dsa-shortandlongline.pem
openssl-1.1.1q/test/recipes/04-test_pem_data/dsa-shortline.pem
openssl-1.1.1q/test/recipes/04-test_pem_data/dsa-threecolumn.pem
openssl-1.1.1q/test/recipes/04-test_pem_data/dsa-trailingwhitespace.pem
openssl-1.1.1q/test/recipes/04-test_pem_data/dsa.pem
openssl-1.1.1q/test/recipes/04-test_pem_data/dsaparam.pem
openssl-1.1.1q/test/recipes/04-test_pem_data/key.pem
openssl-1.1.1q/test/recipes/04-test_pem_data/wellknown
openssl-1.1.1q/test/recipes/05-test_bf.t
openssl-1.1.1q/test/recipes/05-test_cast.t
openssl-1.1.1q/test/recipes/05-test_cmac.t
openssl-1.1.1q/test/recipes/05-test_des.t
openssl-1.1.1q/test/recipes/05-test_hmac.t
openssl-1.1.1q/test/recipes/05-test_idea.t
openssl-1.1.1q/test/recipes/05-test_md2.t
openssl-1.1.1q/test/recipes/05-test_mdc2.t
openssl-1.1.1q/test/recipes/05-test_rand.t
openssl-1.1.1q/test/recipes/05-test_rc2.t
openssl-1.1.1q/test/recipes/05-test_rc4.t
openssl-1.1.1q/test/recipes/05-test_rc5.t
openssl-1.1.1q/test/recipes/06-test-rdrand.t
openssl-1.1.1q/test/recipes/10-test_bn.t
openssl-1.1.1q/test/recipes/10-test_bn_data/
openssl-1.1.1q/test/recipes/10-test_bn_data/bnexp.txt
openssl-1.1.1q/test/recipes/10-test_bn_data/bngcd.txt
openssl-1.1.1q/test/recipes/10-test_bn_data/bnmod.txt
openssl-1.1.1q/test/recipes/10-test_bn_data/bnmul.txt
openssl-1.1.1q/test/recipes/10-test_bn_data/bnshift.txt
openssl-1.1.1q/test/recipes/10-test_bn_data/bnsum.txt
openssl-1.1.1q/test/recipes/10-test_exp.t
openssl-1.1.1q/test/recipes/15-test_dh.t
openssl-1.1.1q/test/recipes/15-test_dsa.t
openssl-1.1.1q/test/recipes/15-test_ec.t
openssl-1.1.1q/test/recipes/15-test_ecdsa.t
openssl-1.1.1q/test/recipes/15-test_ecparam.t
openssl-1.1.1q/test/recipes/15-test_ecparam_data/
openssl-1.1.1q/test/recipes/15-test_ecparam_data/invalid/
openssl-1.1.1q/test/recipes/15-test_ecparam_data/invalid/c2pnb208w1-reducible.pem
openssl-1.1.1q/test/recipes/15-test_ecparam_data/invalid/nistp256-nonprime.pem
openssl-1.1.1q/test/recipes/15-test_ecparam_data/invalid/nistp256-offcurve.pem
openssl-1.1.1q/test/recipes/15-test_ecparam_data/invalid/nistp256-wrongorder.pem
openssl-1.1.1q/test/recipes/15-test_ecparam_data/valid/
openssl-1.1.1q/test/recipes/15-test_ecparam_data/valid/c2pnb163v1-explicit.pem
openssl-1.1.1q/test/recipes/15-test_ecparam_data/valid/c2pnb163v1-named.pem
openssl-1.1.1q/test/recipes/15-test_ecparam_data/valid/c2pnb163v2-explicit.pem
openssl-1.1.1q/test/recipes/15-test_ecparam_data/valid/c2pnb163v2-named.pem
openssl-1.1.1q/test/recipes/15-test_ecparam_data/valid/c2pnb163v3-explicit.pem
openssl-1.1.1q/test/recipes/15-test_ecparam_data/valid/c2pnb163v3-named.pem
openssl-1.1.1q/test/recipes/15-test_ecparam_data/valid/c2pnb176v1-explicit.pem
openssl-1.1.1q/test/recipes/15-test_ecparam_data/valid/c2pnb176v1-named.pem
openssl-1.1.1q/test/recipes/15-test_ecparam_data/valid/c2pnb208w1-explicit.pem
openssl-1.1.1q/test/recipes/15-test_ecparam_data/valid/c2pnb208w1-named.pem
openssl-1.1.1q/test/recipes/15-test_ecparam_data/valid/c2pnb272w1-explicit.pem
openssl-1.1.1q/test/recipes/15-test_ecparam_data/valid/c2pnb272w1-named.pem
openssl-1.1.1q/test/recipes/15-test_ecparam_data/valid/c2pnb304w1-explicit.pem
openssl-1.1.1q/test/recipes/15-test_ecparam_data/valid/c2pnb304w1-named.pem
openssl-1.1.1q/test/recipes/15-test_ecparam_data/valid/c2pnb368w1-explicit.pem
openssl-1.1.1q/test/recipes/15-test_ecparam_data/valid/c2pnb368w1-named.pem
openssl-1.1.1q/test/recipes/15-test_ecparam_data/valid/c2tnb191v1-explicit.pem
openssl-1.1.1q/test/recipes/15-test_ecparam_data/valid/c2tnb191v1-named.pem
openssl-1.1.1q/test/recipes/15-test_ecparam_data/valid/c2tnb191v2-explicit.pem
openssl-1.1.1q/test/recipes/15-test_ecparam_data/valid/c2tnb191v2-named.pem
openssl-1.1.1q/test/recipes/15-test_ecparam_data/valid/c2tnb191v3-explicit.pem
openssl-1.1.1q/test/recipes/15-test_ecparam_data/valid/c2tnb191v3-named.pem
openssl-1.1.1q/test/recipes/15-test_ecparam_data/valid/c2tnb239v1-explicit.pem
openssl-1.1.1q/test/recipes/15-test_ecparam_data/valid/c2tnb239v1-named.pem
openssl-1.1.1q/test/recipes/15-test_ecparam_data/valid/c2tnb239v2-explicit.pem
openssl-1.1.1q/test/recipes/15-test_ecparam_data/valid/c2tnb239v2-named.pem
openssl-1.1.1q/test/recipes/15-test_ecparam_data/valid/c2tnb239v3-explicit.pem
openssl-1.1.1q/test/recipes/15-test_ecparam_data/valid/c2tnb239v3-named.pem
openssl-1.1.1q/test/recipes/15-test_ecparam_data/valid/c2tnb359v1-explicit.pem
openssl-1.1.1q/test/recipes/15-test_ecparam_data/valid/c2tnb359v1-named.pem
openssl-1.1.1q/test/recipes/15-test_ecparam_data/valid/c2tnb431r1-explicit.pem
openssl-1.1.1q/test/recipes/15-test_ecparam_data/valid/c2tnb431r1-named.pem
openssl-1.1.1q/test/recipes/15-test_ecparam_data/valid/prime192v1-explicit.pem
openssl-1.1.1q/test/recipes/15-test_ecparam_data/valid/prime192v1-named.pem
openssl-1.1.1q/test/recipes/15-test_ecparam_data/valid/prime192v2-explicit.pem
openssl-1.1.1q/test/recipes/15-test_ecparam_data/valid/prime192v2-named.pem
openssl-1.1.1q/test/recipes/15-test_ecparam_data/valid/prime192v3-explicit.pem
openssl-1.1.1q/test/recipes/15-test_ecparam_data/valid/prime192v3-named.pem
openssl-1.1.1q/test/recipes/15-test_ecparam_data/valid/prime239v1-explicit.pem
openssl-1.1.1q/test/recipes/15-test_ecparam_data/valid/prime239v1-named.pem
openssl-1.1.1q/test/recipes/15-test_ecparam_data/valid/prime239v2-explicit.pem
openssl-1.1.1q/test/recipes/15-test_ecparam_data/valid/prime239v2-named.pem
openssl-1.1.1q/test/recipes/15-test_ecparam_data/valid/prime239v3-explicit.pem
openssl-1.1.1q/test/recipes/15-test_ecparam_data/valid/prime239v3-named.pem
openssl-1.1.1q/test/recipes/15-test_ecparam_data/valid/prime256v1-explicit.pem
openssl-1.1.1q/test/recipes/15-test_ecparam_data/valid/prime256v1-named.pem
openssl-1.1.1q/test/recipes/15-test_ecparam_data/valid/secp112r1-explicit.pem
openssl-1.1.1q/test/recipes/15-test_ecparam_data/valid/secp112r1-named.pem
openssl-1.1.1q/test/recipes/15-test_ecparam_data/valid/secp112r2-explicit.pem
openssl-1.1.1q/test/recipes/15-test_ecparam_data/valid/secp112r2-named.pem
openssl-1.1.1q/test/recipes/15-test_ecparam_data/valid/secp128r1-explicit.pem
openssl-1.1.1q/test/recipes/15-test_ecparam_data/valid/secp128r1-named.pem
openssl-1.1.1q/test/recipes/15-test_ecparam_data/valid/secp128r2-explicit.pem
openssl-1.1.1q/test/recipes/15-test_ecparam_data/valid/secp128r2-named.pem
openssl-1.1.1q/test/recipes/15-test_ecparam_data/valid/secp160k1-explicit.pem
openssl-1.1.1q/test/recipes/15-test_ecparam_data/valid/secp160k1-named.pem
openssl-1.1.1q/test/recipes/15-test_ecparam_data/valid/secp160r1-explicit.pem
openssl-1.1.1q/test/recipes/15-test_ecparam_data/valid/secp160r1-named.pem
openssl-1.1.1q/test/recipes/15-test_ecparam_data/valid/secp160r2-explicit.pem
openssl-1.1.1q/test/recipes/15-test_ecparam_data/valid/secp160r2-named.pem
openssl-1.1.1q/test/recipes/15-test_ecparam_data/valid/secp192k1-explicit.pem
openssl-1.1.1q/test/recipes/15-test_ecparam_data/valid/secp192k1-named.pem
openssl-1.1.1q/test/recipes/15-test_ecparam_data/valid/secp224k1-explicit.pem
openssl-1.1.1q/test/recipes/15-test_ecparam_data/valid/secp224k1-named.pem
openssl-1.1.1q/test/recipes/15-test_ecparam_data/valid/secp224r1-explicit.pem
openssl-1.1.1q/test/recipes/15-test_ecparam_data/valid/secp224r1-named.pem
openssl-1.1.1q/test/recipes/15-test_ecparam_data/valid/secp256k1-explicit.pem
openssl-1.1.1q/test/recipes/15-test_ecparam_data/valid/secp256k1-named.pem
openssl-1.1.1q/test/recipes/15-test_ecparam_data/valid/secp384r1-explicit.pem
openssl-1.1.1q/test/recipes/15-test_ecparam_data/valid/secp384r1-named.pem
openssl-1.1.1q/test/recipes/15-test_ecparam_data/valid/secp521r1-explicit.pem
openssl-1.1.1q/test/recipes/15-test_ecparam_data/valid/secp521r1-named.pem
openssl-1.1.1q/test/recipes/15-test_ecparam_data/valid/sect113r1-explicit.pem
openssl-1.1.1q/test/recipes/15-test_ecparam_data/valid/sect113r1-named.pem
openssl-1.1.1q/test/recipes/15-test_ecparam_data/valid/sect113r2-explicit.pem
openssl-1.1.1q/test/recipes/15-test_ecparam_data/valid/sect113r2-named.pem
openssl-1.1.1q/test/recipes/15-test_ecparam_data/valid/sect131r1-explicit.pem
openssl-1.1.1q/test/recipes/15-test_ecparam_data/valid/sect131r1-named.pem
openssl-1.1.1q/test/recipes/15-test_ecparam_data/valid/sect131r2-explicit.pem
openssl-1.1.1q/test/recipes/15-test_ecparam_data/valid/sect131r2-named.pem
openssl-1.1.1q/test/recipes/15-test_ecparam_data/valid/sect163k1-explicit.pem
openssl-1.1.1q/test/recipes/15-test_ecparam_data/valid/sect163k1-named.pem
openssl-1.1.1q/test/recipes/15-test_ecparam_data/valid/sect163r1-explicit.pem
openssl-1.1.1q/test/recipes/15-test_ecparam_data/valid/sect163r1-named.pem
openssl-1.1.1q/test/recipes/15-test_ecparam_data/valid/sect163r2-explicit.pem
openssl-1.1.1q/test/recipes/15-test_ecparam_data/valid/sect163r2-named.pem
openssl-1.1.1q/test/recipes/15-test_ecparam_data/valid/sect193r1-explicit.pem
openssl-1.1.1q/test/recipes/15-test_ecparam_data/valid/sect193r1-named.pem
openssl-1.1.1q/test/recipes/15-test_ecparam_data/valid/sect193r2-explicit.pem
openssl-1.1.1q/test/recipes/15-test_ecparam_data/valid/sect193r2-named.pem
openssl-1.1.1q/test/recipes/15-test_ecparam_data/valid/sect233k1-explicit.pem
openssl-1.1.1q/test/recipes/15-test_ecparam_data/valid/sect233k1-named.pem
openssl-1.1.1q/test/recipes/15-test_ecparam_data/valid/sect233r1-explicit.pem
openssl-1.1.1q/test/recipes/15-test_ecparam_data/valid/sect233r1-named.pem
openssl-1.1.1q/test/recipes/15-test_ecparam_data/valid/sect239k1-explicit.pem
openssl-1.1.1q/test/recipes/15-test_ecparam_data/valid/sect239k1-named.pem
openssl-1.1.1q/test/recipes/15-test_ecparam_data/valid/sect283k1-explicit.pem
openssl-1.1.1q/test/recipes/15-test_ecparam_data/valid/sect283k1-named.pem
openssl-1.1.1q/test/recipes/15-test_ecparam_data/valid/sect283r1-explicit.pem
openssl-1.1.1q/test/recipes/15-test_ecparam_data/valid/sect283r1-named.pem
openssl-1.1.1q/test/recipes/15-test_ecparam_data/valid/sect409k1-explicit.pem
openssl-1.1.1q/test/recipes/15-test_ecparam_data/valid/sect409k1-named.pem
openssl-1.1.1q/test/recipes/15-test_ecparam_data/valid/sect409r1-explicit.pem
openssl-1.1.1q/test/recipes/15-test_ecparam_data/valid/sect409r1-named.pem
openssl-1.1.1q/test/recipes/15-test_ecparam_data/valid/sect571k1-explicit.pem
openssl-1.1.1q/test/recipes/15-test_ecparam_data/valid/sect571k1-named.pem
openssl-1.1.1q/test/recipes/15-test_ecparam_data/valid/sect571r1-explicit.pem
openssl-1.1.1q/test/recipes/15-test_ecparam_data/valid/sect571r1-named.pem
openssl-1.1.1q/test/recipes/15-test_ecparam_data/valid/wap-wsg-idm-ecid-wtls1-explicit.pem
openssl-1.1.1q/test/recipes/15-test_ecparam_data/valid/wap-wsg-idm-ecid-wtls1-named.pem
openssl-1.1.1q/test/recipes/15-test_ecparam_data/valid/wap-wsg-idm-ecid-wtls10-explicit.pem
openssl-1.1.1q/test/recipes/15-test_ecparam_data/valid/wap-wsg-idm-ecid-wtls10-named.pem
openssl-1.1.1q/test/recipes/15-test_ecparam_data/valid/wap-wsg-idm-ecid-wtls11-explicit.pem
openssl-1.1.1q/test/recipes/15-test_ecparam_data/valid/wap-wsg-idm-ecid-wtls11-named.pem
openssl-1.1.1q/test/recipes/15-test_ecparam_data/valid/wap-wsg-idm-ecid-wtls12-explicit.pem
openssl-1.1.1q/test/recipes/15-test_ecparam_data/valid/wap-wsg-idm-ecid-wtls12-named.pem
openssl-1.1.1q/test/recipes/15-test_ecparam_data/valid/wap-wsg-idm-ecid-wtls3-explicit.pem
openssl-1.1.1q/test/recipes/15-test_ecparam_data/valid/wap-wsg-idm-ecid-wtls3-named.pem
openssl-1.1.1q/test/recipes/15-test_ecparam_data/valid/wap-wsg-idm-ecid-wtls4-explicit.pem
openssl-1.1.1q/test/recipes/15-test_ecparam_data/valid/wap-wsg-idm-ecid-wtls4-named.pem
openssl-1.1.1q/test/recipes/15-test_ecparam_data/valid/wap-wsg-idm-ecid-wtls5-explicit.pem
openssl-1.1.1q/test/recipes/15-test_ecparam_data/valid/wap-wsg-idm-ecid-wtls5-named.pem
openssl-1.1.1q/test/recipes/15-test_ecparam_data/valid/wap-wsg-idm-ecid-wtls6-explicit.pem
openssl-1.1.1q/test/recipes/15-test_ecparam_data/valid/wap-wsg-idm-ecid-wtls6-named.pem
openssl-1.1.1q/test/recipes/15-test_ecparam_data/valid/wap-wsg-idm-ecid-wtls7-explicit.pem
openssl-1.1.1q/test/recipes/15-test_ecparam_data/valid/wap-wsg-idm-ecid-wtls7-named.pem
openssl-1.1.1q/test/recipes/15-test_ecparam_data/valid/wap-wsg-idm-ecid-wtls8-explicit.pem
openssl-1.1.1q/test/recipes/15-test_ecparam_data/valid/wap-wsg-idm-ecid-wtls8-named.pem
openssl-1.1.1q/test/recipes/15-test_ecparam_data/valid/wap-wsg-idm-ecid-wtls9-explicit.pem
openssl-1.1.1q/test/recipes/15-test_ecparam_data/valid/wap-wsg-idm-ecid-wtls9-named.pem
openssl-1.1.1q/test/recipes/15-test_genec.t
openssl-1.1.1q/test/recipes/15-test_genrsa.t
openssl-1.1.1q/test/recipes/15-test_mp_rsa.t
openssl-1.1.1q/test/recipes/15-test_mp_rsa_data/
openssl-1.1.1q/test/recipes/15-test_mp_rsa_data/plain_text
openssl-1.1.1q/test/recipes/15-test_out_option.t
openssl-1.1.1q/test/recipes/15-test_rsa.t
openssl-1.1.1q/test/recipes/15-test_rsapss.t
openssl-1.1.1q/test/recipes/20-test_dgst.t
openssl-1.1.1q/test/recipes/20-test_enc.t
openssl-1.1.1q/test/recipes/20-test_enc_more.t
openssl-1.1.1q/test/recipes/20-test_passwd.t
openssl-1.1.1q/test/recipes/25-test_crl.t
openssl-1.1.1q/test/recipes/25-test_d2i.t
openssl-1.1.1q/test/recipes/25-test_pkcs7.t
openssl-1.1.1q/test/recipes/25-test_req.t
openssl-1.1.1q/test/recipes/25-test_sid.t
openssl-1.1.1q/test/recipes/25-test_verify.t
openssl-1.1.1q/test/recipes/25-test_x509.t
openssl-1.1.1q/test/recipes/30-test_afalg.t
openssl-1.1.1q/test/recipes/30-test_engine.t
openssl-1.1.1q/test/recipes/30-test_evp.t
openssl-1.1.1q/test/recipes/30-test_evp_data/
openssl-1.1.1q/test/recipes/30-test_evp_data/evpcase.txt
openssl-1.1.1q/test/recipes/30-test_evp_data/evpccmcavs.txt
openssl-1.1.1q/test/recipes/30-test_evp_data/evpciph.txt
openssl-1.1.1q/test/recipes/30-test_evp_data/evpdigest.txt
openssl-1.1.1q/test/recipes/30-test_evp_data/evpencod.txt
openssl-1.1.1q/test/recipes/30-test_evp_data/evpkdf.txt
openssl-1.1.1q/test/recipes/30-test_evp_data/evpmac.txt
openssl-1.1.1q/test/recipes/30-test_evp_data/evppbe.txt
openssl-1.1.1q/test/recipes/30-test_evp_data/evppkey.txt
openssl-1.1.1q/test/recipes/30-test_evp_data/evppkey_ecc.txt
openssl-1.1.1q/test/recipes/30-test_evp_extra.t
openssl-1.1.1q/test/recipes/30-test_pbelu.t
openssl-1.1.1q/test/recipes/30-test_pkey_meth.t
openssl-1.1.1q/test/recipes/30-test_pkey_meth_kdf.t
openssl-1.1.1q/test/recipes/40-test_rehash.t
openssl-1.1.1q/test/recipes/60-test_x509_check_cert_pkey.t
openssl-1.1.1q/test/recipes/60-test_x509_dup_cert.t
openssl-1.1.1q/test/recipes/60-test_x509_store.t
openssl-1.1.1q/test/recipes/60-test_x509_time.t
openssl-1.1.1q/test/recipes/70-test_asyncio.t
openssl-1.1.1q/test/recipes/70-test_bad_dtls.t
openssl-1.1.1q/test/recipes/70-test_clienthello.t
openssl-1.1.1q/test/recipes/70-test_comp.t
openssl-1.1.1q/test/recipes/70-test_key_share.t
openssl-1.1.1q/test/recipes/70-test_packet.t
openssl-1.1.1q/test/recipes/70-test_recordlen.t
openssl-1.1.1q/test/recipes/70-test_renegotiation.t
openssl-1.1.1q/test/recipes/70-test_servername.t
openssl-1.1.1q/test/recipes/70-test_sslcbcpadding.t
openssl-1.1.1q/test/recipes/70-test_sslcertstatus.t
openssl-1.1.1q/test/recipes/70-test_sslextension.t
openssl-1.1.1q/test/recipes/70-test_sslmessages.t
openssl-1.1.1q/test/recipes/70-test_sslrecords.t
openssl-1.1.1q/test/recipes/70-test_sslsessiontick.t
openssl-1.1.1q/test/recipes/70-test_sslsigalgs.t
openssl-1.1.1q/test/recipes/70-test_sslsignature.t
openssl-1.1.1q/test/recipes/70-test_sslskewith0p.t
openssl-1.1.1q/test/recipes/70-test_sslversions.t
openssl-1.1.1q/test/recipes/70-test_sslvertol.t
openssl-1.1.1q/test/recipes/70-test_tls13alerts.t
openssl-1.1.1q/test/recipes/70-test_tls13cookie.t
openssl-1.1.1q/test/recipes/70-test_tls13downgrade.t
openssl-1.1.1q/test/recipes/70-test_tls13hrr.t
openssl-1.1.1q/test/recipes/70-test_tls13kexmodes.t
openssl-1.1.1q/test/recipes/70-test_tls13messages.t
openssl-1.1.1q/test/recipes/70-test_tls13psk.t
openssl-1.1.1q/test/recipes/70-test_tlsextms.t
openssl-1.1.1q/test/recipes/70-test_verify_extra.t
openssl-1.1.1q/test/recipes/70-test_wpacket.t
openssl-1.1.1q/test/recipes/80-test_ca.t
openssl-1.1.1q/test/recipes/80-test_cipherbytes.t
openssl-1.1.1q/test/recipes/80-test_cipherlist.t
openssl-1.1.1q/test/recipes/80-test_ciphername.t
openssl-1.1.1q/test/recipes/80-test_cms.t
openssl-1.1.1q/test/recipes/80-test_cms_data/
openssl-1.1.1q/test/recipes/80-test_cms_data/bad_signtime_attr.cms
openssl-1.1.1q/test/recipes/80-test_cms_data/ct_multiple_attr.cms
openssl-1.1.1q/test/recipes/80-test_cms_data/no_ct_attr.cms
openssl-1.1.1q/test/recipes/80-test_cms_data/no_md_attr.cms
openssl-1.1.1q/test/recipes/80-test_cmsapi.t
openssl-1.1.1q/test/recipes/80-test_ct.t
openssl-1.1.1q/test/recipes/80-test_dane.t
openssl-1.1.1q/test/recipes/80-test_dtls.t
openssl-1.1.1q/test/recipes/80-test_dtls_mtu.t
openssl-1.1.1q/test/recipes/80-test_dtlsv1listen.t
openssl-1.1.1q/test/recipes/80-test_ocsp.t
openssl-1.1.1q/test/recipes/80-test_ocsp_data/
openssl-1.1.1q/test/recipes/80-test_ocsp_data/cert.pem
openssl-1.1.1q/test/recipes/80-test_ocsp_data/key.pem
openssl-1.1.1q/test/recipes/80-test_pkcs12.t
openssl-1.1.1q/test/recipes/80-test_ssl_new.t
openssl-1.1.1q/test/recipes/80-test_ssl_old.t
openssl-1.1.1q/test/recipes/80-test_ssl_test_ctx.t
openssl-1.1.1q/test/recipes/80-test_sslcorrupt.t
openssl-1.1.1q/test/recipes/80-test_tsa.t
openssl-1.1.1q/test/recipes/80-test_x509aux.t
openssl-1.1.1q/test/recipes/90-test_asn1_time.t
openssl-1.1.1q/test/recipes/90-test_async.t
openssl-1.1.1q/test/recipes/90-test_bio_enc.t
openssl-1.1.1q/test/recipes/90-test_bio_memleak.t
openssl-1.1.1q/test/recipes/90-test_constant_time.t
openssl-1.1.1q/test/recipes/90-test_fatalerr.t
openssl-1.1.1q/test/recipes/90-test_gmdiff.t
openssl-1.1.1q/test/recipes/90-test_gost.t
openssl-1.1.1q/test/recipes/90-test_gost_data/
openssl-1.1.1q/test/recipes/90-test_gost_data/gost.conf
openssl-1.1.1q/test/recipes/90-test_gost_data/server-cert2001.pem
openssl-1.1.1q/test/recipes/90-test_gost_data/server-cert2012.pem
openssl-1.1.1q/test/recipes/90-test_gost_data/server-key2001.pem
openssl-1.1.1q/test/recipes/90-test_gost_data/server-key2012.pem
openssl-1.1.1q/test/recipes/90-test_ige.t
openssl-1.1.1q/test/recipes/90-test_includes.t
openssl-1.1.1q/test/recipes/90-test_includes_data/
openssl-1.1.1q/test/recipes/90-test_includes_data/conf-includes/
openssl-1.1.1q/test/recipes/90-test_includes_data/conf-includes/includes1.cnf
openssl-1.1.1q/test/recipes/90-test_includes_data/conf-includes/includes2.cnf
openssl-1.1.1q/test/recipes/90-test_includes_data/includes-broken.cnf
openssl-1.1.1q/test/recipes/90-test_includes_data/includes-eq-ws.cnf
openssl-1.1.1q/test/recipes/90-test_includes_data/includes-eq.cnf
openssl-1.1.1q/test/recipes/90-test_includes_data/includes-file.cnf
openssl-1.1.1q/test/recipes/90-test_includes_data/includes.cnf
openssl-1.1.1q/test/recipes/90-test_includes_data/vms-includes-file.cnf
openssl-1.1.1q/test/recipes/90-test_includes_data/vms-includes.cnf
openssl-1.1.1q/test/recipes/90-test_memleak.t
openssl-1.1.1q/test/recipes/90-test_overhead.t
openssl-1.1.1q/test/recipes/90-test_secmem.t
openssl-1.1.1q/test/recipes/90-test_shlibload.t
openssl-1.1.1q/test/recipes/90-test_srp.t
openssl-1.1.1q/test/recipes/90-test_sslapi.t
openssl-1.1.1q/test/recipes/90-test_sslapi_data/
openssl-1.1.1q/test/recipes/90-test_sslapi_data/passwd.txt
openssl-1.1.1q/test/recipes/90-test_sslbuffers.t
openssl-1.1.1q/test/recipes/90-test_store.t
openssl-1.1.1q/test/recipes/90-test_store_data/
openssl-1.1.1q/test/recipes/90-test_store_data/ca.cnf
openssl-1.1.1q/test/recipes/90-test_store_data/user.cnf
openssl-1.1.1q/test/recipes/90-test_sysdefault.t
openssl-1.1.1q/test/recipes/90-test_threads.t
openssl-1.1.1q/test/recipes/90-test_time_offset.t
openssl-1.1.1q/test/recipes/90-test_tls13ccs.t
openssl-1.1.1q/test/recipes/90-test_tls13encryption.t
openssl-1.1.1q/test/recipes/90-test_tls13secrets.t
openssl-1.1.1q/test/recipes/90-test_v3name.t
openssl-1.1.1q/test/recipes/95-test_external_boringssl.t
openssl-1.1.1q/test/recipes/95-test_external_krb5.t
openssl-1.1.1q/test/recipes/95-test_external_krb5_data/
openssl-1.1.1q/test/recipes/95-test_external_krb5_data/krb5.sh
openssl-1.1.1q/test/recipes/95-test_external_pyca.t
openssl-1.1.1q/test/recipes/95-test_external_pyca_data/
openssl-1.1.1q/test/recipes/95-test_external_pyca_data/cryptography.sh
openssl-1.1.1q/test/recipes/99-test_ecstress.t
openssl-1.1.1q/test/recipes/99-test_fuzz.t
openssl-1.1.1q/test/recipes/ocsp-response.der
openssl-1.1.1q/test/recipes/tconversion.pl
openssl-1.1.1q/test/recordlentest.c
openssl-1.1.1q/test/rsa_complex.c
openssl-1.1.1q/test/rsa_mp_test.c
openssl-1.1.1q/test/rsa_test.c
openssl-1.1.1q/test/run_tests.pl
openssl-1.1.1q/test/sanitytest.c
openssl-1.1.1q/test/secmemtest.c
openssl-1.1.1q/test/serverinfo.pem
openssl-1.1.1q/test/serverinfo2.pem
openssl-1.1.1q/test/servername_test.c
openssl-1.1.1q/test/session.pem
openssl-1.1.1q/test/shibboleth.pfx
openssl-1.1.1q/test/shlibloadtest.c
openssl-1.1.1q/test/siphash_internal_test.c
openssl-1.1.1q/test/sm2_internal_test.c
openssl-1.1.1q/test/sm4_internal_test.c
openssl-1.1.1q/test/smcont.txt
openssl-1.1.1q/test/smime-certs/
openssl-1.1.1q/test/smime-certs/ca.cnf
openssl-1.1.1q/test/smime-certs/mksmime-certs.sh
openssl-1.1.1q/test/smime-certs/smdh.pem
openssl-1.1.1q/test/smime-certs/smdsa1.pem
openssl-1.1.1q/test/smime-certs/smdsa2.pem
openssl-1.1.1q/test/smime-certs/smdsa3.pem
openssl-1.1.1q/test/smime-certs/smdsap.pem
openssl-1.1.1q/test/smime-certs/smec1.pem
openssl-1.1.1q/test/smime-certs/smec2.pem
openssl-1.1.1q/test/smime-certs/smec3.pem
openssl-1.1.1q/test/smime-certs/smroot.pem
openssl-1.1.1q/test/smime-certs/smrsa1.pem
openssl-1.1.1q/test/smime-certs/smrsa2.pem
openssl-1.1.1q/test/smime-certs/smrsa3.pem
openssl-1.1.1q/test/srptest.c
openssl-1.1.1q/test/ssl-tests/
openssl-1.1.1q/test/ssl-tests/01-simple.conf
openssl-1.1.1q/test/ssl-tests/01-simple.conf.in
openssl-1.1.1q/test/ssl-tests/02-protocol-version.conf
openssl-1.1.1q/test/ssl-tests/02-protocol-version.conf.in
openssl-1.1.1q/test/ssl-tests/03-custom_verify.conf
openssl-1.1.1q/test/ssl-tests/03-custom_verify.conf.in
openssl-1.1.1q/test/ssl-tests/04-client_auth.conf
openssl-1.1.1q/test/ssl-tests/04-client_auth.conf.in
openssl-1.1.1q/test/ssl-tests/05-sni.conf
openssl-1.1.1q/test/ssl-tests/05-sni.conf.in
openssl-1.1.1q/test/ssl-tests/06-sni-ticket.conf
openssl-1.1.1q/test/ssl-tests/06-sni-ticket.conf.in
openssl-1.1.1q/test/ssl-tests/07-dtls-protocol-version.conf
openssl-1.1.1q/test/ssl-tests/07-dtls-protocol-version.conf.in
openssl-1.1.1q/test/ssl-tests/08-npn.conf
openssl-1.1.1q/test/ssl-tests/08-npn.conf.in
openssl-1.1.1q/test/ssl-tests/09-alpn.conf
openssl-1.1.1q/test/ssl-tests/09-alpn.conf.in
openssl-1.1.1q/test/ssl-tests/10-resumption.conf
openssl-1.1.1q/test/ssl-tests/10-resumption.conf.in
openssl-1.1.1q/test/ssl-tests/11-dtls_resumption.conf
openssl-1.1.1q/test/ssl-tests/11-dtls_resumption.conf.in
openssl-1.1.1q/test/ssl-tests/12-ct.conf
openssl-1.1.1q/test/ssl-tests/12-ct.conf.in
openssl-1.1.1q/test/ssl-tests/13-fragmentation.conf
openssl-1.1.1q/test/ssl-tests/13-fragmentation.conf.in
openssl-1.1.1q/test/ssl-tests/14-curves.conf
openssl-1.1.1q/test/ssl-tests/14-curves.conf.in
openssl-1.1.1q/test/ssl-tests/15-certstatus.conf
openssl-1.1.1q/test/ssl-tests/15-certstatus.conf.in
openssl-1.1.1q/test/ssl-tests/16-dtls-certstatus.conf
openssl-1.1.1q/test/ssl-tests/16-dtls-certstatus.conf.in
openssl-1.1.1q/test/ssl-tests/17-renegotiate.conf
openssl-1.1.1q/test/ssl-tests/17-renegotiate.conf.in
openssl-1.1.1q/test/ssl-tests/18-dtls-renegotiate.conf
openssl-1.1.1q/test/ssl-tests/18-dtls-renegotiate.conf.in
openssl-1.1.1q/test/ssl-tests/19-mac-then-encrypt.conf
openssl-1.1.1q/test/ssl-tests/19-mac-then-encrypt.conf.in
openssl-1.1.1q/test/ssl-tests/20-cert-select.conf
openssl-1.1.1q/test/ssl-tests/20-cert-select.conf.in
openssl-1.1.1q/test/ssl-tests/21-key-update.conf
openssl-1.1.1q/test/ssl-tests/21-key-update.conf.in
openssl-1.1.1q/test/ssl-tests/22-compression.conf
openssl-1.1.1q/test/ssl-tests/22-compression.conf.in
openssl-1.1.1q/test/ssl-tests/23-srp.conf
openssl-1.1.1q/test/ssl-tests/23-srp.conf.in
openssl-1.1.1q/test/ssl-tests/24-padding.conf
openssl-1.1.1q/test/ssl-tests/24-padding.conf.in
openssl-1.1.1q/test/ssl-tests/25-cipher.conf
openssl-1.1.1q/test/ssl-tests/25-cipher.conf.in
openssl-1.1.1q/test/ssl-tests/26-tls13_client_auth.conf
openssl-1.1.1q/test/ssl-tests/26-tls13_client_auth.conf.in
openssl-1.1.1q/test/ssl-tests/27-ticket-appdata.conf
openssl-1.1.1q/test/ssl-tests/27-ticket-appdata.conf.in
openssl-1.1.1q/test/ssl-tests/28-seclevel.conf
openssl-1.1.1q/test/ssl-tests/28-seclevel.conf.in
openssl-1.1.1q/test/ssl-tests/29-dtls-sctp-label-bug.conf
openssl-1.1.1q/test/ssl-tests/29-dtls-sctp-label-bug.conf.in
openssl-1.1.1q/test/ssl-tests/30-supported-groups.conf
openssl-1.1.1q/test/ssl-tests/30-supported-groups.conf.in
openssl-1.1.1q/test/ssl-tests/protocol_version.pm
openssl-1.1.1q/test/ssl-tests/ssltests_base.pm
openssl-1.1.1q/test/ssl_cert_table_internal_test.c
openssl-1.1.1q/test/ssl_ctx_test.c
openssl-1.1.1q/test/ssl_test.c
openssl-1.1.1q/test/ssl_test.tmpl
openssl-1.1.1q/test/ssl_test_ctx.c
openssl-1.1.1q/test/ssl_test_ctx.h
openssl-1.1.1q/test/ssl_test_ctx_test.c
openssl-1.1.1q/test/ssl_test_ctx_test.conf
openssl-1.1.1q/test/sslapitest.c
openssl-1.1.1q/test/sslbuffertest.c
openssl-1.1.1q/test/sslcorrupttest.c
openssl-1.1.1q/test/ssltest_old.c
openssl-1.1.1q/test/ssltestlib.c
openssl-1.1.1q/test/ssltestlib.h
openssl-1.1.1q/test/stack_test.c
openssl-1.1.1q/test/sysdefault.cnf
openssl-1.1.1q/test/sysdefaulttest.c
openssl-1.1.1q/test/test.cnf
openssl-1.1.1q/test/test_test.c
openssl-1.1.1q/test/testcrl.pem
openssl-1.1.1q/test/testdsa.pem
openssl-1.1.1q/test/testdsapub.pem
openssl-1.1.1q/test/testec-p256.pem
openssl-1.1.1q/test/testecpub-p256.pem
openssl-1.1.1q/test/tested25519.pem
openssl-1.1.1q/test/tested25519pub.pem
openssl-1.1.1q/test/tested448.pem
openssl-1.1.1q/test/tested448pub.pem
openssl-1.1.1q/test/testp7.pem
openssl-1.1.1q/test/testreq2.pem
openssl-1.1.1q/test/testrsa.pem
openssl-1.1.1q/test/testrsa_withattrs.der
openssl-1.1.1q/test/testrsa_withattrs.pem
openssl-1.1.1q/test/testrsapub.pem
openssl-1.1.1q/test/testsid.pem
openssl-1.1.1q/test/testutil.h
openssl-1.1.1q/test/testutil/
openssl-1.1.1q/test/testutil/basic_output.c
openssl-1.1.1q/test/testutil/cb.c
openssl-1.1.1q/test/testutil/driver.c
openssl-1.1.1q/test/testutil/format_output.c
openssl-1.1.1q/test/testutil/main.c
openssl-1.1.1q/test/testutil/output.h
openssl-1.1.1q/test/testutil/output_helpers.c
openssl-1.1.1q/test/testutil/random.c
openssl-1.1.1q/test/testutil/stanza.c
openssl-1.1.1q/test/testutil/tap_bio.c
openssl-1.1.1q/test/testutil/test_cleanup.c
openssl-1.1.1q/test/testutil/tests.c
openssl-1.1.1q/test/testutil/testutil_init.c
openssl-1.1.1q/test/testutil/tu_local.h
openssl-1.1.1q/test/testx509.pem
openssl-1.1.1q/test/threadstest.c
openssl-1.1.1q/test/time_offset_test.c
openssl-1.1.1q/test/tls13ccstest.c
openssl-1.1.1q/test/tls13encryptiontest.c
openssl-1.1.1q/test/tls13secretstest.c
openssl-1.1.1q/test/uitest.c
openssl-1.1.1q/test/v3-cert1.pem
openssl-1.1.1q/test/v3-cert2.pem
openssl-1.1.1q/test/v3ext.c
openssl-1.1.1q/test/v3nametest.c
openssl-1.1.1q/test/verify_extra_test.c
openssl-1.1.1q/test/versions.c
openssl-1.1.1q/test/wpackettest.c
openssl-1.1.1q/test/x509_check_cert_pkey_test.c
openssl-1.1.1q/test/x509_dup_cert_test.c
openssl-1.1.1q/test/x509_internal_test.c
openssl-1.1.1q/test/x509_time_test.c
openssl-1.1.1q/test/x509aux.c
openssl-1.1.1q/tools/
openssl-1.1.1q/tools/build.info
openssl-1.1.1q/tools/c_rehash.in
openssl-1.1.1q/util/
openssl-1.1.1q/util/add-depends.pl
openssl-1.1.1q/util/build.info
openssl-1.1.1q/util/cavs-to-evptest.pl
openssl-1.1.1q/util/check-malloc-errs
openssl-1.1.1q/util/ck_errf.pl
openssl-1.1.1q/util/copy.pl
openssl-1.1.1q/util/dofile.pl
openssl-1.1.1q/util/echo.pl
openssl-1.1.1q/util/find-doc-nits
openssl-1.1.1q/util/find-unused-errs
openssl-1.1.1q/util/fix-includes
openssl-1.1.1q/util/fix-includes.sed
openssl-1.1.1q/util/indent.pro
openssl-1.1.1q/util/libcrypto.num
openssl-1.1.1q/util/libssl.num
openssl-1.1.1q/util/local_shlib.com.in
openssl-1.1.1q/util/mkbuildinf.pl
openssl-1.1.1q/util/mkdef.pl
openssl-1.1.1q/util/mkdir-p.pl
openssl-1.1.1q/util/mkerr.pl
openssl-1.1.1q/util/mkrc.pl
openssl-1.1.1q/util/openssl-format-source
openssl-1.1.1q/util/openssl-update-copyright
openssl-1.1.1q/util/opensslwrap.sh
openssl-1.1.1q/util/perl/
openssl-1.1.1q/util/perl/OpenSSL/
openssl-1.1.1q/util/perl/OpenSSL/Glob.pm
openssl-1.1.1q/util/perl/OpenSSL/Test.pm
openssl-1.1.1q/util/perl/OpenSSL/Test/
openssl-1.1.1q/util/perl/OpenSSL/Test/Simple.pm
openssl-1.1.1q/util/perl/OpenSSL/Test/Utils.pm
openssl-1.1.1q/util/perl/OpenSSL/Util/
openssl-1.1.1q/util/perl/OpenSSL/Util/Pod.pm
openssl-1.1.1q/util/perl/TLSProxy/
openssl-1.1.1q/util/perl/TLSProxy/Alert.pm
openssl-1.1.1q/util/perl/TLSProxy/Certificate.pm
openssl-1.1.1q/util/perl/TLSProxy/CertificateRequest.pm
openssl-1.1.1q/util/perl/TLSProxy/CertificateVerify.pm
openssl-1.1.1q/util/perl/TLSProxy/ClientHello.pm
openssl-1.1.1q/util/perl/TLSProxy/EncryptedExtensions.pm
openssl-1.1.1q/util/perl/TLSProxy/Message.pm
openssl-1.1.1q/util/perl/TLSProxy/NewSessionTicket.pm
openssl-1.1.1q/util/perl/TLSProxy/Proxy.pm
openssl-1.1.1q/util/perl/TLSProxy/Record.pm
openssl-1.1.1q/util/perl/TLSProxy/ServerHello.pm
openssl-1.1.1q/util/perl/TLSProxy/ServerKeyExchange.pm
openssl-1.1.1q/util/perl/checkhandshake.pm
openssl-1.1.1q/util/perl/with_fallback.pm
openssl-1.1.1q/util/private.num
openssl-1.1.1q/util/process_docs.pl
openssl-1.1.1q/util/shlib_wrap.sh.in
openssl-1.1.1q/util/su-filter.pl
openssl-1.1.1q/util/unlocal_shlib.com.in
openssl-1.1.1q/wycheproof/
+ cd openssl-1.1.1q
+ CC='x86_64-linux-musl-gcc -static'
+ ./Configure no-shared linux-x86_64
Configuring OpenSSL version 1.1.1q (0x1010111fL) for linux-x86_64
Using os-specific seed configuration
Creating configdata.pm
Creating Makefile

**********************************************************************
***                                                                ***
***   OpenSSL has been successfully configured                     ***
***                                                                ***
***   If you encounter a problem while building, please open an    ***
***   issue on GitHub <https://github.com/openssl/openssl/issues>  ***
***   and include the output from the following command:           ***
***                                                                ***
***       perl configdata.pm --dump                                ***
***                                                                ***
***   (If you are new to OpenSSL, you might want to consult the    ***
***   'Troubleshooting' section in the INSTALL file first)         ***
***                                                                ***
**********************************************************************
+ make
perl "-I." -Mconfigdata "util/dofile.pl" \
    "-oMakefile" include/crypto/bn_conf.h.in > include/crypto/bn_conf.h
perl "-I." -Mconfigdata "util/dofile.pl" \
    "-oMakefile" include/crypto/dso_conf.h.in > include/crypto/dso_conf.h
perl "-I." -Mconfigdata "util/dofile.pl" \
    "-oMakefile" include/openssl/opensslconf.h.in > include/openssl/opensslconf.h
make depend && make _all
make[1]: Entering directory '/build/openssl-1.1.1q'
make[1]: Leaving directory '/build/openssl-1.1.1q'
make[1]: Entering directory '/build/openssl-1.1.1q'
x86_64-linux-musl-gcc -static  -I. -Iinclude -fPIC -pthread -m64 -Wall -O3 -DOPENSSL_USE_NODELETE -DL_ENDIAN -DOPENSSL_PIC -DOPENSSL_CPUID_OBJ -DOPENSSL_IA32_SSE2 -DOPENSSL_BN_ASM_MONT -DOPENSSL_BN_ASM_MONT5 -DOPENSSL_BN_ASM_GF2m -DSHA1_ASM -DSHA256_ASM -DSHA512_ASM -DKECCAK1600_ASM -DRC4_ASM -DMD5_ASM -DAESNI_ASM -DVPAES_ASM -DGHASH_ASM -DECP_NISTZ256_ASM -DX25519_ASM -DPOLY1305_ASM -DOPENSSLDIR="\"/usr/local/ssl\"" -DENGINESDIR="\"/usr/local/lib/engines-1.1\"" -DNDEBUG   -c -o apps/app_rand.o apps/app_rand.c
/bin/sh: x86_64-linux-musl-gcc: not found
make[1]: *** [Makefile:671: apps/app_rand.o] Error 127
make[1]: Leaving directory '/build/openssl-1.1.1q'
make: *** [Makefile:172: all] Error 2
